Component: ARM Compiler 6.16 Tool: armlink [5dfeaa00]

==============================================================================

Section Cross References

    main.o(.text.HAL_GetTick) refers to rtx_kernel.o(.text.osKernelGetState) for osKernelGetState
    main.o(.text.HAL_GetTick) refers to rtx_kernel.o(.text.osKernelGetTickCount) for osKernelGetTickCount
    main.o(.text.HAL_GetTick) refers to system_stm32f4xx.o(.data.SystemCoreClock) for SystemCoreClock
    main.o(.text.HAL_GetTick) refers to main.o(.bss.HAL_GetTick.ticks) for HAL_GetTick.ticks
    main.o(.ARM.exidx.text.HAL_GetTick) refers to main.o(.text.HAL_GetTick) for [Anonymous Symbol]
    main.o(.text.main) refers to stm32f4xx_hal.o(.text.HAL_Init) for HAL_Init
    main.o(.text.main) refers to main.o(.text.SystemClock_Config) for SystemClock_Config
    main.o(.text.main) refers to system_stm32f4xx.o(.text.SystemCoreClockUpdate) for SystemCoreClockUpdate
    main.o(.text.main) refers to rtx_kernel.o(.text.osKernelInitialize) for osKernelInitialize
    main.o(.text.main) refers to principal.o(.text.Init_Principal) for Init_Principal
    main.o(.text.main) refers to rtx_kernel.o(.text.osKernelStart) for osKernelStart
    main.o(.ARM.exidx.text.main) refers to main.o(.text.main) for [Anonymous Symbol]
    main.o(.text.SystemClock_Config) refers to stm32f4xx_hal_rcc.o(.text.HAL_RCC_OscConfig) for HAL_RCC_OscConfig
    main.o(.text.SystemClock_Config) refers to stm32f4xx_hal_rcc.o(.text.HAL_RCC_ClockConfig) for HAL_RCC_ClockConfig
    main.o(.text.SystemClock_Config) refers to stm32f4xx_hal.o(.text.HAL_GetREVID) for HAL_GetREVID
    main.o(.ARM.exidx.text.SystemClock_Config) refers to main.o(.text.SystemClock_Config) for [Anonymous Symbol]
    clock.o(.text.Init_Clock) refers to clock.o(.bss.exec_clock) for exec_clock
    clock.o(.text.Init_Clock) refers to clock.o(.text.TimerClock_Callback) for TimerClock_Callback
    clock.o(.text.Init_Clock) refers to rtx_timer.o(.text.osTimerNew) for osTimerNew
    clock.o(.text.Init_Clock) refers to clock.o(.bss.tim_id_clock) for tim_id_clock
    clock.o(.text.Init_Clock) refers to clock.o(.text.Thread_Clock) for Thread_Clock
    clock.o(.text.Init_Clock) refers to rtx_thread.o(.text.osThreadNew) for osThreadNew
    clock.o(.text.Init_Clock) refers to clock.o(.bss.tid_Clock) for tid_Clock
    clock.o(.ARM.exidx.text.Init_Clock) refers to clock.o(.text.Init_Clock) for [Anonymous Symbol]
    clock.o(.text.TimerClock_Callback) refers to clock.o(.bss.segundos) for segundos
    clock.o(.ARM.exidx.text.TimerClock_Callback) refers to clock.o(.text.TimerClock_Callback) for [Anonymous Symbol]
    clock.o(.text.Thread_Clock) refers to clock.o(.bss.tim_id_clock) for tim_id_clock
    clock.o(.text.Thread_Clock) refers to rtx_timer.o(.text.osTimerStart) for osTimerStart
    clock.o(.text.Thread_Clock) refers to clock.o(.bss.segundos) for segundos
    clock.o(.text.Thread_Clock) refers to clock.o(.bss.minutos) for minutos
    clock.o(.text.Thread_Clock) refers to clock.o(.bss.horas) for horas
    clock.o(.text.Thread_Clock) refers to rtx_thread.o(.text.osThreadYield) for osThreadYield
    clock.o(.ARM.exidx.text.Thread_Clock) refers to clock.o(.text.Thread_Clock) for [Anonymous Symbol]
    joystick.o(.text.Init_Joystick) refers to joystick.o(.bss.Init_Joystick.GPIO_InitStruct) for Init_Joystick.GPIO_InitStruct
    joystick.o(.text.Init_Joystick) refers to stm32f4xx_hal_gpio.o(.text.HAL_GPIO_Init) for HAL_GPIO_Init
    joystick.o(.text.Init_Joystick) refers to stm32f4xx_hal_cortex.o(.text.HAL_NVIC_EnableIRQ) for HAL_NVIC_EnableIRQ
    joystick.o(.text.Init_Joystick) refers to rtx_msgqueue.o(.text.osMessageQueueNew) for osMessageQueueNew
    joystick.o(.text.Init_Joystick) refers to joystick.o(.bss.mid_JoystickQueue) for mid_JoystickQueue
    joystick.o(.text.Init_Joystick) refers to joystick.o(.bss.exec_pulsacion_corta) for exec_pulsacion_corta
    joystick.o(.text.Init_Joystick) refers to joystick.o(.text.Timer_Pulsacion_Corta_Callback) for Timer_Pulsacion_Corta_Callback
    joystick.o(.text.Init_Joystick) refers to rtx_timer.o(.text.osTimerNew) for osTimerNew
    joystick.o(.text.Init_Joystick) refers to joystick.o(.bss.tim_id_pulsacion_corta) for tim_id_pulsacion_corta
    joystick.o(.text.Init_Joystick) refers to joystick.o(.bss.exec_pulsacion_larga) for exec_pulsacion_larga
    joystick.o(.text.Init_Joystick) refers to joystick.o(.text.Timer_Pulsacion_Larga_Callback) for Timer_Pulsacion_Larga_Callback
    joystick.o(.text.Init_Joystick) refers to joystick.o(.bss.tim_id_pulsacion_larga) for tim_id_pulsacion_larga
    joystick.o(.text.Init_Joystick) refers to joystick.o(.text.Thread_Joystick) for Thread_Joystick
    joystick.o(.text.Init_Joystick) refers to rtx_thread.o(.text.osThreadNew) for osThreadNew
    joystick.o(.text.Init_Joystick) refers to joystick.o(.bss.tid_Joystick) for tid_Joystick
    joystick.o(.ARM.exidx.text.Init_Joystick) refers to joystick.o(.text.Init_Joystick) for [Anonymous Symbol]
[...]
    callbackCOM                              0x08006f1d   Thumb Code    30  com.o(.text.callbackCOM)
    clear_L1                                 0x08006f3d   Thumb Code    32  lcd.o(.text.clear_L1)
    clear_L2                                 0x08006f5d   Thumb Code    36  lcd.o(.text.clear_L2)
    main                                     0x08006f81   Thumb Code    26  main.o(.text.main)
    next_song                                0x08006f9d   Thumb Code    26  mp3.o(.text.next_song)
    osDelay                                  0x08006fb9   Thumb Code    32  rtx_delay.o(.text.osDelay)
    osKernelGetState                         0x08006fdd   Thumb Code    40  rtx_kernel.o(.text.osKernelGetState)
    osKernelGetTickCount                     0x08007009   Thumb Code    32  rtx_kernel.o(.text.osKernelGetTickCount)
    osKernelInitialize                       0x08007031   Thumb Code    40  rtx_kernel.o(.text.osKernelInitialize)
    osKernelStart                            0x0800705d   Thumb Code    32  rtx_kernel.o(.text.osKernelStart)
    osMessageQueueGet                        0x08007081   Thumb Code   108  rtx_msgqueue.o(.text.osMessageQueueGet)
    osMessageQueueNew                        0x080070f1   Thumb Code    32  rtx_msgqueue.o(.text.osMessageQueueNew)
    osMessageQueuePut                        0x08007115   Thumb Code   124  rtx_msgqueue.o(.text.osMessageQueuePut)
    osMutexAcquire                           0x08007195   Thumb Code    32  rtx_mutex.o(.text.osMutexAcquire)
    osMutexDelete                            0x080071b9   Thumb Code    32  rtx_mutex.o(.text.osMutexDelete)
    osMutexNew                               0x080071dd   Thumb Code    32  rtx_mutex.o(.text.osMutexNew)
    osMutexRelease                           0x08007201   Thumb Code    32  rtx_mutex.o(.text.osMutexRelease)
    osRtxErrorNotify                         0x08007225   Thumb Code     2  rtx_config.o(.text.osRtxErrorNotify)
    osRtxIdleThread                          0x08007229   Thumb Code     2  rtx_config.o(.text.osRtxIdleThread)
    osRtxKernelErrorNotify                   0x0800722b   Thumb Code     4  rtx_kernel.o(.text.osRtxKernelErrorNotify)
    osRtxKernelPreInit                       0x0800722f   Thumb Code     2  rtx_kernel.o(.text.osRtxKernelPreInit)
    osRtxMemoryAlloc                         0x08007231   Thumb Code   108  rtx_memory.o(.text.osRtxMemoryAlloc)
    osRtxMemoryFree                          0x0800729d   Thumb Code    66  rtx_memory.o(.text.osRtxMemoryFree)
    osRtxMemoryInit                          0x080072df   Thumb Code    54  rtx_memory.o(.text.osRtxMemoryInit)
    osRtxMemoryPoolAlloc                     0x08007315   Thumb Code    58  rtx_mempool.o(.text.osRtxMemoryPoolAlloc)
    osRtxMemoryPoolFree                      0x0800734f   Thumb Code    74  rtx_mempool.o(.text.osRtxMemoryPoolFree)
    osRtxMemoryPoolInit                      0x08007399   Thumb Code    56  rtx_mempool.o(.text.osRtxMemoryPoolInit)
    osRtxMessageQueueTimerSetup              0x0800747d   Thumb Code    32  rtx_msgqueue.o(.text.osRtxMessageQueueTimerSetup)
    osRtxMutexOwnerRelease                   0x080074a1   Thumb Code    72  rtx_mutex.o(.text.osRtxMutexOwnerRelease)
    osRtxMutexOwnerRestore                   0x080074e9   Thumb Code    66  rtx_mutex.o(.text.osRtxMutexOwnerRestore)
    osRtxPendSV_Handler                      0x0800752d   Thumb Code   136  rtx_system.o(.text.osRtxPendSV_Handler)
    osRtxPostProcess                         0x080075b5   Thumb Code   108  rtx_system.o(.text.osRtxPostProcess)
    osRtxThreadDelayTick                     0x08007711   Thumb Code    72  rtx_thread.o(.text.osRtxThreadDelayTick)
    osRtxThreadDispatch                      0x08007779   Thumb Code    80  rtx_thread.o(.text.osRtxThreadDispatch)
    osRtxThreadListGet                       0x0800783f   Thumb Code    18  rtx_thread.o(.text.osRtxThreadListGet)
    osRtxThreadListPut                       0x08007851   Thumb Code    44  rtx_thread.o(.text.osRtxThreadListPut)
    osRtxThreadListRemove                    0x0800787d   Thumb Code    20  rtx_thread.o(.text.osRtxThreadListRemove)
    osRtxThreadListSort                      0x0800789d   Thumb Code    38  rtx_thread.o(.text.osRtxThreadListSort)
    osRtxThreadReadyPut                      0x080078ed   Thumb Code    16  rtx_thread.o(.text.osRtxThreadReadyPut)
    osRtxThreadRegPtr                        0x08007901   Thumb Code     6  rtx_thread.o(.text.osRtxThreadRegPtr)
    osRtxThreadStartup                       0x08007909   Thumb Code    48  rtx_thread.o(.text.osRtxThreadStartup)
    osRtxThreadSwitch                        0x08007941   Thumb Code    12  rtx_thread.o(.text.osRtxThreadSwitch)
    osRtxThreadWaitEnter                     0x0800794d   Thumb Code    56  rtx_thread.o(.text.osRtxThreadWaitEnter)
    osRtxThreadWaitExit                      0x08007989   Thumb Code    34  rtx_thread.o(.text.osRtxThreadWaitExit)
    osRtxTick_Handler                        0x080079ad   Thumb Code   116  rtx_system.o(.text.osRtxTick_Handler)
    osRtxTimerSetup                          0x08007a21   Thumb Code    24  rtx_timer.o(.text.osRtxTimerSetup)
    osRtxTimerThread                         0x08007a41   Thumb Code    32  rtx_timer.o(.text.osRtxTimerThread)
    osThreadExit                             0x08007ad1   Thumb Code     8  rtx_thread.o(.text.osThreadExit)
    osThreadFlagsSet                         0x08007add   Thumb Code    84  rtx_thread.o(.text.osThreadFlagsSet)
    osThreadFlagsWait                        0x08007b35   Thumb Code    32  rtx_thread.o(.text.osThreadFlagsWait)
    osThreadNew                              0x08007b59   Thumb Code    32  rtx_thread.o(.text.osThreadNew)
    osThreadYield                            0x08007b7d   Thumb Code    32  rtx_thread.o(.text.osThreadYield)
    osTimerNew                               0x08007ba1   Thumb Code    32  rtx_timer.o(.text.osTimerNew)
    osTimerStart                             0x08007bc5   Thumb Code    32  rtx_timer.o(.text.osTimerStart)
    osTimerStop                              0x08007be9   Thumb Code    32  rtx_timer.o(.text.osTimerStop)
    pause                                    0x08007c2d   Thumb Code    26  mp3.o(.text.pause)
    play                                     0x08007c49   Thumb Code    26  mp3.o(.text.play)
    play_with_index                          0x08007c65   Thumb Code    30  mp3.o(.text.play_with_index)
    play_with_volume                         0x08007c85   Thumb Code    32  mp3.o(.text.play_with_volume)
    previous_song                            0x08007ca5   Thumb Code    26  mp3.o(.text.previous_song)
    reset                                    0x08007cc1   Thumb Code    36  mp3.o(.text.reset)
    resetLCD                                 0x08007ce5   Thumb Code    42  lcd.o(.text.resetLCD)
    select_device                            0x08007d11   Thumb Code    38  mp3.o(.text.select_device)
    set_volume                               0x08007d39   Thumb Code    30  mp3.o(.text.set_volume)
    sleep_mode                               0x08007d59   Thumb Code    26  mp3.o(.text.sleep_mode)
    stop_play                                0x08007d75   Thumb Code    26  mp3.o(.text.stop_play)
    wake_up                                  0x08008835   Thumb Code    26  mp3.o(.text.wake_up)
    _btod_d2e                                0x0800884f   Thumb Code    62  btod.o(CL$$btod_d2e)
    _d2e_denorm_low                          0x0800888d   Thumb Code    70  btod.o(CL$$btod_d2e_denorm_low)
    _d2e_norm_op1                            0x080088d3   Thumb Code    96  btod.o(CL$$btod_d2e_norm_op1)
    __btod_div_common                        0x08008935   Thumb Code   696  btod.o(CL$$btod_div_common)
    _e2e                                     0x08008c6d   Thumb Code   220  btod.o(CL$$btod_e2e)
    _btod_ediv                               0x08008d49   Thumb Code    42  btod.o(CL$$btod_ediv)
    _btod_emul                               0x08008d73   Thumb Code    42  btod.o(CL$$btod_emul)
    __btod_mult_common                       0x08008d9d   Thumb Code   580  btod.o(CL$$btod_mult_common)
    __ARM_fpclassify                         0x08008fe1   Thumb Code    40  fpclassify.o(i.__ARM_fpclassify)
    _is_digit                                0x08009009   Thumb Code    14  __printf_wp.o(i._is_digit)
    _get_lc_numeric                          0x08009019   Thumb Code    44  lc_numeric_c.o(locale$$code)
    __aeabi_d2f                              0x08009045   Thumb Code     0  d2f.o(x$fpl$d2f)
    _d2f                                     0x08009045   Thumb Code    98  d2f.o(x$fpl$d2f)
    __aeabi_ui2d                             0x080090a7   Thumb Code     0  dflt_clz.o(x$fpl$dfltu)
    _dfltu                                   0x080090a7   Thumb Code    38  dflt_clz.o(x$fpl$dfltu)
    __aeabi_dmul                             0x080090cd   Thumb Code     0  dmul.o(x$fpl$dmul)
    _dmul                                    0x080090cd   Thumb Code   332  dmul.o(x$fpl$dmul)
    __fpl_dnaninf                            0x08009221   Thumb Code   156  dnaninf.o(x$fpl$dnaninf)
    __fpl_dretinf                            0x080092bd   Thumb Code    12  dretinf.o(x$fpl$dretinf)
    __aeabi_f2d                              0x080092c9   Thumb Code     0  f2d.o(x$fpl$f2d)
    _f2d                                     0x080092c9   Thumb Code    86  f2d.o(x$fpl$f2d)
    __aeabi_fcmpeq                           0x0800931f   Thumb Code     0  fcmp.o(x$fpl$fcmp)
    _feq                                     0x0800931f   Thumb Code    14  fcmp.o(x$fpl$fcmp)
    _fneq                                    0x0800932d   Thumb Code    14  fcmp.o(x$fpl$fcmp)
    __aeabi_fcmpgt                           0x0800933b   Thumb Code     0  fcmp.o(x$fpl$fcmp)
    _fgr                                     0x0800933b   Thumb Code    14  fcmp.o(x$fpl$fcmp)
    __aeabi_fcmpge                           0x08009349   Thumb Code     0  fcmp.o(x$fpl$fcmp)
    _fgeq                                    0x08009349   Thumb Code    14  fcmp.o(x$fpl$fcmp)
    __aeabi_fcmple                           0x08009357   Thumb Code     0  fcmp.o(x$fpl$fcmp)
    _fleq                                    0x08009357   Thumb Code    14  fcmp.o(x$fpl$fcmp)
    __aeabi_fcmplt                           0x08009365   Thumb Code     0  fcmp.o(x$fpl$fcmp)
    _fls                                     0x08009365   Thumb Code    14  fcmp.o(x$fpl$fcmp)
    __fpl_fcmp_Inf                           0x08009373   Thumb Code    24  fcmpi.o(x$fpl$fcmpinf)
    __aeabi_cfcmpeq                          0x0800938d   Thumb Code     0  feqf.o(x$fpl$feqf)
    _fcmpeq                                  0x0800938d   Thumb Code   104  feqf.o(x$fpl$feqf)
    __aeabi_f2iz                             0x080093f5   Thumb Code     0  ffix.o(x$fpl$ffix)
    _ffix                                    0x080093f5   Thumb Code    54  ffix.o(x$fpl$ffix)
    __aeabi_ui2f                             0x0800942d   Thumb Code     0  fflt_clz.o(x$fpl$ffltu)
    _ffltu                                   0x0800942d   Thumb Code    38  fflt_clz.o(x$fpl$ffltu)
    _fcmpge                                  0x08009455   Thumb Code   104  fgeqf.o(x$fpl$fgeqf)
    __aeabi_cfcmple                          0x080094bd   Thumb Code     0  fleqf.o(x$fpl$fleqf)
    _fcmple                                  0x080094bd   Thumb Code   104  fleqf.o(x$fpl$fleqf)
    __fpl_fcmple_InfNaN                      0x0800950f   Thumb Code     0  fleqf.o(x$fpl$fleqf)
    __aeabi_fmul                             0x08009525   Thumb Code     0  fmul.o(x$fpl$fmul)
    _fmul                                    0x08009525   Thumb Code   258  fmul.o(x$fpl$fmul)
    __fpl_fnaninf                            0x08009627   Thumb Code   140  fnaninf.o(x$fpl$fnaninf)
    __fpl_fretinf                            0x080096b3   Thumb Code    10  fretinf.o(x$fpl$fretinf)
    _printf_fp_dec                           0x080096bd   Thumb Code     4  printf1.o(x$fpl$printf1)
    __I$use$fp                               0x080096c0   Number         0  usenofp.o(x$fpl$usenofp)
    osRtxConfig                              0x08009790   Data         112  rtx_lib.o(.rodata)
    os_cb_sections                           0x08009800   Data          56  rtx_lib.o(.rodata)
    AHBPrescTable                            0x08009838   Data          16  system_stm32f4xx.o(.rodata.AHBPrescTable)
    APBPrescTable                            0x08009848   Data           8  system_stm32f4xx.o(.rodata.APBPrescTable)
    Arial12x12                               0x08009850   Data        2400  lcd.o(.rodata.Arial12x12)
    Driver_I2C1                              0x0800a1b0   Data          48  i2c_stm32f4xx.o(.rodata.Driver_I2C1)
    Driver_SPI1                              0x0800a1e0   Data          44  spi_stm32f4xx.o(.rodata.Driver_SPI1)
    Driver_USART3                            0x0800a20c   Data          56  usart_stm32f4xx.o(.rodata.Driver_USART3)
    Driver_USART6                            0x0800a244   Data          56  usart_stm32f4xx.o(.rodata.Driver_USART6)
    osRtxUserSVC                             0x0800a314   Data           4  rtx_lib.o(.rodata.osRtxUserSVC)
    Region$$Table$$Base                      0x0800a40c   Number         0  anon$$obj.o(Region$$Table)
    Region$$Table$$Limit                     0x0800a42c   Number         0  anon$$obj.o(Region$$Table)
    SPIdrv                                   0x20000000   Data           4  lcd.o(.data.SPIdrv)
    SystemCoreClock                          0x20000004   Data           4  system_stm32f4xx.o(.data.SystemCoreClock)
    osRtxInfo                                0x20000008   Data         164  rtx_kernel.o(.data.os)
    uwTickFreq                               0x200000ac   Data           1  stm32f4xx_hal.o(.data.uwTickFreq)
    uwTickPrio                               0x200000b0   Data           4  stm32f4xx_hal.o(.data.uwTickPrio)
    __libspace_start                         0x200000b8   Data          96  libspace.o(.bss)
    __temporary_stack_top$libspace           0x20000118   Data           0  libspace.o(.bss)
    adchandle                                0x20000234   Data          72  vol.o(.bss.adchandle)
    aux_vol                                  0x2000027c   Data           1  principal.o(.bss.aux_vol)
    buffer                                   0x20000280   Data         512  lcd.o(.bss.buffer)
    data                                     0x20000480   Data           8  mp3.o(.bss.data)
    horas                                    0x20000498   Data           4  clock.o(.bss.horas)
    htim2                                    0x2000049c   Data          64  pwm.o(.bss.htim2)
    joy                                      0x200004dc   Data           1  joystick.o(.bss.joy)
    lcd                                      0x200004dd   Data         513  lcd.o(.bss.lcd)
    mid_COMQueue                             0x200006e0   Data           4  com.o(.bss.mid_COMQueue)
    mid_JoystickQueue                        0x200006e4   Data           4  joystick.o(.bss.mid_JoystickQueue)
    mid_LCDQueue                             0x200006e8   Data           4  lcd.o(.bss.mid_LCDQueue)
    mid_LEDQueue                             0x200006ec   Data           4  led.o(.bss.mid_LEDQueue)
    mid_MP3Queue                             0x200006f0   Data           4  mp3.o(.bss.mid_MP3Queue)
    mid_VolQueue                             0x200006f4   Data           4  vol.o(.bss.mid_VolQueue)
    minutos                                  0x200006f8   Data           4  clock.o(.bss.minutos)
    octim2                                   0x200006fc   Data          28  pwm.o(.bss.octim2)
    .bss.os.msgqueue.cb$$Base                0x2001075c   Number         0  rtx_lib.o(.bss.os.msgqueue.cb)
    .bss.os.msgqueue.cb$$Limit               0x20010790   Number         0  rtx_lib.o(.bss.os.msgqueue.cb)
    .bss.os.thread.cb$$Base                  0x200107e0   Number         0  rtx_lib.o(.bss.os.thread.cb)
    .bss.os.thread.cb$$Limit                 0x20010868   Number         0  rtx_lib.o(.bss.os.thread.cb)
    posicionL1                               0x20010c6a   Data           2  lcd.o(.bss.posicionL1)
    posicionL2                               0x20010c6c   Data           2  lcd.o(.bss.posicionL2)
    reply                                    0x20010c6e   Data          10  mp3.o(.bss.reply)
    segundos                                 0x20010c78   Data           4  clock.o(.bss.segundos)
    segundos_reproduccion                    0x20010c7c   Data           1  mp3.o(.bss.segundos_reproduccion)
    stat                                     0x20010c80   Data           4  lcd.o(.bss.stat)
    temperatura                              0x20010c84   Data           4  temp.o(.bss.temperatura)
    tick_10ms                                0x20010c88   Data           1  mp3.o(.bss.tick_10ms)
    tid_Clock                                0x20010c8c   Data           4  clock.o(.bss.tid_Clock)
    tid_Com                                  0x20010c90   Data           4  com.o(.bss.tid_Com)
    tid_Joystick                             0x20010c94   Data           4  joystick.o(.bss.tid_Joystick)
    tid_LCD                                  0x20010c98   Data           4  lcd.o(.bss.tid_LCD)
    tid_LED                                  0x20010c9c   Data           4  led.o(.bss.tid_LED)
    tid_MP3                                  0x20010ca0   Data           4  mp3.o(.bss.tid_MP3)
    tid_PWM                                  0x20010ca4   Data           4  pwm.o(.bss.tid_PWM)
    tid_Principal                            0x20010ca8   Data           4  principal.o(.bss.tid_Principal)
    tid_TEMP                                 0x20010cac   Data           4  temp.o(.bss.tid_TEMP)
    tid_Volumen                              0x20010cb0   Data           4  vol.o(.bss.tid_Volumen)
    tim_id_clock                             0x20010cb4   Data           4  clock.o(.bss.tim_id_clock)
    tim_id_pulsacion_corta                   0x20010cb8   Data           4  joystick.o(.bss.tim_id_pulsacion_corta)
    tim_id_pulsacion_larga                   0x20010cbc   Data           4  joystick.o(.bss.tim_id_pulsacion_larga)
    tim_reproduccion                         0x20010cc0   Data           4  mp3.o(.bss.tim_reproduccion)



==============================================================================

Memory Map of the image

  Image Entry point : 0x080001ad

  Load Region LR_IROM1 (Base: 0x08000000, Size: 0x0000a500, Max: 0x00200000, ABSOLUTE)

    Execution Region ER_IROM1 (Exec base: 0x08000000, Load base: 0x08000000, Size: 0x0000a448, Max: 0x00200000, ABSOLUTE)

    Exec Addr    Load Addr    Size         Type   Attr      Idx    E Section Name        Object

    0x08000000   0x08000000   0x000001ac   Data   RO         1821    RESET               startup_stm32f429xx.o
    0x080001ac   0x080001ac   0x00000008   Code   RO         2398  * !!!main             c_w.l(__main.o)
    0x080001b4   0x080001b4   0x00000034   Code   RO         2680    !!!scatter          c_w.l(__scatter.o)
    0x080001e8   0x080001e8   0x0000001a   Code   RO         2682    !!handler_copy      c_w.l(__scatter_copy.o)
    0x08000202   0x08000202   0x00000002   PAD
    0x08000204   0x08000204   0x0000001c   Code   RO         2684    !!handler_zi        c_w.l(__scatter_zi.o)
    0x08000220   0x08000220   0x00000000   Code   RO         2387    .ARM.Collect$$_printf_percent$$00000000  c_w.l(_printf_percent.o)
    0x08000220   0x08000220   0x00000006   Code   RO         2386    .ARM.Collect$$_printf_percent$$00000003  c_w.l(_printf_f.o)
    0x08000226   0x08000226   0x00000006   Code   RO         2385    .ARM.Collect$$_printf_percent$$00000009  c_w.l(_printf_d.o)
    0x0800022c   0x0800022c   0x00000006   Code   RO         2384    .ARM.Collect$$_printf_percent$$0000000C  c_w.l(_printf_x.o)
    0x08000232   0x08000232   0x00000004   Code   RO         2443    .ARM.Collect$$_printf_percent$$00000017  c_w.l(_printf_percent_end.o)
    0x08000236   0x08000236   0x00000002   Code   RO         2545    .ARM.Collect$$libinit$$00000000  c_w.l(libinit.o)
    0x08000238   0x08000238   0x00000000   Code   RO         2547    .ARM.Collect$$libinit$$00000002  c_w.l(libinit2.o)
    0x08000238   0x08000238   0x00000000   Code   RO         2549    .ARM.Collect$$libinit$$00000004  c_w.l(libinit2.o)
    0x08000238   0x08000238   0x00000000   Code   RO         2552    .ARM.Collect$$libinit$$0000000A  c_w.l(libinit2.o)
    0x08000238   0x08000238   0x00000000   Code   RO         2554    .ARM.Collect$$libinit$$0000000C  c_w.l(libinit2.o)
    0x08000238   0x08000238   0x00000000   Code   RO         2556    .ARM.Collect$$libinit$$0000000E  c_w.l(libinit2.o)
    0x08000238   0x08000238   0x00000006   Code   RO         2557    .ARM.Collect$$libinit$$0000000F  c_w.l(libinit2.o)
    0x0800023e   0x0800023e   0x00000000   Code   RO         2559    .ARM.Collect$$libinit$$00000011  c_w.l(libinit2.o)
    0x0800023e   0x0800023e   0x00000000   Code   RO         2561    .ARM.Collect$$libinit$$00000013  c_w.l(libinit2.o)
    0x0800023e   0x0800023e   0x00000000   Code   RO         2563    .ARM.Collect$$libinit$$00000015  c_w.l(libinit2.o)
    0x0800023e   0x0800023e   0x0000000a   Code   RO         2564    .ARM.Collect$$libinit$$00000016  c_w.l(libinit2.o)
    0x08000248   0x08000248   0x00000000   Code   RO         2565    .ARM.Collect$$libinit$$00000017  c_w.l(libinit2.o)
    0x08000248   0x08000248   0x00000000   Code   RO         2567    .ARM.Collect$$libinit$$00000019  c_w.l(libinit2.o)
    0x08000248   0x08000248   0x00000000   Code   RO         2569    .ARM.Collect$$libinit$$0000001B  c_w.l(libinit2.o)
    0x08000248   0x08000248   0x00000000   Code   RO         2571    .ARM.Collect$$libinit$$0000001D  c_w.l(libinit2.o)
    0x08000248   0x08000248   0x00000000   Code   RO         2573    .ARM.Collect$$libinit$$0000001F  c_w.l(libinit2.o)
    0x08000248   0x08000248   0x00000000   Code   RO         2575    .ARM.Collect$$libinit$$00000021  c_w.l(libinit2.o)
    0x08000248   0x08000248   0x00000000   Code   RO         2577    .ARM.Collect$$libinit$$00000023  c_w.l(libinit2.o)
    0x08000248   0x08000248   0x00000000   Code   RO         2579    .ARM.Collect$$libinit$$00000025  c_w.l(libinit2.o)
    0x08000248   0x08000248   0x00000000   Code   RO         2583    .ARM.Collect$$libinit$$0000002C  c_w.l(libinit2.o)
    0x08000248   0x08000248   0x00000000   Code   RO         2585    .ARM.Collect$$libinit$$0000002E  c_w.l(libinit2.o)
    0x08000248   0x08000248   0x00000000   Code   RO         2587    .ARM.Collect$$libinit$$00000030  c_w.l(libinit2.o)
    0x08000248   0x08000248   0x00000000   Code   RO         2589    .ARM.Collect$$libinit$$00000032  c_w.l(libinit2.o)
    0x08000248   0x08000248   0x00000002   Code   RO         2590    .ARM.Collect$$libinit$$00000033  c_w.l(libinit2.o)
    0x0800024a   0x0800024a   0x00000002   Code   RO         2645    .ARM.Collect$$libshutdown$$00000000  c_w.l(libshutdown.o)
    0x0800024c   0x0800024c   0x00000000   Code   RO         2663    .ARM.Collect$$libshutdown$$00000002  c_w.l(libshutdown2.o)
    0x0800024c   0x0800024c   0x00000000   Code   RO         2665    .ARM.Collect$$libshutdown$$00000004  c_w.l(libshutdown2.o)
    0x0800024c   0x0800024c   0x00000000   Code   RO         2668    .ARM.Collect$$libshutdown$$00000007  c_w.l(libshutdown2.o)
    0x0800024c   0x0800024c   0x00000000   Code   RO         2671    .ARM.Collect$$libshutdown$$0000000A  c_w.l(libshutdown2.o)
    0x0800024c   0x0800024c   0x00000000   Code   RO         2673    .ARM.Collect$$libshutdown$$0000000C  c_w.l(libshutdown2.o)
    0x0800024c   0x0800024c   0x00000000   Code   RO         2676    .ARM.Collect$$libshutdown$$0000000F  c_w.l(libshutdown2.o)
    0x0800024c   0x0800024c   0x00000002   Code   RO         2677    .ARM.Collect$$libshutdown$$00000010  c_w.l(libshutdown2.o)
    0x0800024e   0x0800024e   0x00000000   Code   RO         2428    .ARM.Collect$$rtentry$$00000000  c_w.l(__rtentry.o)
    0x0800024e   0x0800024e   0x00000000   Code   RO         2462    .ARM.Collect$$rtentry$$00000002  c_w.l(__rtentry2.o)
    0x0800024e   0x0800024e   0x00000006   Code   RO         2474    .ARM.Collect$$rtentry$$00000004  c_w.l(__rtentry4.o)
    0x08000254   0x08000254   0x00000008   Code   RO         2463    .ARM.Collect$$rtentry$$00000008  c_w.l(__rtentry2.o)
    0x0800025c   0x0800025c   0x00000004   Code   RO         2465    .ARM.Collect$$rtentry$$0000000A  c_w.l(__rtentry2.o)
    0x08000260   0x08000260   0x00000000   Code   RO         2467    .ARM.Collect$$rtentry$$0000000C  c_w.l(__rtentry2.o)
    0x08000260   0x08000260   0x00000008   Code   RO         2468    .ARM.Collect$$rtentry$$0000000D  c_w.l(__rtentry2.o)
    0x08000268   0x08000268   0x00000002   Code   RO         2591    .ARM.Collect$$rtexit$$00000000  c_w.l(rtexit.o)
    0x0800026a   0x0800026a   0x00000000   Code   RO         2610    .ARM.Collect$$rtexit$$00000002  c_w.l(rtexit2.o)
    0x0800026a   0x0800026a   0x00000004   Code   RO         2611    .ARM.Collect$$rtexit$$00000003  c_w.l(rtexit2.o)
    0x0800026e   0x0800026e   0x00000006   Code   RO         2612    .ARM.Collect$$rtexit$$00000004  c_w.l(rtexit2.o)
    0x08000274   0x08000274   0x00000040   Code   RO         1822    .text               startup_stm32f429xx.o
    0x080002b4   0x080002b4   0x00000094   Code   RO         2215    .text               RTX_CM3.lib(irq_armv7m.o)
    0x08000348   0x08000348   0x000000f0   Code   RO         2331    .text               c_w.l(lludivv7m.o)
    0x08000438   0x08000438   0x00000028   Code   RO         2335    .text               c_w.l(noretval__2sprintf.o)
    0x08000460   0x08000460   0x0000004e   Code   RO         2339    .text               c_w.l(_printf_pad.o)
    0x080004ae   0x080004ae   0x00000002   PAD
    0x080004b0   0x080004b0   0x00000078   Code   RO         2341    .text               c_w.l(_printf_dec.o)
    0x08000528   0x08000528   0x00000058   Code   RO         2346    .text               c_w.l(_printf_hex_int.o)
    0x08000580   0x08000580   0x00000138   Code   RO         2376    .text               c_w.l(__printf_flags_wp.o)
    0x080006b8   0x080006b8   0x0000003e   Code   RO         2388    .text               c_w.l(strlen.o)
    0x080006f6   0x080006f6   0x0000008a   Code   RO         2390    .text               c_w.l(rt_memcpy_v6.o)
    0x08000780   0x08000780   0x00000044   Code   RO         2392    .text               c_w.l(rt_memclr.o)
    0x080007c4   0x080007c4   0x0000004e   Code   RO         2394    .text               c_w.l(rt_memclr_w.o)
    0x08000812   0x08000812   0x00000006   Code   RO         2396    .text               c_w.l(heapauxi.o)
    0x08000818   0x08000818   0x000000b2   Code   RO         2433    .text               c_w.l(_printf_intcommon.o)
    0x080008ca   0x080008ca   0x0000041c   Code   RO         2435    .text               c_w.l(_printf_fp_dec.o)
    0x08000ce6   0x08000ce6   0x00000002   PAD
    0x08000ce8   0x08000ce8   0x00000030   Code   RO         2439    .text               c_w.l(_printf_char_common.o)
    0x08000d18   0x08000d18   0x0000000a   Code   RO         2441    .text               c_w.l(_sputc.o)
    0x08000d22   0x08000d22   0x00000064   Code   RO         2444    .text               c_w.l(rt_memcpy_w.o)
    0x08000d86   0x08000d86   0x0000000a   Code   RO         2483    .text               c_w.l(rt_locale_twolibspace.o)
    0x08000d90   0x08000d90   0x0000008a   Code   RO         2485    .text               c_w.l(lludiv10.o)
    0x08000e1a   0x08000e1a   0x00000002   PAD
    0x08000e1c   0x08000e1c   0x00000080   Code   RO         2487    .text               c_w.l(_printf_fp_infnan.o)
    0x08000e9c   0x08000e9c   0x000000e4   Code   RO         2491    .text               c_w.l(bigflt0.o)
    0x08000f80   0x08000f80   0x00000008   Code   RO         2527    .text               c_w.l(libspace.o)
    0x08000f88   0x08000f88   0x0000004a   Code   RO         2530    .text               c_w.l(sys_stackheap_outer.o)
    0x08000fd2   0x08000fd2   0x00000012   Code   RO         2534    .text               c_w.l(exit.o)
    0x08000fe4   0x08000fe4   0x00000004   PAD
    0x08000fe8   0x08000fe8   0x0000007c   Code   RO         2540    .text               c_w.l(strcmpv7em.o)
    0x08001064   0x08001064   0x0000000c   Code   RO         2605    .text               c_w.l(sys_exit.o)
    0x08001070   0x08001070   0x00000002   Code   RO         2632    .text               c_w.l(use_no_semi.o)
    0x08001072   0x08001072   0x00000000   Code   RO         2634    .text               c_w.l(indicate_semi.o)
    0x08001072   0x08001072   0x00000002   PAD
    0x08001074   0x08001074   0x0000005c   Code   RO          147    .text.ADC1_pins_F429ZI_config  adc.o
    0x080010d0   0x080010d0   0x00000108   Code   RO          722    .text.ADC_Init      stm32f4xx_hal_adc.o
    0x080011d8   0x080011d8   0x00000036   Code   RO          149    .text.ADC_Init_Single_Conversion  adc.o
    0x0800120e   0x0800120e   0x00000002   PAD
    0x08001210   0x08001210   0x0000005a   Code   RO          151    .text.ADC_getVoltage  adc.o
    0x0800126a   0x0800126a   0x00000002   PAD
    0x0800126c   0x0800126c   0x00000002   Code   RO          118    .text.BusFault_Handler  stm32f4xx_it.o
    0x0800126e   0x0800126e   0x00000002   PAD
    0x08001270   0x08001270   0x00000002   Code   RO          122    .text.DebugMon_Handler  stm32f4xx_it.o
    0x08001272   0x08001272   0x00000002   PAD
    0x08001274   0x08001274   0x00000012   Code   RO          501    .text.Disable_SPI_Clock  spi_stm32f4xx.o
    0x08001286   0x08001286   0x00000002   PAD
    0x08001288   0x08001288   0x0000002c   Code   RO          110    .text.EXTI15_10_IRQHandler  stm32f4xx_it.o
    0x080012b4   0x080012b4   0x00000024   Code   RO          429    .text.Enable_GPIO_Clock  i2c_stm32f4xx.o
    0x080012d8   0x080012d8   0x00000024   Code   RO          491    .text.Enable_GPIO_Clock  spi_stm32f4xx.o
    0x080012fc   0x080012fc   0x000001f4   Code   RO          599    .text.Enable_GPIO_Clock  usart_stm32f4xx.o
    0x080014f0   0x080014f0   0x00000024   Code   RO          503    .text.Enable_SPI_Clock  spi_stm32f4xx.o
    0x08001514   0x08001514   0x00000128   Code   RO          762    .text.HAL_ADC_ConfigChannel  stm32f4xx_hal_adc.o
    0x0800163c   0x0800163c   0x00000006   Code   RO          758    .text.HAL_ADC_GetValue  stm32f4xx_hal_adc.o
    0x08001642   0x08001642   0x00000002   PAD
    0x08001644   0x08001644   0x0000004e   Code   RO          718    .text.HAL_ADC_Init  stm32f4xx_hal_adc.o
    0x08001692   0x08001692   0x00000002   PAD
    0x08001694   0x08001694   0x00000002   Code   RO          720    .text.HAL_ADC_MspInit  stm32f4xx_hal_adc.o
    0x08001696   0x08001696   0x00000002   PAD
    0x08001698   0x08001698   0x000000b4   Code   RO          732    .text.HAL_ADC_PollForConversion  stm32f4xx_hal_adc.o
    0x0800174c   0x0800174c   0x00000114   Code   RO          728    .text.HAL_ADC_Start  stm32f4xx_hal_adc.o
    0x08001860   0x08001860   0x0000008a   Code   RO          902    .text.HAL_DMA_Abort  stm32f4xx_hal_dma.o
    0x080018ea   0x080018ea   0x00000002   PAD
    0x080018ec   0x080018ec   0x00000028   Code   RO          669    .text.HAL_Delay     stm32f4xx_hal.o
    0x08001914   0x08001914   0x00000106   Code   RO          944    .text.HAL_GPIO_DeInit  stm32f4xx_hal_gpio.o
    0x08001a1a   0x08001a1a   0x00000002   PAD
    0x08001a1c   0x08001a1c   0x0000003c   Code   RO          108    .text.HAL_GPIO_EXTI_Callback  stm32f4xx_it.o
    0x08001a58   0x08001a58   0x0000001a   Code   RO          954    .text.HAL_GPIO_EXTI_IRQHandler  stm32f4xx_hal_gpio.o
    0x08001a72   0x08001a72   0x00000002   PAD
    0x08001a74   0x08001a74   0x0000019a   Code   RO          942    .text.HAL_GPIO_Init  stm32f4xx_hal_gpio.o
    0x08001c0e   0x08001c0e   0x00000002   PAD
    0x08001c10   0x08001c10   0x0000000a   Code   RO          946    .text.HAL_GPIO_ReadPin  stm32f4xx_hal_gpio.o
    0x08001c1a   0x08001c1a   0x00000002   PAD
    0x08001c1c   0x08001c1c   0x0000000a   Code   RO          948    .text.HAL_GPIO_WritePin  stm32f4xx_hal_gpio.o
    0x08001c26   0x08001c26   0x00000002   PAD
    0x08001c28   0x08001c28   0x0000000e   Code   RO          677    .text.HAL_GetREVID  stm32f4xx_hal.o
    0x08001c36   0x08001c36   0x00000002   PAD
    0x08001c38   0x08001c38   0x00000050   Code   RO            2    .text.HAL_GetTick   main.o
    0x08001c88   0x08001c88   0x0000002e   Code   RO          649    .text.HAL_Init      stm32f4xx_hal.o
    0x08001cb6   0x08001cb6   0x00000002   PAD
    0x08001cb8   0x08001cb8   0x00000050   Code   RO          651    .text.HAL_InitTick  stm32f4xx_hal.o
    0x08001d08   0x08001d08   0x00000002   Code   RO          653    .text.HAL_MspInit   stm32f4xx_hal.o
    0x08001d0a   0x08001d0a   0x00000002   PAD
    0x08001d0c   0x08001d0c   0x00000008   Code   RO          866    .text.HAL_NVIC_ClearPendingIRQ  stm32f4xx_hal_cortex.o
    0x08001d14   0x08001d14   0x00000008   Code   RO          832    .text.HAL_NVIC_DisableIRQ  stm32f4xx_hal_cortex.o
    0x08001d1c   0x08001d1c   0x00000008   Code   RO          828    .text.HAL_NVIC_EnableIRQ  stm32f4xx_hal_cortex.o
    0x08001d24   0x08001d24   0x0000001e   Code   RO          820    .text.HAL_NVIC_SetPriority  stm32f4xx_hal_cortex.o
    0x08001d42   0x08001d42   0x00000002   PAD
    0x08001d44   0x08001d44   0x00000008   Code   RO          816    .text.HAL_NVIC_SetPriorityGrouping  stm32f4xx_hal_cortex.o
    0x08001d4c   0x08001d4c   0x00000160   Code   RO         1220    .text.HAL_RCC_ClockConfig  stm32f4xx_hal_rcc.o
    0x08001eac   0x08001eac   0x0000000c   Code   RO         1230    .text.HAL_RCC_GetHCLKFreq  stm32f4xx_hal_rcc.o
    0x08001eb8   0x08001eb8   0x00000022   Code   RO         1232    .text.HAL_RCC_GetPCLK1Freq  stm32f4xx_hal_rcc.o
    0x08001eda   0x08001eda   0x00000002   PAD
    0x08001edc   0x08001edc   0x00000022   Code   RO         1234    .text.HAL_RCC_GetPCLK2Freq  stm32f4xx_hal_rcc.o
    0x08001efe   0x08001efe   0x00000002   PAD
    0x08001f00   0x08001f00   0x0000006a   Code   RO         1222    .text.HAL_RCC_GetSysClockFreq  stm32f4xx_hal_rcc.o
    0x08001f6a   0x08001f6a   0x00000002   PAD
    0x08001f6c   0x08001f6c   0x00000334   Code   RO         1218    .text.HAL_RCC_OscConfig  stm32f4xx_hal_rcc.o
    0x080022a0   0x080022a0   0x00000008   Code   RO          840    .text.HAL_SYSTICK_Config  stm32f4xx_hal_cortex.o
    0x080022a8   0x080022a8   0x000000a0   Code   RO         1568    .text.HAL_TIM_PWM_ConfigChannel  stm32f4xx_hal_tim.o
    0x08002348   0x08002348   0x00000036   Code   RO         1456    .text.HAL_TIM_PWM_Init  stm32f4xx_hal_tim.o
    0x0800237e   0x0800237e   0x00000002   PAD
    0x08002380   0x08002380   0x00000002   Code   RO         1458    .text.HAL_TIM_PWM_MspInit  stm32f4xx_hal_tim.o
    0x08002382   0x08002382   0x00000002   PAD
    0x08002384   0x08002384   0x00000064   Code   RO         1468    .text.HAL_TIM_PWM_Start_IT  stm32f4xx_hal_tim.o
    0x080023e8   0x080023e8   0x00000084   Code   RO         1470    .text.HAL_TIM_PWM_Stop_IT  stm32f4xx_hal_tim.o
    0x0800246c   0x0800246c   0x00000002   Code   RO          114    .text.HardFault_Handler  stm32f4xx_it.o
    0x0800246e   0x0800246e   0x00000002   PAD
    0x08002470   0x08002470   0x00000008   Code   RO          423    .text.I2C1_Control  i2c_stm32f4xx.o
    0x08002478   0x08002478   0x00000008   Code   RO          399    .text.I2C1_ER_IRQHandler  i2c_stm32f4xx.o
    0x08002480   0x08002480   0x00000008   Code   RO          395    .text.I2C1_EV_IRQHandler  i2c_stm32f4xx.o
    0x08002488   0x08002488   0x00000008   Code   RO          421    .text.I2C1_GetDataCount  i2c_stm32f4xx.o
    0x08002490   0x08002490   0x00000008   Code   RO          425    .text.I2C1_GetStatus  i2c_stm32f4xx.o
    0x08002498   0x08002498   0x0000000a   Code   RO          407    .text.I2C1_Initialize  i2c_stm32f4xx.o
    0x080024a2   0x080024a2   0x00000002   PAD
    0x080024a4   0x080024a4   0x00000008   Code   RO          415    .text.I2C1_MasterReceive  i2c_stm32f4xx.o
    0x080024ac   0x080024ac   0x00000008   Code   RO          413    .text.I2C1_MasterTransmit  i2c_stm32f4xx.o
    0x080024b4   0x080024b4   0x00000008   Code   RO          411    .text.I2C1_PowerControl  i2c_stm32f4xx.o
    0x080024bc   0x080024bc   0x00000008   Code   RO          419    .text.I2C1_SlaveReceive  i2c_stm32f4xx.o
    0x080024c4   0x080024c4   0x00000008   Code   RO          417    .text.I2C1_SlaveTransmit  i2c_stm32f4xx.o
    0x080024cc   0x080024cc   0x0000000a   Code   RO          409    .text.I2C1_Uninitialize  i2c_stm32f4xx.o
    0x080024d6   0x080024d6   0x00000002   PAD
    0x080024d8   0x080024d8   0x00000004   Code   RO          405    .text.I2CX_GetCapabilities  i2c_stm32f4xx.o
    0x080024dc   0x080024dc   0x0000000a   Code   RO          403    .text.I2CX_GetVersion  i2c_stm32f4xx.o
    0x080024e6   0x080024e6   0x00000002   PAD
    0x080024e8   0x080024e8   0x000002a4   Code   RO          445    .text.I2C_Control   i2c_stm32f4xx.o
    0x0800278c   0x0800278c   0x00000162   Code   RO          401    .text.I2C_ER_IRQHandler  i2c_stm32f4xx.o
    0x080028ee   0x080028ee   0x00000002   PAD
    0x080028f0   0x080028f0   0x0000051e   Code   RO          397    .text.I2C_EV_IRQHandler  i2c_stm32f4xx.o
    0x08002e0e   0x08002e0e   0x00000002   PAD
    0x08002e10   0x08002e10   0x00000026   Code   RO          443    .text.I2C_GetDataCount  i2c_stm32f4xx.o
    0x08002e36   0x08002e36   0x00000002   PAD
    0x08002e38   0x08002e38   0x0000000c   Code   RO          447    .text.I2C_GetStatus  i2c_stm32f4xx.o
    0x08002e44   0x08002e44   0x0000007e   Code   RO          427    .text.I2C_Initialize  i2c_stm32f4xx.o
    0x08002ec2   0x08002ec2   0x00000002   PAD
    0x08002ec4   0x08002ec4   0x000000c0   Code   RO          437    .text.I2C_MasterReceive  i2c_stm32f4xx.o
    0x08002f84   0x08002f84   0x000000bc   Code   RO          435    .text.I2C_MasterTransmit  i2c_stm32f4xx.o
    0x08003040   0x08003040   0x0000014a   Code   RO          433    .text.I2C_PowerControl  i2c_stm32f4xx.o
    0x0800318a   0x0800318a   0x00000002   PAD
    0x0800318c   0x0800318c   0x00000054   Code   RO          441    .text.I2C_SlaveReceive  i2c_stm32f4xx.o
    0x080031e0   0x080031e0   0x00000058   Code   RO          439    .text.I2C_SlaveTransmit  i2c_stm32f4xx.o
    0x08003238   0x08003238   0x0000002e   Code   RO          431    .text.I2C_Uninitialize  i2c_stm32f4xx.o
    0x08003266   0x08003266   0x00000002   PAD
    0x08003268   0x08003268   0x00000052   Code   RO           18    .text.Init_Clock    clock.o
    0x080032ba   0x080032ba   0x00000002   PAD
    0x080032bc   0x080032bc   0x0000004a   Code   RO          178    .text.Init_Com      com.o
    0x08003306   0x08003306   0x00000002   PAD
    0x08003308   0x08003308   0x0000014a   Code   RO           38    .text.Init_Joystick  joystick.o
    0x08003452   0x08003452   0x00000002   PAD
    0x08003454   0x08003454   0x0000004a   Code   RO           62    .text.Init_LCD      lcd.o
    0x0800349e   0x0800349e   0x00000002   PAD
    0x080034a0   0x080034a0   0x000000d0   Code   RO          288    .text.Init_LED      led.o
    0x08003570   0x08003570   0x00000076   Code   RO          192    .text.Init_MP3      mp3.o
    0x080035e6   0x080035e6   0x00000002   PAD
    0x080035e8   0x080035e8   0x000000b8   Code   RO          258    .text.Init_PWM      pwm.o
    0x080036a0   0x080036a0   0x0000004c   Code   RO          132    .text.Init_Principal  principal.o
    0x080036ec   0x080036ec   0x0000002c   Code   RO          274    .text.Init_TEMP     temp.o
    0x08003718   0x08003718   0x00000042   Code   RO          161    .text.Init_Volumen  vol.o
    0x0800375a   0x0800375a   0x00000002   PAD
    0x0800375c   0x0800375c   0x0000005c   Code   RO           68    .text.LCD_init      lcd.o
    0x080037b8   0x080037b8   0x000000e6   Code   RO           66    .text.LCD_reset     lcd.o
    0x0800389e   0x0800389e   0x00000002   PAD
    0x080038a0   0x080038a0   0x00000014   Code   RO           84    .text.LCD_symbolToLocalBuffer  lcd.o
    0x080038b4   0x080038b4   0x0000006a   Code   RO           80    .text.LCD_symbolToLocalBuffer_L1  lcd.o
    0x0800391e   0x0800391e   0x00000002   PAD
    0x08003920   0x08003920   0x00000074   Code   RO           82    .text.LCD_symbolToLocalBuffer_L2  lcd.o
    0x08003994   0x08003994   0x0000009a   Code   RO           78    .text.LCD_update    lcd.o
    0x08003a2e   0x08003a2e   0x00000002   PAD
    0x08003a30   0x08003a30   0x00000064   Code   RO           76    .text.LCD_wr_cmd    lcd.o
    0x08003a94   0x08003a94   0x00000064   Code   RO           74    .text.LCD_wr_data   lcd.o
    0x08003af8   0x08003af8   0x00000062   Code   RO           70    .text.LCD_write     lcd.o
    0x08003b5a   0x08003b5a   0x00000002   PAD
    0x08003b5c   0x08003b5c   0x00000002   Code   RO          116    .text.MemManage_Handler  stm32f4xx_it.o
    0x08003b5e   0x08003b5e   0x00000040   Code   RO         2198    .text.MessageQueueGet  RTX_CM3.lib(rtx_msgqueue.o)
    0x08003b9e   0x08003b9e   0x00000058   Code   RO         2192    .text.MessageQueuePut  RTX_CM3.lib(rtx_msgqueue.o)
    0x08003bf6   0x08003bf6   0x0000001c   Code   RO         2190    .text.MessageQueueRemove  RTX_CM3.lib(rtx_msgqueue.o)
    0x08003c12   0x08003c12   0x00000002   PAD
    0x08003c14   0x08003c14   0x00000002   Code   RO          112    .text.NMI_Handler   stm32f4xx_it.o
    0x08003c16   0x08003c16   0x00000002   PAD
    0x08003c18   0x08003c18   0x0000002c   Code   RO          826    .text.NVIC_EncodePriority  stm32f4xx_hal_cortex.o
    0x08003c44   0x08003c44   0x00000008   Code   RO         2309    .text.OS_Tick_AcknowledgeIRQ  RTX_CM3.lib(os_systick.o)
    0x08003c4c   0x08003c4c   0x00000024   Code   RO         2305    .text.OS_Tick_Enable  RTX_CM3.lib(os_systick.o)
    0x08003c70   0x08003c70   0x00000006   Code   RO         2311    .text.OS_Tick_GetIRQn  RTX_CM3.lib(os_systick.o)
    0x08003c76   0x08003c76   0x00000002   PAD
    0x08003c78   0x08003c78   0x00000040   Code   RO         2303    .text.OS_Tick_Setup  RTX_CM3.lib(os_systick.o)
    0x08003cb8   0x08003cb8   0x0000000c   Code   RO         1902    .text.OUTLINED_FUNCTION_0  RTX_CM3.lib(rtx_kernel.o)
    0x08003cc4   0x08003cc4   0x00000006   Code   RO         2044    .text.OUTLINED_FUNCTION_0  RTX_CM3.lib(rtx_thread.o)
    0x08003cca   0x08003cca   0x0000000c   Code   RO         2206    .text.OUTLINED_FUNCTION_0  RTX_CM3.lib(rtx_msgqueue.o)
    0x08003cd6   0x08003cd6   0x00000006   Code   RO         1904    .text.OUTLINED_FUNCTION_1  RTX_CM3.lib(rtx_kernel.o)
    0x08003cdc   0x08003cdc   0x00000008   Code   RO          481    .text.SPI1_Control  spi_stm32f4xx.o
    0x08003ce4   0x08003ce4   0x00000008   Code   RO          479    .text.SPI1_GetDataCount  spi_stm32f4xx.o
    0x08003cec   0x08003cec   0x00000008   Code   RO          483    .text.SPI1_GetStatus  spi_stm32f4xx.o
    0x08003cf4   0x08003cf4   0x00000008   Code   RO          459    .text.SPI1_IRQHandler  spi_stm32f4xx.o
    0x08003cfc   0x08003cfc   0x0000000a   Code   RO          467    .text.SPI1_Initialize  spi_stm32f4xx.o
    0x08003d06   0x08003d06   0x00000002   PAD
    0x08003d08   0x08003d08   0x00000008   Code   RO          471    .text.SPI1_PowerControl  spi_stm32f4xx.o
    0x08003d10   0x08003d10   0x00000008   Code   RO          475    .text.SPI1_Receive  spi_stm32f4xx.o
    0x08003d18   0x08003d18   0x00000008   Code   RO          473    .text.SPI1_Send     spi_stm32f4xx.o
    0x08003d20   0x08003d20   0x00000008   Code   RO          477    .text.SPI1_Transfer  spi_stm32f4xx.o
    0x08003d28   0x08003d28   0x0000000a   Code   RO          469    .text.SPI1_Uninitialize  spi_stm32f4xx.o
    0x08003d32   0x08003d32   0x00000002   PAD
    0x08003d34   0x08003d34   0x00000004   Code   RO          465    .text.SPIX_GetCapabilities  spi_stm32f4xx.o
    0x08003d38   0x08003d38   0x0000000a   Code   RO          463    .text.SPIX_GetVersion  spi_stm32f4xx.o
    0x08003d42   0x08003d42   0x00000002   PAD
    0x08003d44   0x08003d44   0x000002d8   Code   RO          497    .text.SPI_Control   spi_stm32f4xx.o
    0x0800401c   0x0800401c   0x0000000c   Code   RO          515    .text.SPI_GetDataCount  spi_stm32f4xx.o
    0x08004028   0x08004028   0x00000028   Code   RO          517    .text.SPI_GetStatus  spi_stm32f4xx.o
    0x08004050   0x08004050   0x000000f0   Code   RO          461    .text.SPI_IRQHandler  spi_stm32f4xx.o
    0x08004140   0x08004140   0x000000a0   Code   RO          489    .text.SPI_Initialize  spi_stm32f4xx.o
    0x080041e0   0x080041e0   0x00000022   Code   RO          499    .text.SPI_PeripheralReset  spi_stm32f4xx.o
    0x08004202   0x08004202   0x00000002   PAD
    0x08004204   0x08004204   0x000000c2   Code   RO          495    .text.SPI_PowerControl  spi_stm32f4xx.o
    0x080042c6   0x080042c6   0x00000002   PAD
    0x080042c8   0x080042c8   0x00000082   Code   RO          511    .text.SPI_Receive   spi_stm32f4xx.o
    0x0800434a   0x0800434a   0x00000002   PAD
    0x0800434c   0x0800434c   0x0000005a   Code   RO          485    .text.SPI_RxData    spi_stm32f4xx.o
    0x080043a6   0x080043a6   0x00000002   PAD
    0x080043a8   0x080043a8   0x00000082   Code   RO          509    .text.SPI_Send      spi_stm32f4xx.o
    0x0800442a   0x0800442a   0x00000002   PAD
    0x0800442c   0x0800442c   0x0000003a   Code   RO          513    .text.SPI_Transfer  spi_stm32f4xx.o
    0x08004466   0x08004466   0x00000002   PAD
    0x08004468   0x08004468   0x0000005c   Code   RO          487    .text.SPI_TxData    spi_stm32f4xx.o
    0x080044c4   0x080044c4   0x00000032   Code   RO          493    .text.SPI_Uninitialize  spi_stm32f4xx.o
    0x080044f6   0x080044f6   0x00000002   PAD
    0x080044f8   0x080044f8   0x0000002e   Code   RO          842    .text.SysTick_Config  stm32f4xx_hal_cortex.o
    0x08004526   0x08004526   0x00000002   PAD
    0x08004528   0x08004528   0x0000009e   Code   RO            6    .text.SystemClock_Config  main.o
    0x080045c6   0x080045c6   0x00000002   PAD
    0x080045c8   0x080045c8   0x0000007e   Code   RO         1831    .text.SystemCoreClockUpdate  system_stm32f4xx.o
    0x08004646   0x08004646   0x00000002   PAD
    0x08004648   0x08004648   0x00000010   Code   RO         1829    .text.SystemInit    system_stm32f4xx.o
    0x08004658   0x08004658   0x00000124   Code   RO         1406    .text.TIM_Base_SetConfig  stm32f4xx_hal_tim.o
    0x0800477c   0x0800477c   0x00000024   Code   RO         1440    .text.TIM_CCxChannelCmd  stm32f4xx_hal_tim.o
    0x080047a0   0x080047a0   0x00000064   Code   RO         1550    .text.TIM_OC1_SetConfig  stm32f4xx_hal_tim.o
    0x08004804   0x08004804   0x0000006a   Code   RO         1552    .text.TIM_OC2_SetConfig  stm32f4xx_hal_tim.o
    0x0800486e   0x0800486e   0x00000002   PAD
    0x08004870   0x08004870   0x00000068   Code   RO         1554    .text.TIM_OC3_SetConfig  stm32f4xx_hal_tim.o
    0x080048d8   0x080048d8   0x0000004e   Code   RO         1556    .text.TIM_OC4_SetConfig  stm32f4xx_hal_tim.o
    0x08004926   0x08004926   0x00000064   Code   RO         1996    .text.ThreadFlagsCheck  RTX_CM3.lib(rtx_thread.o)
    0x0800498a   0x0800498a   0x00000002   PAD
    0x0800498c   0x0800498c   0x0000005a   Code   RO           22    .text.Thread_Clock  clock.o
    0x080049e6   0x080049e6   0x00000002   PAD
    0x080049e8   0x080049e8   0x00000074   Code   RO          180    .text.Thread_Com    com.o
    0x08004a5c   0x08004a5c   0x00000022   Code   RO           44    .text.Thread_Joystick  joystick.o
    0x08004a7e   0x08004a7e   0x00000002   PAD
    0x08004a80   0x08004a80   0x0000003e   Code   RO           64    .text.Thread_LCD    lcd.o
    0x08004abe   0x08004abe   0x00000002   PAD
    0x08004ac0   0x08004ac0   0x000000a6   Code   RO          290    .text.Thread_LED    led.o
    0x08004b66   0x08004b66   0x00000002   PAD
    0x08004b68   0x08004b68   0x0000019e   Code   RO          196    .text.Thread_MP3    mp3.o
    0x08004d06   0x08004d06   0x00000002   PAD
    0x08004d08   0x08004d08   0x00000090   Code   RO          260    .text.Thread_PWM    pwm.o
    0x08004d98   0x08004d98   0x00000a40   Code   RO          134    .text.Thread_Principal  principal.o
    0x080057d8   0x080057d8   0x000000ca   Code   RO          276    .text.Thread_TEMP   temp.o
    0x080058a2   0x080058a2   0x00000002   PAD
    0x080058a4   0x080058a4   0x0000007a   Code   RO          163    .text.Thread_Volumen  vol.o
    0x0800591e   0x0800591e   0x00000002   PAD
    0x08005920   0x08005920   0x00000010   Code   RO           20    .text.TimerClock_Callback  clock.o
    0x08005930   0x08005930   0x00000044   Code   RO         2096    .text.TimerInsert   RTX_CM3.lib(rtx_timer.o)
    0x08005974   0x08005974   0x00000028   Code   RO         2104    .text.TimerRemove   RTX_CM3.lib(rtx_timer.o)
    0x0800599c   0x0800599c   0x0000002a   Code   RO          194    .text.TimerReproduccion_Callback  mp3.o
    0x080059c6   0x080059c6   0x00000002   PAD
    0x080059c8   0x080059c8   0x000000c8   Code   RO           40    .text.Timer_Pulsacion_Corta_Callback  joystick.o
    0x08005a90   0x08005a90   0x0000003a   Code   RO           42    .text.Timer_Pulsacion_Larga_Callback  joystick.o
    0x08005aca   0x08005aca   0x00000002   PAD
    0x08005acc   0x08005acc   0x00000010   Code   RO          559    .text.USART3_Control  usart_stm32f4xx.o
    0x08005adc   0x08005adc   0x00000010   Code   RO          541    .text.USART3_GetCapabilities  usart_stm32f4xx.o
    0x08005aec   0x08005aec   0x00000010   Code   RO          565    .text.USART3_GetModemStatus  usart_stm32f4xx.o
    0x08005afc   0x08005afc   0x00000010   Code   RO          557    .text.USART3_GetRxCount  usart_stm32f4xx.o
    0x08005b0c   0x08005b0c   0x00000010   Code   RO          561    .text.USART3_GetStatus  usart_stm32f4xx.o
    0x08005b1c   0x08005b1c   0x00000010   Code   RO          555    .text.USART3_GetTxCount  usart_stm32f4xx.o
    0x08005b2c   0x08005b2c   0x00000010   Code   RO          537    .text.USART3_IRQHandler  usart_stm32f4xx.o
    0x08005b3c   0x08005b3c   0x00000012   Code   RO          543    .text.USART3_Initialize  usart_stm32f4xx.o
    0x08005b4e   0x08005b4e   0x00000002   PAD
    0x08005b50   0x08005b50   0x00000010   Code   RO          547    .text.USART3_PowerControl  usart_stm32f4xx.o
    0x08005b60   0x08005b60   0x00000010   Code   RO          551    .text.USART3_Receive  usart_stm32f4xx.o
    0x08005b70   0x08005b70   0x00000010   Code   RO          549    .text.USART3_Send   usart_stm32f4xx.o
    0x08005b80   0x08005b80   0x00000010   Code   RO          563    .text.USART3_SetModemControl  usart_stm32f4xx.o
    0x08005b90   0x08005b90   0x00000010   Code   RO          553    .text.USART3_Transfer  usart_stm32f4xx.o
    0x08005ba0   0x08005ba0   0x00000012   Code   RO          545    .text.USART3_Uninitialize  usart_stm32f4xx.o
    0x08005bb2   0x08005bb2   0x00000002   PAD
    0x08005bb4   0x08005bb4   0x00000010   Code   RO          587    .text.USART6_Control  usart_stm32f4xx.o
    0x08005bc4   0x08005bc4   0x00000010   Code   RO          569    .text.USART6_GetCapabilities  usart_stm32f4xx.o
    0x08005bd4   0x08005bd4   0x00000010   Code   RO          593    .text.USART6_GetModemStatus  usart_stm32f4xx.o
    0x08005be4   0x08005be4   0x00000010   Code   RO          585    .text.USART6_GetRxCount  usart_stm32f4xx.o
    0x08005bf4   0x08005bf4   0x00000010   Code   RO          589    .text.USART6_GetStatus  usart_stm32f4xx.o
    0x08005c04   0x08005c04   0x00000010   Code   RO          583    .text.USART6_GetTxCount  usart_stm32f4xx.o
    0x08005c14   0x08005c14   0x00000010   Code   RO          567    .text.USART6_IRQHandler  usart_stm32f4xx.o
    0x08005c24   0x08005c24   0x00000012   Code   RO          571    .text.USART6_Initialize  usart_stm32f4xx.o
    0x08005c36   0x08005c36   0x00000002   PAD
    0x08005c38   0x08005c38   0x00000010   Code   RO          575    .text.USART6_PowerControl  usart_stm32f4xx.o
    0x08005c48   0x08005c48   0x00000010   Code   RO          579    .text.USART6_Receive  usart_stm32f4xx.o
    0x08005c58   0x08005c58   0x00000010   Code   RO          577    .text.USART6_Send   usart_stm32f4xx.o
    0x08005c68   0x08005c68   0x00000010   Code   RO          591    .text.USART6_SetModemControl  usart_stm32f4xx.o
    0x08005c78   0x08005c78   0x00000010   Code   RO          581    .text.USART6_Transfer  usart_stm32f4xx.o
    0x08005c88   0x08005c88   0x00000012   Code   RO          573    .text.USART6_Uninitialize  usart_stm32f4xx.o
    0x08005c9a   0x08005c9a   0x00000002   PAD
    0x08005c9c   0x08005c9c   0x0000073a   Code   RO          621    .text.USART_Control  usart_stm32f4xx.o
    0x080063d6   0x080063d6   0x00000002   PAD
    0x080063d8   0x080063d8   0x00000004   Code   RO          595    .text.USART_GetCapabilities  usart_stm32f4xx.o
    0x080063dc   0x080063dc   0x00000028   Code   RO          627    .text.USART_GetModemStatus  usart_stm32f4xx.o
    0x08006404   0x08006404   0x00000006   Code   RO          619    .text.USART_GetRxCount  usart_stm32f4xx.o
    0x0800640a   0x0800640a   0x00000002   PAD
    0x0800640c   0x0800640c   0x00000058   Code   RO          623    .text.USART_GetStatus  usart_stm32f4xx.o
    0x08006464   0x08006464   0x00000006   Code   RO          617    .text.USART_GetTxCount  usart_stm32f4xx.o
    0x0800646a   0x0800646a   0x00000002   PAD
    0x0800646c   0x0800646c   0x00000202   Code   RO          535    .text.USART_IRQHandler  usart_stm32f4xx.o
    0x0800666e   0x0800666e   0x00000002   PAD
    0x08006670   0x08006670   0x00000062   Code   RO          597    .text.USART_Initialize  usart_stm32f4xx.o
    0x080066d2   0x080066d2   0x00000002   PAD
    0x080066d4   0x080066d4   0x0000018a   Code   RO          609    .text.USART_PeripheralReset  usart_stm32f4xx.o
    0x0800685e   0x0800685e   0x00000002   PAD
    0x08006860   0x08006860   0x00000316   Code   RO          603    .text.USART_PowerControl  usart_stm32f4xx.o
    0x08006b76   0x08006b76   0x00000002   PAD
    0x08006b78   0x08006b78   0x00000086   Code   RO          613    .text.USART_Receive  usart_stm32f4xx.o
    0x08006bfe   0x08006bfe   0x00000002   PAD
    0x08006c00   0x08006c00   0x00000074   Code   RO          611    .text.USART_Send    usart_stm32f4xx.o
    0x08006c74   0x08006c74   0x00000066   Code   RO          625    .text.USART_SetModemControl  usart_stm32f4xx.o
    0x08006cda   0x08006cda   0x00000002   PAD
    0x08006cdc   0x08006cdc   0x00000050   Code   RO          615    .text.USART_Transfer  usart_stm32f4xx.o
    0x08006d2c   0x08006d2c   0x0000005c   Code   RO          601    .text.USART_Uninitialize  usart_stm32f4xx.o
    0x08006d88   0x08006d88   0x0000000a   Code   RO          539    .text.USARTx_GetVersion  usart_stm32f4xx.o
    0x08006d92   0x08006d92   0x00000002   PAD
    0x08006d94   0x08006d94   0x00000002   Code   RO          120    .text.UsageFault_Handler  stm32f4xx_it.o
    0x08006d96   0x08006d96   0x00000002   PAD
    0x08006d98   0x08006d98   0x0000000e   Code   RO          505    .text.__NVIC_ClearPendingIRQ  spi_stm32f4xx.o
    0x08006da6   0x08006da6   0x00000002   PAD
    0x08006da8   0x08006da8   0x00000020   Code   RO          605    .text.__NVIC_ClearPendingIRQ  usart_stm32f4xx.o
    0x08006dc8   0x08006dc8   0x00000020   Code   RO          868    .text.__NVIC_ClearPendingIRQ  stm32f4xx_hal_cortex.o
    0x08006de8   0x08006de8   0x00000028   Code   RO          834    .text.__NVIC_DisableIRQ  stm32f4xx_hal_cortex.o
    0x08006e10   0x08006e10   0x0000000e   Code   RO          507    .text.__NVIC_EnableIRQ  spi_stm32f4xx.o
    0x08006e1e   0x08006e1e   0x00000002   PAD
    0x08006e20   0x08006e20   0x00000020   Code   RO          607    .text.__NVIC_EnableIRQ  usart_stm32f4xx.o
    0x08006e40   0x08006e40   0x00000020   Code   RO          830    .text.__NVIC_EnableIRQ  stm32f4xx_hal_cortex.o
    0x08006e60   0x08006e60   0x00000010   Code   RO          822    .text.__NVIC_GetPriorityGrouping  stm32f4xx_hal_cortex.o
    0x08006e70   0x08006e70   0x00000022   Code   RO          824    .text.__NVIC_SetPriority  stm32f4xx_hal_cortex.o
    0x08006e92   0x08006e92   0x00000002   PAD
    0x08006e94   0x08006e94   0x00000020   Code   RO          818    .text.__NVIC_SetPriorityGrouping  stm32f4xx_hal_cortex.o
    0x08006eb4   0x08006eb4   0x0000001a   Code   RO          356    .text._mutex_acquire  rtx_lib.o
    0x08006ece   0x08006ece   0x00000002   PAD
    0x08006ed0   0x08006ed0   0x0000000a   Code   RO          360    .text._mutex_free   rtx_lib.o
    0x08006eda   0x08006eda   0x00000002   PAD
    0x08006edc   0x08006edc   0x00000020   Code   RO          354    .text._mutex_initialize  rtx_lib.o
    0x08006efc   0x08006efc   0x00000016   Code   RO          358    .text._mutex_release  rtx_lib.o
    0x08006f12   0x08006f12   0x00000002   PAD
    0x08006f14   0x08006f14   0x00000008   Code   RO          348    .text._platform_post_stackheap_init  rtx_lib.o
    0x08006f1c   0x08006f1c   0x0000001e   Code   RO          176    .text.callbackCOM   com.o
    0x08006f3a   0x08006f3a   0x00000002   PAD
    0x08006f3c   0x08006f3c   0x00000020   Code   RO           86    .text.clear_L1      lcd.o
    0x08006f5c   0x08006f5c   0x00000024   Code   RO           88    .text.clear_L2      lcd.o
    0x08006f80   0x08006f80   0x0000001a   Code   RO            4    .text.main          main.o
    0x08006f9a   0x08006f9a   0x00000002   PAD
    0x08006f9c   0x08006f9c   0x0000001a   Code   RO          202    .text.next_song     mp3.o
    0x08006fb6   0x08006fb6   0x00000002   PAD
    0x08006fb8   0x08006fb8   0x00000024   Code   RO         2062    .text.osDelay       RTX_CM3.lib(rtx_delay.o)
    0x08006fdc   0x08006fdc   0x0000002c   Code   RO         1854    .text.osKernelGetState  RTX_CM3.lib(rtx_kernel.o)
    0x08007008   0x08007008   0x00000028   Code   RO         1870    .text.osKernelGetTickCount  RTX_CM3.lib(rtx_kernel.o)
    0x08007030   0x08007030   0x0000002c   Code   RO         1848    .text.osKernelInitialize  RTX_CM3.lib(rtx_kernel.o)
    0x0800705c   0x0800705c   0x00000024   Code   RO         1858    .text.osKernelStart  RTX_CM3.lib(rtx_kernel.o)
    0x08007080   0x08007080   0x00000070   Code   RO         2166    .text.osMessageQueueGet  RTX_CM3.lib(rtx_msgqueue.o)
    0x080070f0   0x080070f0   0x00000024   Code   RO         2160    .text.osMessageQueueNew  RTX_CM3.lib(rtx_msgqueue.o)
    0x08007114   0x08007114   0x00000080   Code   RO         2164    .text.osMessageQueuePut  RTX_CM3.lib(rtx_msgqueue.o)
    0x08007194   0x08007194   0x00000024   Code   RO         2128    .text.osMutexAcquire  RTX_CM3.lib(rtx_mutex.o)
    0x080071b8   0x080071b8   0x00000024   Code   RO         2134    .text.osMutexDelete  RTX_CM3.lib(rtx_mutex.o)
    0x080071dc   0x080071dc   0x00000024   Code   RO         2124    .text.osMutexNew    RTX_CM3.lib(rtx_mutex.o)
    0x08007200   0x08007200   0x00000024   Code   RO         2130    .text.osMutexRelease  RTX_CM3.lib(rtx_mutex.o)
    0x08007224   0x08007224   0x00000002   Code   RO          386    .text.osRtxErrorNotify  rtx_config.o
    0x08007226   0x08007226   0x00000002   PAD
    0x08007228   0x08007228   0x00000002   Code   RO          384    .text.osRtxIdleThread  rtx_config.o
    0x0800722a   0x0800722a   0x00000004   Code   RO         1846    .text.osRtxKernelErrorNotify  RTX_CM3.lib(rtx_kernel.o)
    0x0800722e   0x0800722e   0x00000002   Code   RO         1844    .text.osRtxKernelPreInit  RTX_CM3.lib(rtx_kernel.o)
    0x08007230   0x08007230   0x0000006c   Code   RO         2225    .text.osRtxMemoryAlloc  RTX_CM3.lib(rtx_memory.o)
    0x0800729c   0x0800729c   0x00000042   Code   RO         2227    .text.osRtxMemoryFree  RTX_CM3.lib(rtx_memory.o)
    0x080072de   0x080072de   0x00000036   Code   RO         2223    .text.osRtxMemoryInit  RTX_CM3.lib(rtx_memory.o)
    0x08007314   0x08007314   0x0000003a   Code   RO         2239    .text.osRtxMemoryPoolAlloc  RTX_CM3.lib(rtx_mempool.o)
    0x0800734e   0x0800734e   0x0000004a   Code   RO         2241    .text.osRtxMemoryPoolFree  RTX_CM3.lib(rtx_mempool.o)
    0x08007398   0x08007398   0x00000038   Code   RO         2237    .text.osRtxMemoryPoolInit  RTX_CM3.lib(rtx_mempool.o)
    0x080073d0   0x080073d0   0x000000aa   Code   RO         2188    .text.osRtxMessageQueuePostProcess  RTX_CM3.lib(rtx_msgqueue.o)
    0x0800747a   0x0800747a   0x00000002   PAD
    0x0800747c   0x0800747c   0x00000024   Code   RO         2156    .text.osRtxMessageQueueTimerSetup  RTX_CM3.lib(rtx_msgqueue.o)
    0x080074a0   0x080074a0   0x00000048   Code   RO         2120    .text.osRtxMutexOwnerRelease  RTX_CM3.lib(rtx_mutex.o)
    0x080074e8   0x080074e8   0x00000042   Code   RO         2122    .text.osRtxMutexOwnerRestore  RTX_CM3.lib(rtx_mutex.o)
    0x0800752a   0x0800752a   0x00000002   PAD
    0x0800752c   0x0800752c   0x00000088   Code   RO         2291    .text.osRtxPendSV_Handler  RTX_CM3.lib(rtx_system.o)
    0x080075b4   0x080075b4   0x00000070   Code   RO         2293    .text.osRtxPostProcess  RTX_CM3.lib(rtx_system.o)
    0x08007624   0x08007624   0x00000034   Code   RO         1936    .text.osRtxThreadBlock  RTX_CM3.lib(rtx_thread.o)
    0x08007658   0x08007658   0x0000007c   Code   RO         1944    .text.osRtxThreadDelayInsert  RTX_CM3.lib(rtx_thread.o)
    0x080076d4   0x080076d4   0x0000003c   Code   RO         1940    .text.osRtxThreadDelayRemove  RTX_CM3.lib(rtx_thread.o)
    0x08007710   0x08007710   0x00000048   Code   RO         1926    .text.osRtxThreadDelayTick  RTX_CM3.lib(rtx_thread.o)
    0x08007758   0x08007758   0x00000020   Code   RO         2028    .text.osRtxThreadDestroy  RTX_CM3.lib(rtx_thread.o)
    0x08007778   0x08007778   0x00000050   Code   RO         1934    .text.osRtxThreadDispatch  RTX_CM3.lib(rtx_thread.o)
    0x080077c8   0x080077c8   0x00000058   Code   RO         2020    .text.osRtxThreadFree  RTX_CM3.lib(rtx_thread.o)
    0x08007820   0x08007820   0x0000001e   Code   RO         2026    .text.osRtxThreadJoinWakeup  RTX_CM3.lib(rtx_thread.o)
    0x0800783e   0x0800783e   0x00000012   Code   RO         1918    .text.osRtxThreadListGet  RTX_CM3.lib(rtx_thread.o)
    0x08007850   0x08007850   0x0000002c   Code   RO         1916    .text.osRtxThreadListPut  RTX_CM3.lib(rtx_thread.o)
    0x0800787c   0x0800787c   0x00000014   Code   RO         1922    .text.osRtxThreadListRemove  RTX_CM3.lib(rtx_thread.o)
    0x08007890   0x08007890   0x0000000c   Code   RO         1928    .text.osRtxThreadListRoot  RTX_CM3.lib(rtx_thread.o)
    0x0800789c   0x0800789c   0x00000026   Code   RO         1920    .text.osRtxThreadListSort  RTX_CM3.lib(rtx_thread.o)
    0x080078c2   0x080078c2   0x00000028   Code   RO         1994    .text.osRtxThreadPostProcess  RTX_CM3.lib(rtx_thread.o)
    0x080078ea   0x080078ea   0x00000002   PAD
    0x080078ec   0x080078ec   0x00000014   Code   RO         1924    .text.osRtxThreadReadyPut  RTX_CM3.lib(rtx_thread.o)
    0x08007900   0x08007900   0x00000006   Code   RO         1930    .text.osRtxThreadRegPtr  RTX_CM3.lib(rtx_thread.o)
    0x08007906   0x08007906   0x00000002   PAD
    0x08007908   0x08007908   0x00000038   Code   RO         1946    .text.osRtxThreadStartup  RTX_CM3.lib(rtx_thread.o)
    0x08007940   0x08007940   0x0000000c   Code   RO         1932    .text.osRtxThreadSwitch  RTX_CM3.lib(rtx_thread.o)
    0x0800794c   0x0800794c   0x0000003c   Code   RO         1942    .text.osRtxThreadWaitEnter  RTX_CM3.lib(rtx_thread.o)
    0x08007988   0x08007988   0x00000022   Code   RO         1938    .text.osRtxThreadWaitExit  RTX_CM3.lib(rtx_thread.o)
    0x080079aa   0x080079aa   0x00000002   PAD
    0x080079ac   0x080079ac   0x00000074   Code   RO         2289    .text.osRtxTick_Handler  RTX_CM3.lib(rtx_system.o)
    0x08007a20   0x08007a20   0x00000020   Code   RO         2078    .text.osRtxTimerSetup  RTX_CM3.lib(rtx_timer.o)
    0x08007a40   0x08007a40   0x00000020   Code   RO         2082    .text.osRtxTimerThread  RTX_CM3.lib(rtx_timer.o)
    0x08007a60   0x08007a60   0x00000070   Code   RO         2080    .text.osRtxTimerTick  RTX_CM3.lib(rtx_timer.o)
    0x08007ad0   0x08007ad0   0x0000000c   Code   RO         1978    .text.osThreadExit  RTX_CM3.lib(rtx_thread.o)
    0x08007adc   0x08007adc   0x00000058   Code   RO         1986    .text.osThreadFlagsSet  RTX_CM3.lib(rtx_thread.o)
    0x08007b34   0x08007b34   0x00000024   Code   RO         1992    .text.osThreadFlagsWait  RTX_CM3.lib(rtx_thread.o)
    0x08007b58   0x08007b58   0x00000024   Code   RO         1950    .text.osThreadNew   RTX_CM3.lib(rtx_thread.o)
    0x08007b7c   0x08007b7c   0x00000024   Code   RO         1968    .text.osThreadYield  RTX_CM3.lib(rtx_thread.o)
    0x08007ba0   0x08007ba0   0x00000024   Code   RO         2084    .text.osTimerNew    RTX_CM3.lib(rtx_timer.o)
    0x08007bc4   0x08007bc4   0x00000024   Code   RO         2088    .text.osTimerStart  RTX_CM3.lib(rtx_timer.o)
    0x08007be8   0x08007be8   0x00000024   Code   RO         2090    .text.osTimerStop   RTX_CM3.lib(rtx_timer.o)
    0x08007c0c   0x08007c0c   0x0000001e   Code   RO          352    .text.os_kernel_is_active  rtx_lib.o
    0x08007c2a   0x08007c2a   0x00000002   PAD
    0x08007c2c   0x08007c2c   0x0000001a   Code   RO          216    .text.pause         mp3.o
    0x08007c46   0x08007c46   0x00000002   PAD
    0x08007c48   0x08007c48   0x0000001a   Code   RO          214    .text.play          mp3.o
    0x08007c62   0x08007c62   0x00000002   PAD
    0x08007c64   0x08007c64   0x0000001e   Code   RO          206    .text.play_with_index  mp3.o
    0x08007c82   0x08007c82   0x00000002   PAD
    0x08007c84   0x08007c84   0x00000020   Code   RO          220    .text.play_with_volume  mp3.o
    0x08007ca4   0x08007ca4   0x0000001a   Code   RO          204    .text.previous_song  mp3.o
    0x08007cbe   0x08007cbe   0x00000002   PAD
    0x08007cc0   0x08007cc0   0x00000024   Code   RO          198    .text.reset         mp3.o
    0x08007ce4   0x08007ce4   0x0000002a   Code   RO           72    .text.resetLCD      lcd.o
    0x08007d0e   0x08007d0e   0x00000002   PAD
    0x08007d10   0x08007d10   0x00000026   Code   RO          200    .text.select_device  mp3.o
    0x08007d36   0x08007d36   0x00000002   PAD
    0x08007d38   0x08007d38   0x0000001e   Code   RO          208    .text.set_volume    mp3.o
    0x08007d56   0x08007d56   0x00000002   PAD
    0x08007d58   0x08007d58   0x0000001a   Code   RO          210    .text.sleep_mode    mp3.o
    0x08007d72   0x08007d72   0x00000002   PAD
    0x08007d74   0x08007d74   0x0000001a   Code   RO          218    .text.stop_play     mp3.o
    0x08007d8e   0x08007d8e   0x00000016   Code   RO         2066    .text.svcRtxDelay   RTX_CM3.lib(rtx_delay.o)
    0x08007da4   0x08007da4   0x0000000c   Code   RO         1856    .text.svcRtxKernelGetState  RTX_CM3.lib(rtx_kernel.o)
    0x08007db0   0x08007db0   0x0000000c   Code   RO         1872    .text.svcRtxKernelGetTickCount  RTX_CM3.lib(rtx_kernel.o)
    0x08007dbc   0x08007dbc   0x000000f8   Code   RO         1886    .text.svcRtxKernelInitialize  RTX_CM3.lib(rtx_kernel.o)
    0x08007eb4   0x08007eb4   0x00000084   Code   RO         1888    .text.svcRtxKernelStart  RTX_CM3.lib(rtx_kernel.o)
    0x08007f38   0x08007f38   0x000000d4   Code   RO         2200    .text.svcRtxMessageQueueGet  RTX_CM3.lib(rtx_msgqueue.o)
    0x0800800c   0x0800800c   0x00000118   Code   RO         2158    .text.svcRtxMessageQueueNew  RTX_CM3.lib(rtx_msgqueue.o)
    0x08008124   0x08008124   0x000000b0   Code   RO         2196    .text.svcRtxMessageQueuePut  RTX_CM3.lib(rtx_msgqueue.o)
    0x080081d4   0x080081d4   0x00000090   Code   RO         2140    .text.svcRtxMutexAcquire  RTX_CM3.lib(rtx_mutex.o)
    0x08008264   0x08008264   0x000000ac   Code   RO         2146    .text.svcRtxMutexDelete  RTX_CM3.lib(rtx_mutex.o)
    0x08008310   0x08008310   0x00000068   Code   RO         2136    .text.svcRtxMutexNew  RTX_CM3.lib(rtx_mutex.o)
    0x08008378   0x08008378   0x000000b4   Code   RO         2142    .text.svcRtxMutexRelease  RTX_CM3.lib(rtx_mutex.o)
    0x0800842c   0x0800842c   0x0000004c   Code   RO         2024    .text.svcRtxThreadExit  RTX_CM3.lib(rtx_thread.o)
    0x08008478   0x08008478   0x00000066   Code   RO         2036    .text.svcRtxThreadFlagsSet  RTX_CM3.lib(rtx_thread.o)
    0x080084de   0x080084de   0x00000002   PAD
    0x080084e0   0x080084e0   0x0000004c   Code   RO         2042    .text.svcRtxThreadFlagsWait  RTX_CM3.lib(rtx_thread.o)
    0x0800852c   0x0800852c   0x000001ec   Code   RO         1948    .text.svcRtxThreadNew  RTX_CM3.lib(rtx_thread.o)
    0x08008718   0x08008718   0x00000038   Code   RO         2010    .text.svcRtxThreadYield  RTX_CM3.lib(rtx_thread.o)
    0x08008750   0x08008750   0x00000074   Code   RO         2098    .text.svcRtxTimerNew  RTX_CM3.lib(rtx_timer.o)
    0x080087c4   0x080087c4   0x00000048   Code   RO         2102    .text.svcRtxTimerStart  RTX_CM3.lib(rtx_timer.o)
    0x0800880c   0x0800880c   0x00000028   Code   RO         2106    .text.svcRtxTimerStop  RTX_CM3.lib(rtx_timer.o)
    0x08008834   0x08008834   0x0000001a   Code   RO          212    .text.wake_up       mp3.o
    0x0800884e   0x0800884e   0x0000003e   Code   RO         2494    CL$$btod_d2e        c_w.l(btod.o)
    0x0800888c   0x0800888c   0x00000046   Code   RO         2496    CL$$btod_d2e_denorm_low  c_w.l(btod.o)
    0x080088d2   0x080088d2   0x00000060   Code   RO         2495    CL$$btod_d2e_norm_op1  c_w.l(btod.o)
    0x08008932   0x08008932   0x00000002   PAD
    0x08008934   0x08008934   0x00000338   Code   RO         2504    CL$$btod_div_common  c_w.l(btod.o)
    0x08008c6c   0x08008c6c   0x000000dc   Code   RO         2501    CL$$btod_e2e        c_w.l(btod.o)
    0x08008d48   0x08008d48   0x0000002a   Code   RO         2498    CL$$btod_ediv       c_w.l(btod.o)
    0x08008d72   0x08008d72   0x0000002a   Code   RO         2497    CL$$btod_emul       c_w.l(btod.o)
    0x08008d9c   0x08008d9c   0x00000244   Code   RO         2503    CL$$btod_mult_common  c_w.l(btod.o)
    0x08008fe0   0x08008fe0   0x00000028   Code   RO         2525    i.__ARM_fpclassify  m_ws.l(fpclassify.o)
    0x08009008   0x08009008   0x0000000e   Code   RO         2374    i._is_digit         c_w.l(__printf_wp.o)
    0x08009016   0x08009016   0x00000002   PAD
    0x08009018   0x08009018   0x0000002c   Code   RO         2519    locale$$code        c_w.l(lc_numeric_c.o)
    0x08009044   0x08009044   0x00000062   Code   RO         2400    x$fpl$d2f           fz_ws.l(d2f.o)
    0x080090a6   0x080090a6   0x00000026   Code   RO         2402    x$fpl$dfltu         fz_ws.l(dflt_clz.o)
    0x080090cc   0x080090cc   0x00000154   Code   RO         2408    x$fpl$dmul          fz_ws.l(dmul.o)
    0x08009220   0x08009220   0x0000009c   Code   RO         2446    x$fpl$dnaninf       fz_ws.l(dnaninf.o)
    0x080092bc   0x080092bc   0x0000000c   Code   RO         2448    x$fpl$dretinf       fz_ws.l(dretinf.o)
    0x080092c8   0x080092c8   0x00000056   Code   RO         2410    x$fpl$f2d           fz_ws.l(f2d.o)
    0x0800931e   0x0800931e   0x00000054   Code   RO         2412    x$fpl$fcmp          fz_ws.l(fcmp.o)
    0x08009372   0x08009372   0x00000018   Code   RO         2521    x$fpl$fcmpinf       fz_ws.l(fcmpi.o)
    0x0800938a   0x0800938a   0x00000002   PAD
    0x0800938c   0x0800938c   0x00000068   Code   RO         2450    x$fpl$feqf          fz_ws.l(feqf.o)
    0x080093f4   0x080093f4   0x00000036   Code   RO         2414    x$fpl$ffix          fz_ws.l(ffix.o)
    0x0800942a   0x0800942a   0x00000002   PAD
    0x0800942c   0x0800942c   0x00000026   Code   RO         2418    x$fpl$ffltu         fz_ws.l(fflt_clz.o)
    0x08009452   0x08009452   0x00000002   PAD
    0x08009454   0x08009454   0x00000068   Code   RO         2452    x$fpl$fgeqf         fz_ws.l(fgeqf.o)
    0x080094bc   0x080094bc   0x00000068   Code   RO         2454    x$fpl$fleqf         fz_ws.l(fleqf.o)
    0x08009524   0x08009524   0x00000102   Code   RO         2424    x$fpl$fmul          fz_ws.l(fmul.o)
    0x08009626   0x08009626   0x0000008c   Code   RO         2456    x$fpl$fnaninf       fz_ws.l(fnaninf.o)
    0x080096b2   0x080096b2   0x0000000a   Code   RO         2458    x$fpl$fretinf       fz_ws.l(fretinf.o)
    0x080096bc   0x080096bc   0x00000004   Code   RO         2426    x$fpl$printf1       fz_ws.l(printf1.o)
    0x080096c0   0x080096c0   0x00000000   Code   RO         2460    x$fpl$usenofp       fz_ws.l(usenofp.o)
    0x080096c0   0x080096c0   0x00000028   Data   RO         2347    .constdata          c_w.l(_printf_hex_int.o)
    0x080096e8   0x080096e8   0x00000011   Data   RO         2377    .constdata          c_w.l(__printf_flags_wp.o)
    0x080096f9   0x080096f9   0x00000003   PAD
    0x080096fc   0x080096fc   0x00000094   Data   RO         2492    .constdata          c_w.l(bigflt0.o)
    0x08009790   0x08009790   0x000000a8   Data   RO          366    .rodata             rtx_lib.o
    0x08009838   0x08009838   0x00000010   Data   RO         1834    .rodata.AHBPrescTable  system_stm32f4xx.o
    0x08009848   0x08009848   0x00000008   Data   RO         1835    .rodata.APBPrescTable  system_stm32f4xx.o
    0x08009850   0x08009850   0x00000960   Data   RO           90    .rodata.Arial12x12  lcd.o
    0x0800a1b0   0x0800a1b0   0x00000030   Data   RO          449    .rodata.Driver_I2C1  i2c_stm32f4xx.o
    0x0800a1e0   0x0800a1e0   0x0000002c   Data   RO          519    .rodata.Driver_SPI1  spi_stm32f4xx.o
    0x0800a20c   0x0800a20c   0x00000038   Data   RO          629    .rodata.Driver_USART3  usart_stm32f4xx.o
    0x0800a244   0x0800a244   0x00000038   Data   RO          630    .rodata.Driver_USART6  usart_stm32f4xx.o
    0x0800a27c   0x0800a27c   0x00000034   Data   RO          635    .rodata.USART3_Resources  usart_stm32f4xx.o
    0x0800a2b0   0x0800a2b0   0x0000000c   Data   RO          632    .rodata.USART3_rx   usart_stm32f4xx.o
    0x0800a2bc   0x0800a2bc   0x0000000c   Data   RO          631    .rodata.USART3_tx   usart_stm32f4xx.o
    0x0800a2c8   0x0800a2c8   0x00000034   Data   RO          640    .rodata.USART6_Resources  usart_stm32f4xx.o
    0x0800a2fc   0x0800a2fc   0x0000000c   Data   RO          637    .rodata.USART6_rx   usart_stm32f4xx.o
    0x0800a308   0x0800a308   0x0000000c   Data   RO          636    .rodata.USART6_tx   usart_stm32f4xx.o
    0x0800a314   0x0800a314   0x00000004   Data   RO          368    .rodata.osRtxUserSVC  rtx_lib.o
    0x0800a318   0x0800a318   0x00000024   Data   RO          363    .rodata.os_idle_thread_attr  rtx_lib.o
    0x0800a33c   0x0800a33c   0x00000018   Data   RO          365    .rodata.os_timer_mq_attr  rtx_lib.o
    0x0800a354   0x0800a354   0x00000024   Data   RO          364    .rodata.os_timer_thread_attr  rtx_lib.o
    0x0800a378   0x0800a378   0x00000085   Data   RO          138    .rodata.str1.1      principal.o
    0x0800a3fd   0x0800a3fd   0x00000003   PAD
    0x0800a400   0x0800a400   0x0000000b   Data   RO         1906    .rodata.str1.4      RTX_CM3.lib(rtx_kernel.o)
    0x0800a40b   0x0800a40b   0x00000001   PAD
    0x0800a40c   0x0800a40c   0x00000020   Data   RO         2679    Region$$Table       anon$$obj.o
    0x0800a42c   0x0800a42c   0x0000001c   Data   RO         2518    locale$$data        c_w.l(lc_numeric_c.o)


    Execution Region RW_IRAM1 (Exec base: 0x20000000, Load base: 0x0800a448, Size: 0x000112c8, Max: 0x00030000, ABSOLUTE)

    Exec Addr    Load Addr    Size         Type   Attr      Idx    E Section Name        Object

    0x20000000   0x0800a448   0x00000004   Data   RW           91    .data.SPIdrv        lcd.o
    0x20000004   0x0800a44c   0x00000004   Data   RW         1833    .data.SystemCoreClock  system_stm32f4xx.o
    0x20000008   0x0800a450   0x000000a4   Data   RW         1907    .data.os            RTX_CM3.lib(rtx_kernel.o)
    0x200000ac   0x0800a4f4   0x00000001   Data   RW          708    .data.uwTickFreq    stm32f4xx_hal.o
    0x200000ad   0x0800a4f5   0x00000003   PAD
    0x200000b0   0x0800a4f8   0x00000004   Data   RW          707    .data.uwTickPrio    stm32f4xx_hal.o
    0x200000b4   0x0800a4fc   0x00000004   PAD
    0x200000b8        -       0x00000060   Zero   RW         2528    .bss                c_w.l(libspace.o)
    0x20000118        -       0x00000014   Zero   RW           97    .bss.GPIO_InitStruct  lcd.o
    0x2000012c        -       0x00000004   Zero   RW            8    .bss.HAL_GetTick.ticks  main.o
    0x20000130        -       0x00000028   Zero   RW          450    .bss.I2C1_Info      i2c_stm32f4xx.o
    0x20000158        -       0x00000014   Zero   RW           46    .bss.Init_Joystick.GPIO_InitStruct  joystick.o
    0x2000016c        -       0x00000014   Zero   RW          292    .bss.Init_LED.GPIO_InitStruct  led.o
    0x20000180        -       0x00000014   Zero   RW          262    .bss.Init_PWM.GPIO_InitStruct  pwm.o
    0x20000194        -       0x00000004   Zero   RW          521    .bss.SPI1_Info.0    spi_stm32f4xx.o
    0x20000198        -       0x00000001   Zero   RW          524    .bss.SPI1_Info.1.0  spi_stm32f4xx.o
    0x20000199   0x0800a4fc   0x00000003   PAD
    0x2000019c        -       0x00000001   Zero   RW          525    .bss.SPI1_Info.1.1  spi_stm32f4xx.o
    0x2000019d   0x0800a4fc   0x00000001   PAD
    0x2000019e        -       0x00000001   Zero   RW          526    .bss.SPI1_Info.1.2  spi_stm32f4xx.o
    0x2000019f   0x0800a4fc   0x00000001   PAD
    0x200001a0        -       0x00000004   Zero   RW          522    .bss.SPI1_Info.2    spi_stm32f4xx.o
    0x200001a4        -       0x00000004   Zero   RW          523    .bss.SPI1_Info.3    spi_stm32f4xx.o
    0x200001a8        -       0x0000001c   Zero   RW          520    .bss.SPI1_TransferInfo  spi_stm32f4xx.o
    0x200001c4        -       0x00000014   Zero   RW          633    .bss.USART3_Info    usart_stm32f4xx.o
    0x200001d8        -       0x00000024   Zero   RW          634    .bss.USART3_TransferInfo  usart_stm32f4xx.o
    0x200001fc        -       0x00000014   Zero   RW          638    .bss.USART6_Info    usart_stm32f4xx.o
    0x20000210        -       0x00000024   Zero   RW          639    .bss.USART6_TransferInfo  usart_stm32f4xx.o
    0x20000234        -       0x00000048   Zero   RW          167    .bss.adchandle      vol.o
    0x2000027c        -       0x00000001   Zero   RW          137    .bss.aux_vol        principal.o
    0x2000027d   0x0800a4fc   0x00000003   PAD
    0x20000280        -       0x00000200   Zero   RW           99    .bss.buffer         lcd.o
    0x20000480        -       0x00000008   Zero   RW          249    .bss.data           mp3.o
    0x20000488        -       0x00000004   Zero   RW          242    .bss.exec           mp3.o
    0x2000048c        -       0x00000004   Zero   RW           27    .bss.exec_clock     clock.o
    0x20000490        -       0x00000004   Zero   RW           48    .bss.exec_pulsacion_corta  joystick.o
    0x20000494        -       0x00000004   Zero   RW           50    .bss.exec_pulsacion_larga  joystick.o
    0x20000498        -       0x00000004   Zero   RW           26    .bss.horas          clock.o
    0x2000049c        -       0x00000040   Zero   RW          263    .bss.htim2          pwm.o
    0x200004dc        -       0x00000001   Zero   RW           53    .bss.joy            joystick.o
    0x200004dd        -       0x00000201   Zero   RW           96    .bss.lcd            lcd.o
    0x200006de   0x0800a4fc   0x00000002   PAD
    0x200006e0        -       0x00000004   Zero   RW          183    .bss.mid_COMQueue   com.o
    0x200006e4        -       0x00000004   Zero   RW           47    .bss.mid_JoystickQueue  joystick.o
    0x200006e8        -       0x00000004   Zero   RW           94    .bss.mid_LCDQueue   lcd.o
    0x200006ec        -       0x00000004   Zero   RW          293    .bss.mid_LEDQueue   led.o
    0x200006f0        -       0x00000004   Zero   RW          244    .bss.mid_MP3Queue   mp3.o
    0x200006f4        -       0x00000004   Zero   RW          165    .bss.mid_VolQueue   vol.o
    0x200006f8        -       0x00000004   Zero   RW           25    .bss.minutos        clock.o
    0x200006fc        -       0x0000001c   Zero   RW          264    .bss.octim2         pwm.o
    0x20000718        -       0x00010040   Zero   RW          362    .bss.os             rtx_lib.o
    0x20010758        -       0x00000001   Zero   RW         2321    .bss.os             RTX_CM3.lib(os_systick.o)
    0x20010759   0x0800a4fc   0x00000003   PAD
    0x2001075c        -       0x00000034   Zero   RW          373    .bss.os.msgqueue.cb  rtx_lib.o
    0x20010790        -       0x00000050   Zero   RW          374    .bss.os.msgqueue.mem  rtx_lib.o
    0x200107e0        -       0x00000088   Zero   RW          370    .bss.os.thread.cb   rtx_lib.o
    0x20010868        -       0x00000200   Zero   RW          371    .bss.os.thread.idle.stack  rtx_lib.o
    0x20010a68        -       0x00000200   Zero   RW          372    .bss.os.thread.timer.stack  rtx_lib.o
    0x20010c68        -       0x00000001   Zero   RW          375    .bss.os_kernel_is_active.os_kernel_active  rtx_lib.o
    0x20010c69   0x0800a4fc   0x00000001   PAD
    0x20010c6a        -       0x00000002   Zero   RW           92    .bss.posicionL1     lcd.o
    0x20010c6c        -       0x00000002   Zero   RW           93    .bss.posicionL2     lcd.o
    0x20010c6e        -       0x0000000a   Zero   RW          248    .bss.reply          mp3.o
    0x20010c78        -       0x00000004   Zero   RW           24    .bss.segundos       clock.o
    0x20010c7c        -       0x00000001   Zero   RW          246    .bss.segundos_reproduccion  mp3.o
    0x20010c7d   0x0800a4fc   0x00000003   PAD
    0x20010c80        -       0x00000004   Zero   RW           98    .bss.stat           lcd.o
    0x20010c84        -       0x00000004   Zero   RW          279    .bss.temperatura    temp.o
    0x20010c88        -       0x00000001   Zero   RW          247    .bss.tick_10ms      mp3.o
    0x20010c89   0x0800a4fc   0x00000003   PAD
    0x20010c8c        -       0x00000004   Zero   RW           29    .bss.tid_Clock      clock.o
    0x20010c90        -       0x00000004   Zero   RW          182    .bss.tid_Com        com.o
    0x20010c94        -       0x00000004   Zero   RW           52    .bss.tid_Joystick   joystick.o
    0x20010c98        -       0x00000004   Zero   RW           95    .bss.tid_LCD        lcd.o
    0x20010c9c        -       0x00000004   Zero   RW          294    .bss.tid_LED        led.o
    0x20010ca0        -       0x00000004   Zero   RW          245    .bss.tid_MP3        mp3.o
    0x20010ca4        -       0x00000004   Zero   RW          265    .bss.tid_PWM        pwm.o
    0x20010ca8        -       0x00000004   Zero   RW          136    .bss.tid_Principal  principal.o
    0x20010cac        -       0x00000004   Zero   RW          278    .bss.tid_TEMP       temp.o
    0x20010cb0        -       0x00000004   Zero   RW          166    .bss.tid_Volumen    vol.o
    0x20010cb4        -       0x00000004   Zero   RW           28    .bss.tim_id_clock   clock.o
    0x20010cb8        -       0x00000004   Zero   RW           49    .bss.tim_id_pulsacion_corta  joystick.o
    0x20010cbc        -       0x00000004   Zero   RW           51    .bss.tim_id_pulsacion_larga  joystick.o
    0x20010cc0        -       0x00000004   Zero   RW          243    .bss.tim_reproduccion  mp3.o
    0x20010cc4   0x0800a4fc   0x00000004   PAD
    0x20010cc8        -       0x00000200   Zero   RW         1820    HEAP                startup_stm32f429xx.o
    0x20010ec8        -       0x00000400   Zero   RW         1819    STACK               startup_stm32f429xx.o


==============================================================================

Image component sizes


      Code (inc. data)   RO Data    RW Data    ZI Data      Debug   Object Name

       236          0          0          0          0       5387   adc.o
       188          0          0          0         24       1371   clock.o
       220          0          0          0          8       4095   com.o
      3594          4         48          0         40      16707   i2c_stm32f4xx.o
       622          0          0          0         45       5619   joystick.o
      1262          0       2400          4       1061       7450   lcd.o
       374          0          0          0         28       3086   led.o
       264          0          0          0          4       3365   main.o
       922         34          0          0         36       6995   mp3.o
      2700        134        133          0          5       4516   principal.o
       328          0          0          0        116       5278   pwm.o
         4          0          0          0          0        680   rtx_config.o
       128          0        268          0      66893       7324   rtx_lib.o
      2174         26         44          0         43      16406   spi_stm32f4xx.o
        64         26        428          0       1536        832   startup_stm32f429xx.o
       182          0          0          5          0       8002   stm32f4xx_hal.o
      1102          0          0          0          0      10913   stm32f4xx_hal_adc.o
       346          0          0          0          0      11142   stm32f4xx_hal_cortex.o
       138          0          0          0          0       9485   stm32f4xx_hal_dma.o
       718          0          0          0          0       5420   stm32f4xx_hal_gpio.o
      1358          0          0          0          0       7584   stm32f4xx_hal_rcc.o
      1164         36          0          0          0      38554   stm32f4xx_hal_tim.o
       116          0          0          0          0       1208   stm32f4xx_it.o
       142          0         24          4          0       2782   system_stm32f4xx.o
       246          0          0          0          8       2679   temp.o
      5344         84        264          0        112      24996   usart_stm32f4xx.o
       188          0          0          0         80       3777   vol.o

    ----------------------------------------------------------------------
     24326        344       3644         16      70064     215653   Object Totals
         0          0         32          0          0          0   (incl. Generated)
       202          0          3          3         25          0   (incl. Padding)

    ----------------------------------------------------------------------

      Code (inc. data)   RO Data    RW Data    ZI Data      Debug   Library Member Name

       148          8          0          0          0        591   irq_armv7m.o
       114         20          0          0          1       3197   os_systick.o
        58          4          0          0          0       2791   rtx_delay.o
       592         44         11        164          0      16501   rtx_kernel.o
       228          0          0          0          0       2537   rtx_memory.o
       188          0          0          0          0      16008   rtx_mempool.o
      1342         24          0          0          0      18657   rtx_msgqueue.o
       882         28          0          0          0       9962   rtx_mutex.o
       364         14          0          0          0       5296   rtx_system.o
      2014         72          0          0          0      31735   rtx_thread.o
       620         32          0          0          0      10397   rtx_timer.o
         8          0          0          0          0         68   __main.o
       312          4         17          0          0         92   __printf_flags_wp.o
        14          0          0          0          0         68   __printf_wp.o
         0          0          0          0          0          0   __rtentry.o
        20          0          0          0          0          0   __rtentry2.o
         6          0          0          0          0          0   __rtentry4.o
        52          8          0          0          0          0   __scatter.o
        26          0          0          0          0          0   __scatter_copy.o
        28          0          0          0          0          0   __scatter_zi.o
        48          6          0          0          0         96   _printf_char_common.o
         6          0          0          0          0          0   _printf_d.o
       120         16          0          0          0         92   _printf_dec.o
         6          0          0          0          0          0   _printf_f.o
      1052          0          0          0          0        148   _printf_fp_dec.o
       128         16          0          0          0         84   _printf_fp_infnan.o
        88          4         40          0          0         88   _printf_hex_int.o
       178          0          0          0          0         88   _printf_intcommon.o
        78          0          0          0          0        108   _printf_pad.o
         0          0          0          0          0          0   _printf_percent.o
         4          0          0          0          0          0   _printf_percent_end.o
         6          0          0          0          0          0   _printf_x.o
        10          0          0          0          0         68   _sputc.o
       228          4        148          0          0         96   bigflt0.o
      1936        128          0          0          0        668   btod.o
        18          0          0          0          0         80   exit.o
         6          0          0          0          0        152   heapauxi.o
         0          0          0          0          0          0   indicate_semi.o
        44         10         28          0          0         76   lc_numeric_c.o
         2          0          0          0          0          0   libinit.o
        18          0          0          0          0          0   libinit2.o
         2          0          0          0          0          0   libshutdown.o
         2          0          0          0          0          0   libshutdown2.o
         8          4          0          0         96         68   libspace.o
       138          0          0          0          0         80   lludiv10.o
       240          0          0          0          0        100   lludivv7m.o
        40          6          0          0          0         84   noretval__2sprintf.o
        10          0          0          0          0         76   rt_locale_twolibspace.o
        68          0          0          0          0         68   rt_memclr.o
        78          0          0          0          0         80   rt_memclr_w.o
       138          0          0          0          0         68   rt_memcpy_v6.o
       100          0          0          0          0         80   rt_memcpy_w.o
         2          0          0          0          0          0   rtexit.o
        10          0          0          0          0          0   rtexit2.o
       124          0          0          0          0         88   strcmpv7em.o
        62          0          0          0          0         76   strlen.o
        12          4          0          0          0         68   sys_exit.o
        74          0          0          0          0         80   sys_stackheap_outer.o
         2          0          0          0          0         68   use_no_semi.o
        98          4          0          0          0         92   d2f.o
        38          0          0          0          0         68   dflt_clz.o
       340         12          0          0          0        104   dmul.o
       156          4          0          0          0         92   dnaninf.o
        12          0          0          0          0         68   dretinf.o
        86          4          0          0          0         84   f2d.o
        84          0          0          0          0        196   fcmp.o
        24          0          0          0          0         68   fcmpi.o
       104          4          0          0          0         84   feqf.o
        54          4          0          0          0         84   ffix.o
        38          0          0          0          0         68   fflt_clz.o
       104          4          0          0          0         84   fgeqf.o
       104          4          0          0          0         84   fleqf.o
       258          4          0          0          0         84   fmul.o
       140          4          0          0          0         84   fnaninf.o
        10          0          0          0          0         68   fretinf.o
         4          0          0          0          0         68   printf1.o
         0          0          0          0          0          0   usenofp.o
        40          0          0          0          0         68   fpclassify.o

    ----------------------------------------------------------------------
     13838        504        248        164        100     122376   Library Totals
        42          0          4          0          3          0   (incl. Padding)

    ----------------------------------------------------------------------

      Code (inc. data)   RO Data    RW Data    ZI Data      Debug   Library Name

      6550        246         11        164          1     117672   RTX_CM3.lib
      5552        210        233          0         96       3156   c_w.l
      1654         48          0          0          0       1480   fz_ws.l
        40          0          0          0          0         68   m_ws.l

    ----------------------------------------------------------------------
     13838        504        248        164        100     122376   Library Totals

    ----------------------------------------------------------------------

==============================================================================


      Code (inc. data)   RO Data    RW Data    ZI Data      Debug   

     38164        848       3892        180      70164     334865   Grand Totals
     38164        848       3892        180      70164     334865   ELF Image Totals
     38164        848       3892        180          0          0   ROM Totals

==============================================================================

    Total RO  Size (Code + RO Data)                42056 (  41.07kB)
    Total RW  Size (RW Data + ZI Data)             70344 (  68.70kB)
    Total ROM Size (Code + RO Data + RW Data)      42236 (  41.25kB)

==============================================================================

