Component: ARM Compiler 6.16 Tool: armlink [5dfeaa00]

==============================================================================

Section Cross References

    main.o(.text.HAL_GetTick) refers to rtx_kernel.o(.text.osKernelGetState) for osKernelGetState
    main.o(.text.HAL_GetTick) refers to rtx_kernel.o(.text.osKernelGetTickCount) for osKernelGetTickCount
    main.o(.text.HAL_GetTick) refers to system_stm32f4xx.o(.data.SystemCoreClock) for SystemCoreClock
    main.o(.text.HAL_GetTick) refers to main.o(.bss.HAL_GetTick.ticks) for HAL_GetTick.ticks
    main.o(.ARM.exidx.text.HAL_GetTick) refers to main.o(.text.HAL_GetTick) for [Anonymous Symbol]
    main.o(.text.main) refers to stm32f4xx_hal.o(.text.HAL_Init) for HAL_Init
    main.o(.text.main) refers to main.o(.text.SystemClock_Config) for SystemClock_Config
    main.o(.text.main) refers to system_stm32f4xx.o(.text.SystemCoreClockUpdate) for SystemCoreClockUpdate
    main.o(.text.main) refers to rtx_kernel.o(.text.osKernelInitialize) for osKernelInitialize
    main.o(.text.main) refers to tcs_colorsensor.o(.text.init_thread_Sensor_color) for init_thread_Sensor_color
    main.o(.text.main) refers to rtx_kernel.o(.text.osKernelStart) for osKernelStart
    main.o(.ARM.exidx.text.main) refers to main.o(.text.main) for [Anonymous Symbol]
    main.o(.text.SystemClock_Config) refers to stm32f4xx_hal_rcc.o(.text.HAL_RCC_OscConfig) for HAL_RCC_OscConfig
    main.o(.text.SystemClock_Config) refers to stm32f4xx_hal_rcc.o(.text.HAL_RCC_ClockConfig) for HAL_RCC_ClockConfig
    main.o(.text.SystemClock_Config) refers to stm32f4xx_hal.o(.text.HAL_GetREVID) for HAL_GetREVID
    main.o(.ARM.exidx.text.SystemClock_Config) refers to main.o(.text.SystemClock_Config) for [Anonymous Symbol]
    tcs_colorsensor.o(.text.init_thread_Sensor_color) refers to tcs_colorsensor.o(.bss.threadSensorColor) for threadSensorColor
    tcs_colorsensor.o(.text.init_thread_Sensor_color) refers to rtx_thread.o(.text.osThreadNew) for osThreadNew
    tcs_colorsensor.o(.ARM.exidx.text.init_thread_Sensor_color) refers to tcs_colorsensor.o(.text.init_thread_Sensor_color) for [Anonymous Symbol]
    tcs_colorsensor.o(.text.threadColor_callback) refers to tcs_colorsensor.o(.bss.blue) for blue
    tcs_colorsensor.o(.ARM.exidx.text.threadColor_callback) refers to tcs_colorsensor.o(.text.threadColor_callback) for [Anonymous Symbol]
    rtx_lib.o(.text._platform_post_stackheap_init) refers to rtx_kernel.o(.text.osKernelInitialize) for osKernelInitialize
    rtx_lib.o(.ARM.exidx.text._platform_post_stackheap_init) refers to rtx_lib.o(.text._platform_post_stackheap_init) for [Anonymous Symbol]
    rtx_lib.o(.text.__user_perthread_libspace) refers to rtx_lib.o(.text.os_kernel_is_active) for os_kernel_is_active
    rtx_lib.o(.text.__user_perthread_libspace) refers to rtx_thread.o(.text.osThreadGetId) for osThreadGetId
    rtx_lib.o(.text.__user_perthread_libspace) refers to rtx_lib.o(.bss.os.libspace) for os_libspace_id
    rtx_lib.o(.text.__user_perthread_libspace) refers to rtx_kernel.o(.text.osRtxKernelErrorNotify) for osRtxKernelErrorNotify
    rtx_lib.o(.ARM.exidx.text.__user_perthread_libspace) refers to rtx_lib.o(.text.__user_perthread_libspace) for [Anonymous Symbol]
    rtx_lib.o(.text.os_kernel_is_active) refers to rtx_lib.o(.bss.os_kernel_is_active.os_kernel_active) for os_kernel_is_active.os_kernel_active
    rtx_lib.o(.text.os_kernel_is_active) refers to rtx_kernel.o(.text.osKernelGetState) for osKernelGetState
    rtx_lib.o(.ARM.exidx.text.os_kernel_is_active) refers to rtx_lib.o(.text.os_kernel_is_active) for [Anonymous Symbol]
    rtx_lib.o(.text._mutex_initialize) refers to rtx_mutex.o(.text.osMutexNew) for osMutexNew
    rtx_lib.o(.text._mutex_initialize) refers to rtx_kernel.o(.text.osRtxKernelErrorNotify) for osRtxKernelErrorNotify
    rtx_lib.o(.ARM.exidx.text._mutex_initialize) refers to rtx_lib.o(.text._mutex_initialize) for [Anonymous Symbol]
    rtx_lib.o(.text._mutex_acquire) refers to rtx_lib.o(.text.os_kernel_is_active) for os_kernel_is_active
    rtx_lib.o(.text._mutex_acquire) refers to rtx_mutex.o(.text.osMutexAcquire) for osMutexAcquire
    rtx_lib.o(.ARM.exidx.text._mutex_acquire) refers to rtx_lib.o(.text._mutex_acquire) for [Anonymous Symbol]
    rtx_lib.o(.text._mutex_release) refers to rtx_lib.o(.text.os_kernel_is_active) for os_kernel_is_active
    rtx_lib.o(.text._mutex_release) refers to rtx_mutex.o(.text.osMutexRelease) for osMutexRelease
    rtx_lib.o(.ARM.exidx.text._mutex_release) refers to rtx_lib.o(.text._mutex_release) for [Anonymous Symbol]
    rtx_lib.o(.text._mutex_free) refers to rtx_mutex.o(.text.osMutexDelete) for osMutexDelete
    rtx_lib.o(.ARM.exidx.text._mutex_free) refers to rtx_lib.o(.text._mutex_free) for [Anonymous Symbol]
    rtx_lib.o(.rodata.os_idle_thread_attr) refers to rtx_lib.o(.bss.os.thread.cb) for [Anonymous Symbol]
    rtx_lib.o(.rodata.os_idle_thread_attr) refers to rtx_lib.o(.bss.os.thread.idle.stack) for [Anonymous Symbol]
[...]
    __arm_cp.0_2                             0x0800148c   Number         4  os_systick.o(.text.OS_Tick_Setup)
    __arm_cp.0_3                             0x08001490   Number         4  os_systick.o(.text.OS_Tick_Setup)
    OUTLINED_FUNCTION_0                      0x08001495   Thumb Code    12  rtx_kernel.o(.text.OUTLINED_FUNCTION_0)
    [Anonymous Symbol]                       0x08001494   Section        0  rtx_kernel.o(.text.OUTLINED_FUNCTION_0)
    OUTLINED_FUNCTION_0                      0x080014a1   Thumb Code    12  rtx_msgqueue.o(.text.OUTLINED_FUNCTION_0)
    [Anonymous Symbol]                       0x080014a0   Section        0  rtx_msgqueue.o(.text.OUTLINED_FUNCTION_0)
    OUTLINED_FUNCTION_1                      0x080014ad   Thumb Code     6  rtx_kernel.o(.text.OUTLINED_FUNCTION_1)
    [Anonymous Symbol]                       0x080014ac   Section        0  rtx_kernel.o(.text.OUTLINED_FUNCTION_1)
    [Anonymous Symbol]                       0x080014b4   Section        0  spi_stm32f4xx.o(.text.SPI1_IRQHandler)
    SPI_IRQHandler                           0x080014bd   Thumb Code   240  spi_stm32f4xx.o(.text.SPI_IRQHandler)
    [Anonymous Symbol]                       0x080014bc   Section        0  spi_stm32f4xx.o(.text.SPI_IRQHandler)
    SPI_RxData                               0x080015ad   Thumb Code    90  spi_stm32f4xx.o(.text.SPI_RxData)
    [Anonymous Symbol]                       0x080015ac   Section        0  spi_stm32f4xx.o(.text.SPI_RxData)
    SPI_TxData                               0x08001609   Thumb Code    92  spi_stm32f4xx.o(.text.SPI_TxData)
    [Anonymous Symbol]                       0x08001608   Section        0  spi_stm32f4xx.o(.text.SPI_TxData)
    SysTick_Config                           0x08001665   Thumb Code    46  stm32f4xx_hal_cortex.o(.text.SysTick_Config)
    [Anonymous Symbol]                       0x08001664   Section        0  stm32f4xx_hal_cortex.o(.text.SysTick_Config)
    SystemClock_Config                       0x08001695   Thumb Code   160  main.o(.text.SystemClock_Config)
    [Anonymous Symbol]                       0x08001694   Section        0  main.o(.text.SystemClock_Config)
    [Anonymous Symbol]                       0x08001734   Section        0  system_stm32f4xx.o(.text.SystemCoreClockUpdate)
    [Anonymous Symbol]                       0x080017b4   Section        0  system_stm32f4xx.o(.text.SystemInit)
    ThreadFlagsCheck                         0x080017cf   Thumb Code   100  rtx_thread.o(.text.ThreadFlagsCheck)
    [Anonymous Symbol]                       0x080017ce   Section        0  rtx_thread.o(.text.ThreadFlagsCheck)
    TimerInsert                              0x08001835   Thumb Code    68  rtx_timer.o(.text.TimerInsert)
    [Anonymous Symbol]                       0x08001834   Section        0  rtx_timer.o(.text.TimerInsert)
    [Anonymous Symbol]                       0x08001878   Section        0  usart_stm32f4xx.o(.text.USART3_IRQHandler)
    [Anonymous Symbol]                       0x08001888   Section        0  usart_stm32f4xx.o(.text.USART6_IRQHandler)
    [Anonymous Symbol]                       0x08001898   Section        0  usart_stm32f4xx.o(.text.USART_IRQHandler)
    __NVIC_GetPriorityGrouping               0x08001a9d   Thumb Code    16  stm32f4xx_hal_cortex.o(.text.__NVIC_GetPriorityGrouping)
    [Anonymous Symbol]                       0x08001a9c   Section        0  stm32f4xx_hal_cortex.o(.text.__NVIC_GetPriorityGrouping)
    __NVIC_SetPriority                       0x08001aad   Thumb Code    34  stm32f4xx_hal_cortex.o(.text.__NVIC_SetPriority)
    [Anonymous Symbol]                       0x08001aac   Section        0  stm32f4xx_hal_cortex.o(.text.__NVIC_SetPriority)
    __NVIC_SetPriorityGrouping               0x08001ad1   Thumb Code    32  stm32f4xx_hal_cortex.o(.text.__NVIC_SetPriorityGrouping)
    [Anonymous Symbol]                       0x08001ad0   Section        0  stm32f4xx_hal_cortex.o(.text.__NVIC_SetPriorityGrouping)
    __tagsym$$used.1                         0x08001af0   Number         0  rtx_lib.o(.text._mutex_acquire)
    [Anonymous Symbol]                       0x08001af0   Section        0  rtx_lib.o(.text._mutex_acquire)
    __tagsym$$used.3                         0x08001b0c   Number         0  rtx_lib.o(.text._mutex_free)
    [Anonymous Symbol]                       0x08001b0c   Section        0  rtx_lib.o(.text._mutex_free)
    __tagsym$$used.0                         0x08001b18   Number         0  rtx_lib.o(.text._mutex_initialize)
    [Anonymous Symbol]                       0x08001b18   Section        0  rtx_lib.o(.text._mutex_initialize)
    __tagsym$$used.2                         0x08001b38   Number         0  rtx_lib.o(.text._mutex_release)
    [Anonymous Symbol]                       0x08001b38   Section        0  rtx_lib.o(.text._mutex_release)
    [Anonymous Symbol]                       0x08001b50   Section        0  rtx_lib.o(.text._platform_post_stackheap_init)
    [Anonymous Symbol]                       0x08001b58   Section        0  tcs_colorsensor.o(.text.init_thread_Sensor_color)
    [Anonymous Symbol]                       0x08001b80   Section        0  main.o(.text.main)
    [Anonymous Symbol]                       0x08001b9c   Section        0  rtx_kernel.o(.text.osKernelGetState)
    __arm_cp.5_0                             0x08001bc4   Number         4  rtx_kernel.o(.text.osKernelGetState)
    [Anonymous Symbol]                       0x08001bc8   Section        0  rtx_kernel.o(.text.osKernelGetTickCount)
    __arm_cp.13_0                            0x08001be8   Number         4  rtx_kernel.o(.text.osKernelGetTickCount)
    __arm_cp.13_1                            0x08001bec   Number         4  rtx_kernel.o(.text.osKernelGetTickCount)
    [Anonymous Symbol]                       0x08001bf0   Section        0  rtx_kernel.o(.text.osKernelInitialize)
    __arm_cp.2_0                             0x08001c18   Number         4  rtx_kernel.o(.text.osKernelInitialize)
    [Anonymous Symbol]                       0x08001c1c   Section        0  rtx_kernel.o(.text.osKernelStart)
    __arm_cp.7_0                             0x08001c3c   Number         4  rtx_kernel.o(.text.osKernelStart)
    [Anonymous Symbol]                       0x08001c40   Section        0  rtx_msgqueue.o(.text.osMessageQueueGet)
    __arm_cp.5_0                             0x08001cac   Number         4  rtx_msgqueue.o(.text.osMessageQueueGet)
    [Anonymous Symbol]                       0x08001cb0   Section        0  rtx_msgqueue.o(.text.osMessageQueuePut)
    __arm_cp.4_0                             0x08001d2c   Number         4  rtx_msgqueue.o(.text.osMessageQueuePut)
    [Anonymous Symbol]                       0x08001d30   Section        0  rtx_mutex.o(.text.osMutexAcquire)
    __arm_cp.4_0                             0x08001d50   Number         4  rtx_mutex.o(.text.osMutexAcquire)
    [Anonymous Symbol]                       0x08001d54   Section        0  rtx_mutex.o(.text.osMutexDelete)
    __arm_cp.7_0                             0x08001d74   Number         4  rtx_mutex.o(.text.osMutexDelete)
    [Anonymous Symbol]                       0x08001d78   Section        0  rtx_mutex.o(.text.osMutexNew)
    __arm_cp.2_0                             0x08001d98   Number         4  rtx_mutex.o(.text.osMutexNew)
    [Anonymous Symbol]                       0x08001d9c   Section        0  rtx_mutex.o(.text.osMutexRelease)
    __arm_cp.5_0                             0x08001dbc   Number         4  rtx_mutex.o(.text.osMutexRelease)
    [Anonymous Symbol]                       0x08001dc0   Section        0  rtx_config.o(.text.osRtxErrorNotify)
    [Anonymous Symbol]                       0x08001dc4   Section        0  rtx_config.o(.text.osRtxIdleThread)
    [Anonymous Symbol]                       0x08001dc6   Section        0  rtx_kernel.o(.text.osRtxKernelErrorNotify)
    [Anonymous Symbol]                       0x08001dca   Section        0  rtx_kernel.o(.text.osRtxKernelPreInit)
    [Anonymous Symbol]                       0x08001dcc   Section        0  rtx_memory.o(.text.osRtxMemoryAlloc)
    [Anonymous Symbol]                       0x08001e38   Section        0  rtx_memory.o(.text.osRtxMemoryFree)
    [Anonymous Symbol]                       0x08001e7a   Section        0  rtx_memory.o(.text.osRtxMemoryInit)
    [Anonymous Symbol]                       0x08001eb0   Section        0  rtx_mempool.o(.text.osRtxMemoryPoolAlloc)
    [Anonymous Symbol]                       0x08001eea   Section        0  rtx_mempool.o(.text.osRtxMemoryPoolFree)
    [Anonymous Symbol]                       0x08001f34   Section        0  rtx_mempool.o(.text.osRtxMemoryPoolInit)
    osRtxMessageQueuePostProcess             0x08001f6d   Thumb Code   170  rtx_msgqueue.o(.text.osRtxMessageQueuePostProcess)
    [Anonymous Symbol]                       0x08001f6c   Section        0  rtx_msgqueue.o(.text.osRtxMessageQueuePostProcess)
    [Anonymous Symbol]                       0x08002018   Section        0  rtx_msgqueue.o(.text.osRtxMessageQueueTimerSetup)
    __arm_cp.0_0                             0x08002038   Number         4  rtx_msgqueue.o(.text.osRtxMessageQueueTimerSetup)
    [Anonymous Symbol]                       0x0800203c   Section        0  rtx_mutex.o(.text.osRtxMutexOwnerRelease)
    [Anonymous Symbol]                       0x08002084   Section        0  rtx_mutex.o(.text.osRtxMutexOwnerRestore)
    [Anonymous Symbol]                       0x080020c8   Section        0  rtx_system.o(.text.osRtxPendSV_Handler)
    [Anonymous Symbol]                       0x08002150   Section        0  rtx_system.o(.text.osRtxPostProcess)
    __arm_cp.2_1                             0x080021bc   Number         4  rtx_system.o(.text.osRtxPostProcess)
    osRtxThreadBlock                         0x080021c1   Thumb Code    52  rtx_thread.o(.text.osRtxThreadBlock)
    [Anonymous Symbol]                       0x080021c0   Section        0  rtx_thread.o(.text.osRtxThreadBlock)
    osRtxThreadDelayInsert                   0x080021f5   Thumb Code   124  rtx_thread.o(.text.osRtxThreadDelayInsert)
    [Anonymous Symbol]                       0x080021f4   Section        0  rtx_thread.o(.text.osRtxThreadDelayInsert)
    osRtxThreadDelayRemove                   0x08002271   Thumb Code    60  rtx_thread.o(.text.osRtxThreadDelayRemove)
    [Anonymous Symbol]                       0x08002270   Section        0  rtx_thread.o(.text.osRtxThreadDelayRemove)
    [Anonymous Symbol]                       0x080022ac   Section        0  rtx_thread.o(.text.osRtxThreadDelayTick)
    osRtxThreadDestroy                       0x080022f5   Thumb Code    32  rtx_thread.o(.text.osRtxThreadDestroy)
    [Anonymous Symbol]                       0x080022f4   Section        0  rtx_thread.o(.text.osRtxThreadDestroy)
    [Anonymous Symbol]                       0x08002314   Section        0  rtx_thread.o(.text.osRtxThreadDispatch)
    osRtxThreadFree                          0x08002365   Thumb Code    84  rtx_thread.o(.text.osRtxThreadFree)
    [Anonymous Symbol]                       0x08002364   Section        0  rtx_thread.o(.text.osRtxThreadFree)
    __arm_cp.52_0                            0x080023b8   Number         4  rtx_thread.o(.text.osRtxThreadFree)
    osRtxThreadJoinWakeup                    0x080023bd   Thumb Code    30  rtx_thread.o(.text.osRtxThreadJoinWakeup)
    [Anonymous Symbol]                       0x080023bc   Section        0  rtx_thread.o(.text.osRtxThreadJoinWakeup)
    [Anonymous Symbol]                       0x080023da   Section        0  rtx_thread.o(.text.osRtxThreadListGet)
    [Anonymous Symbol]                       0x080023ec   Section        0  rtx_thread.o(.text.osRtxThreadListPut)
    [Anonymous Symbol]                       0x08002418   Section        0  rtx_thread.o(.text.osRtxThreadListRemove)
    osRtxThreadListRoot                      0x0800242d   Thumb Code    12  rtx_thread.o(.text.osRtxThreadListRoot)
    [Anonymous Symbol]                       0x0800242c   Section        0  rtx_thread.o(.text.osRtxThreadListRoot)
    [Anonymous Symbol]                       0x08002438   Section        0  rtx_thread.o(.text.osRtxThreadListSort)
    osRtxThreadPostProcess                   0x0800245f   Thumb Code    40  rtx_thread.o(.text.osRtxThreadPostProcess)
    [Anonymous Symbol]                       0x0800245e   Section        0  rtx_thread.o(.text.osRtxThreadPostProcess)
    [Anonymous Symbol]                       0x08002488   Section        0  rtx_thread.o(.text.osRtxThreadReadyPut)
    __arm_cp.4_0                             0x08002498   Number         4  rtx_thread.o(.text.osRtxThreadReadyPut)
    [Anonymous Symbol]                       0x0800249c   Section        0  rtx_thread.o(.text.osRtxThreadRegPtr)
    [Anonymous Symbol]                       0x080024b0   Section        0  rtx_thread.o(.text.osRtxThreadStartup)
    __arm_cp.15_1                            0x080024e0   Number         4  rtx_thread.o(.text.osRtxThreadStartup)
    [Anonymous Symbol]                       0x080024e4   Section        0  rtx_thread.o(.text.osRtxThreadSwitch)
    [Anonymous Symbol]                       0x080024f0   Section        0  rtx_thread.o(.text.osRtxThreadWaitEnter)
    __arm_cp.13_0                            0x08002528   Number         4  rtx_thread.o(.text.osRtxThreadWaitEnter)
    [Anonymous Symbol]                       0x0800252c   Section        0  rtx_thread.o(.text.osRtxThreadWaitExit)
    [Anonymous Symbol]                       0x0800255c   Section        0  rtx_system.o(.text.osRtxTick_Handler)
    __arm_cp.0_0                             0x080025d0   Number         4  rtx_system.o(.text.osRtxTick_Handler)
    [Anonymous Symbol]                       0x080025d4   Section        0  rtx_timer.o(.text.osRtxTimerSetup)
    __arm_cp.0_0                             0x080025ec   Number         4  rtx_timer.o(.text.osRtxTimerSetup)
    __arm_cp.0_1                             0x080025f0   Number         4  rtx_timer.o(.text.osRtxTimerSetup)
    [Anonymous Symbol]                       0x080025f4   Section        0  rtx_timer.o(.text.osRtxTimerThread)
    osRtxTimerTick                           0x08002615   Thumb Code   108  rtx_timer.o(.text.osRtxTimerTick)
    [Anonymous Symbol]                       0x08002614   Section        0  rtx_timer.o(.text.osRtxTimerTick)
    __arm_cp.1_0                             0x08002680   Number         4  rtx_timer.o(.text.osRtxTimerTick)
    [Anonymous Symbol]                       0x08002684   Section        0  rtx_thread.o(.text.osThreadExit)
    __arm_cp.31_0                            0x0800268c   Number         4  rtx_thread.o(.text.osThreadExit)
    [Anonymous Symbol]                       0x08002690   Section        0  rtx_thread.o(.text.osThreadNew)
    __arm_cp.17_0                            0x080026b0   Number         4  rtx_thread.o(.text.osThreadNew)
    os_kernel_is_active                      0x080026b5   Thumb Code    30  rtx_lib.o(.text.os_kernel_is_active)
    [Anonymous Symbol]                       0x080026b4   Section        0  rtx_lib.o(.text.os_kernel_is_active)
    svcRtxKernelGetState                     0x080026d5   Thumb Code     8  rtx_kernel.o(.text.svcRtxKernelGetState)
    [Anonymous Symbol]                       0x080026d4   Section        0  rtx_kernel.o(.text.svcRtxKernelGetState)
    svcRtxKernelGetTickCount                 0x080026dd   Thumb Code     8  rtx_kernel.o(.text.svcRtxKernelGetTickCount)
    [Anonymous Symbol]                       0x080026dc   Section        0  rtx_kernel.o(.text.svcRtxKernelGetTickCount)
    __arm_cp.14_0                            0x080026e4   Number         4  rtx_kernel.o(.text.svcRtxKernelGetTickCount)
    svcRtxKernelInitialize                   0x080026e9   Thumb Code   244  rtx_kernel.o(.text.svcRtxKernelInitialize)
    [Anonymous Symbol]                       0x080026e8   Section        0  rtx_kernel.o(.text.svcRtxKernelInitialize)
    __arm_cp.21_2                            0x080027dc   Number         4  rtx_kernel.o(.text.svcRtxKernelInitialize)
    svcRtxKernelStart                        0x080027e1   Thumb Code   120  rtx_kernel.o(.text.svcRtxKernelStart)
    [Anonymous Symbol]                       0x080027e0   Section        0  rtx_kernel.o(.text.svcRtxKernelStart)
    __arm_cp.22_0                            0x08002858   Number         4  rtx_kernel.o(.text.svcRtxKernelStart)
    __arm_cp.22_1                            0x0800285c   Number         4  rtx_kernel.o(.text.svcRtxKernelStart)
    __arm_cp.22_2                            0x08002860   Number         4  rtx_kernel.o(.text.svcRtxKernelStart)
    __arm_cp.22_3                            0x08002864   Number         4  rtx_kernel.o(.text.svcRtxKernelStart)
    svcRtxMessageQueueGet                    0x08002869   Thumb Code   212  rtx_msgqueue.o(.text.svcRtxMessageQueueGet)
    [Anonymous Symbol]                       0x08002868   Section        0  rtx_msgqueue.o(.text.svcRtxMessageQueueGet)
    __arm_cp.22_0                            0x0800293c   Number         4  rtx_msgqueue.o(.text.svcRtxMessageQueueGet)
    svcRtxMessageQueueNew                    0x08002941   Thumb Code   272  rtx_msgqueue.o(.text.svcRtxMessageQueueNew)
    [Anonymous Symbol]                       0x08002940   Section        0  rtx_msgqueue.o(.text.svcRtxMessageQueueNew)
    __arm_cp.1_0                             0x08002a50   Number         4  rtx_msgqueue.o(.text.svcRtxMessageQueueNew)
    __arm_cp.1_1                             0x08002a54   Number         4  rtx_msgqueue.o(.text.svcRtxMessageQueueNew)
    svcRtxMessageQueuePut                    0x08002a59   Thumb Code   176  rtx_msgqueue.o(.text.svcRtxMessageQueuePut)
    [Anonymous Symbol]                       0x08002a58   Section        0  rtx_msgqueue.o(.text.svcRtxMessageQueuePut)
    svcRtxMutexAcquire                       0x08002b09   Thumb Code   140  rtx_mutex.o(.text.svcRtxMutexAcquire)
    [Anonymous Symbol]                       0x08002b08   Section        0  rtx_mutex.o(.text.svcRtxMutexAcquire)
    __arm_cp.10_0                            0x08002b94   Number         4  rtx_mutex.o(.text.svcRtxMutexAcquire)
    svcRtxMutexDelete                        0x08002b99   Thumb Code   172  rtx_mutex.o(.text.svcRtxMutexDelete)
    [Anonymous Symbol]                       0x08002b98   Section        0  rtx_mutex.o(.text.svcRtxMutexDelete)
    svcRtxMutexNew                           0x08002c45   Thumb Code   100  rtx_mutex.o(.text.svcRtxMutexNew)
    [Anonymous Symbol]                       0x08002c44   Section        0  rtx_mutex.o(.text.svcRtxMutexNew)
    __arm_cp.8_0                             0x08002ca8   Number         4  rtx_mutex.o(.text.svcRtxMutexNew)
    svcRtxMutexRelease                       0x08002cad   Thumb Code   176  rtx_mutex.o(.text.svcRtxMutexRelease)
    [Anonymous Symbol]                       0x08002cac   Section        0  rtx_mutex.o(.text.svcRtxMutexRelease)
    __arm_cp.11_0                            0x08002d5c   Number         4  rtx_mutex.o(.text.svcRtxMutexRelease)
    svcRtxThreadExit                         0x08002d61   Thumb Code    72  rtx_thread.o(.text.svcRtxThreadExit)
    [Anonymous Symbol]                       0x08002d60   Section        0  rtx_thread.o(.text.svcRtxThreadExit)
    __arm_cp.54_0                            0x08002da8   Number         4  rtx_thread.o(.text.svcRtxThreadExit)
    svcRtxThreadNew                          0x08002dad   Thumb Code   472  rtx_thread.o(.text.svcRtxThreadNew)
    [Anonymous Symbol]                       0x08002dac   Section        0  rtx_thread.o(.text.svcRtxThreadNew)
    __arm_cp.16_0                            0x08002f84   Number         4  rtx_thread.o(.text.svcRtxThreadNew)
    __arm_cp.16_1                            0x08002f88   Number         4  rtx_thread.o(.text.svcRtxThreadNew)
    __arm_cp.16_2                            0x08002f8c   Number         4  rtx_thread.o(.text.svcRtxThreadNew)
    __arm_cp.16_3                            0x08002f90   Number         4  rtx_thread.o(.text.svcRtxThreadNew)
    __arm_cp.16_4                            0x08002f94   Number         4  rtx_thread.o(.text.svcRtxThreadNew)
    $v0                                      0x08002f98   Number         0  fpinit.o(x$fpl$fpinit)
    x$fpl$fpinit                             0x08002f98   Section       26  fpinit.o(x$fpl$fpinit)
    __tagsym$$used.4                         0x08002fb4   Number         0  rtx_lib.o(.rodata)
    __tagsym$$used.5                         0x08003024   Number         0  rtx_lib.o(.rodata)
    USART3_Resources                         0x08003074   Data          52  usart_stm32f4xx.o(.rodata.USART3_Resources)
    [Anonymous Symbol]                       0x08003074   Section        0  usart_stm32f4xx.o(.rodata.USART3_Resources)
    USART3_rx                                0x080030a8   Data          12  usart_stm32f4xx.o(.rodata.USART3_rx)
    [Anonymous Symbol]                       0x080030a8   Section        0  usart_stm32f4xx.o(.rodata.USART3_rx)
    USART3_tx                                0x080030b4   Data          12  usart_stm32f4xx.o(.rodata.USART3_tx)
    [Anonymous Symbol]                       0x080030b4   Section        0  usart_stm32f4xx.o(.rodata.USART3_tx)
    USART6_Resources                         0x080030c0   Data          52  usart_stm32f4xx.o(.rodata.USART6_Resources)
    [Anonymous Symbol]                       0x080030c0   Section        0  usart_stm32f4xx.o(.rodata.USART6_Resources)
    USART6_rx                                0x080030f4   Data          12  usart_stm32f4xx.o(.rodata.USART6_rx)
    [Anonymous Symbol]                       0x080030f4   Section        0  usart_stm32f4xx.o(.rodata.USART6_rx)
    USART6_tx                                0x08003100   Data          12  usart_stm32f4xx.o(.rodata.USART6_tx)
    [Anonymous Symbol]                       0x08003100   Section        0  usart_stm32f4xx.o(.rodata.USART6_tx)
    os_idle_thread_attr                      0x08003110   Data          36  rtx_lib.o(.rodata.os_idle_thread_attr)
    [Anonymous Symbol]                       0x08003110   Section        0  rtx_lib.o(.rodata.os_idle_thread_attr)
    os_timer_mq_attr                         0x08003134   Data          24  rtx_lib.o(.rodata.os_timer_mq_attr)
    [Anonymous Symbol]                       0x08003134   Section        0  rtx_lib.o(.rodata.os_timer_mq_attr)
    os_timer_thread_attr                     0x0800314c   Data          36  rtx_lib.o(.rodata.os_timer_thread_attr)
    [Anonymous Symbol]                       0x0800314c   Section        0  rtx_lib.o(.rodata.os_timer_thread_attr)
    [Anonymous Symbol]                       0x08003170   Section        0  rtx_kernel.o(.rodata.str1.4)
    .bss                                     0x200000b0   Section       96  libspace.o(.bss)
    HAL_GetTick.ticks                        0x20000110   Data           4  main.o(.bss.HAL_GetTick.ticks)
    [Anonymous Symbol]                       0x20000110   Section        0  main.o(.bss.HAL_GetTick.ticks)
    I2C1_Info                                0x20000114   Data          40  i2c_stm32f4xx.o(.bss.I2C1_Info)
    [Anonymous Symbol]                       0x20000114   Section        0  i2c_stm32f4xx.o(.bss.I2C1_Info)
    SPI1_Info.0                              0x2000013c   Data           4  spi_stm32f4xx.o(.bss.SPI1_Info.0)
    [Anonymous Symbol]                       0x2000013c   Section        0  spi_stm32f4xx.o(.bss.SPI1_Info.0)
    SPI1_Info.1.0                            0x20000140   Data           1  spi_stm32f4xx.o(.bss.SPI1_Info.1.0)
    [Anonymous Symbol]                       0x20000140   Section        0  spi_stm32f4xx.o(.bss.SPI1_Info.1.0)
    SPI1_Info.1.1                            0x20000144   Data           1  spi_stm32f4xx.o(.bss.SPI1_Info.1.1)
    [Anonymous Symbol]                       0x20000144   Section        0  spi_stm32f4xx.o(.bss.SPI1_Info.1.1)
    SPI1_Info.1.2                            0x20000146   Data           1  spi_stm32f4xx.o(.bss.SPI1_Info.1.2)
    [Anonymous Symbol]                       0x20000146   Section        0  spi_stm32f4xx.o(.bss.SPI1_Info.1.2)
    SPI1_TransferInfo                        0x20000148   Data          28  spi_stm32f4xx.o(.bss.SPI1_TransferInfo)
    [Anonymous Symbol]                       0x20000148   Section        0  spi_stm32f4xx.o(.bss.SPI1_TransferInfo)
    USART3_Info                              0x20000164   Data          20  usart_stm32f4xx.o(.bss.USART3_Info)
    [Anonymous Symbol]                       0x20000164   Section        0  usart_stm32f4xx.o(.bss.USART3_Info)
    USART3_TransferInfo                      0x20000178   Data          36  usart_stm32f4xx.o(.bss.USART3_TransferInfo)
    [Anonymous Symbol]                       0x20000178   Section        0  usart_stm32f4xx.o(.bss.USART3_TransferInfo)
    USART6_Info                              0x2000019c   Data          20  usart_stm32f4xx.o(.bss.USART6_Info)
    [Anonymous Symbol]                       0x2000019c   Section        0  usart_stm32f4xx.o(.bss.USART6_Info)
    USART6_TransferInfo                      0x200001b0   Data          36  usart_stm32f4xx.o(.bss.USART6_TransferInfo)
    [Anonymous Symbol]                       0x200001b0   Section        0  usart_stm32f4xx.o(.bss.USART6_TransferInfo)
    os_isr_queue                             0x200001d8   Data          64  rtx_lib.o(.bss.os)
    [Anonymous Symbol]                       0x200001d8   Section        0  rtx_lib.o(.bss.os)
    os_mem                                   0x20000218   Data       32768  rtx_lib.o(.bss.os)
    PendST                                   0x20008218   Data           1  os_systick.o(.bss.os)
    [Anonymous Symbol]                       0x20008218   Section        0  os_systick.o(.bss.os)
    os_timer_mq_cb                           0x2000821c   Data          52  rtx_lib.o(.bss.os.msgqueue.cb)
    [Anonymous Symbol]                       0x2000821c   Section        0  rtx_lib.o(.bss.os.msgqueue.cb)
    os_timer_mq_data                         0x20008250   Data          80  rtx_lib.o(.bss.os.msgqueue.mem)
    [Anonymous Symbol]                       0x20008250   Section        0  rtx_lib.o(.bss.os.msgqueue.mem)
    os_idle_thread_cb                        0x200082a0   Data          68  rtx_lib.o(.bss.os.thread.cb)
    [Anonymous Symbol]                       0x200082a0   Section        0  rtx_lib.o(.bss.os.thread.cb)
    os_timer_thread_cb                       0x200082e4   Data          68  rtx_lib.o(.bss.os.thread.cb)
    os_idle_thread_stack                     0x20008328   Data         512  rtx_lib.o(.bss.os.thread.idle.stack)
    [Anonymous Symbol]                       0x20008328   Section        0  rtx_lib.o(.bss.os.thread.idle.stack)
    os_timer_thread_stack                    0x20008528   Data         512  rtx_lib.o(.bss.os.thread.timer.stack)
    [Anonymous Symbol]                       0x20008528   Section        0  rtx_lib.o(.bss.os.thread.timer.stack)
    os_kernel_is_active.os_kernel_active     0x20008728   Data           1  rtx_lib.o(.bss.os_kernel_is_active.os_kernel_active)
    [Anonymous Symbol]                       0x20008728   Section        0  rtx_lib.o(.bss.os_kernel_is_active.os_kernel_active)
    Heap_Mem                                 0x20008730   Data         512  startup_stm32f429xx.o(HEAP)
    HEAP                                     0x20008730   Section      512  startup_stm32f429xx.o(HEAP)
    Stack_Mem                                0x20008930   Data        1024  startup_stm32f429xx.o(STACK)
    STACK                                    0x20008930   Section     1024  startup_stm32f429xx.o(STACK)
    __initial_sp                             0x20008d30   Data           0  startup_stm32f429xx.o(STACK)
    FPCCR                                    0xe000ef34   Number         0  irq_armv7m.o ABSOLUTE

    Global Symbols

    Symbol Name                              Value     Ov Type        Size  Object(Section)

    BuildAttributes$$THM_ISAv4$E$P$D$K$B$S$7EM$VFPi3$EXTD16$VFPS$VFMA$PE$A:L22UL41UL21$X:L11$S22US41US21$IEEE1$IW$~IW$USESV6$~STKCKD$USESV7$~SHL$OTIME$ROPI$EBA8$UX$STANDARDLIB$REQ8$PRES8$EABIv2 0x00000000   Number         0  anon$$obj.o ABSOLUTE
    .bss.os.evflags.cb$$Base                  - Undefined Weak Reference
    .bss.os.evflags.cb$$Limit                 - Undefined Weak Reference
    .bss.os.mempool.cb$$Base                  - Undefined Weak Reference
    .bss.os.mempool.cb$$Limit                 - Undefined Weak Reference
    .bss.os.mutex.cb$$Base                    - Undefined Weak Reference
    .bss.os.mutex.cb$$Limit                   - Undefined Weak Reference
    .bss.os.semaphore.cb$$Base                - Undefined Weak Reference
    .bss.os.semaphore.cb$$Limit               - Undefined Weak Reference
    .bss.os.timer.cb$$Base                    - Undefined Weak Reference
    .bss.os.timer.cb$$Limit                   - Undefined Weak Reference
    __ARM_exceptions_init                     - Undefined Weak Reference
    __alloca_initialize                       - Undefined Weak Reference
    __arm_preinit_                            - Undefined Weak Reference
    __cpp_initialize__aeabi_                  - Undefined Weak Reference
    __cxa_finalize                            - Undefined Weak Reference
    __rt_locale                               - Undefined Weak Reference
    __sigvec_lookup                           - Undefined Weak Reference
    _atexit_init                              - Undefined Weak Reference
    _call_atexit_fns                          - Undefined Weak Reference
    _clock_init                               - Undefined Weak Reference
    _fp_trap_init                             - Undefined Weak Reference
    _fp_trap_shutdown                         - Undefined Weak Reference
    _get_lc_collate                           - Undefined Weak Reference
    _get_lc_ctype                             - Undefined Weak Reference
    _get_lc_monetary                          - Undefined Weak Reference
    _get_lc_numeric                           - Undefined Weak Reference
    _get_lc_time                              - Undefined Weak Reference
    _getenv_init                              - Undefined Weak Reference
    _handle_redirection                       - Undefined Weak Reference
    _init_alloc                               - Undefined Weak Reference
    _init_user_alloc                          - Undefined Weak Reference
    _initio                                   - Undefined Weak Reference
    _rand_init                                - Undefined Weak Reference
    _signal_finish                            - Undefined Weak Reference
    _signal_init                              - Undefined Weak Reference
    _terminate_alloc                          - Undefined Weak Reference
    _terminate_user_alloc                     - Undefined Weak Reference
    _terminateio                              - Undefined Weak Reference
    __Vectors_Size                           0x000001ac   Number         0  startup_stm32f429xx.o ABSOLUTE
    __Vectors                                0x08000000   Data           4  startup_stm32f429xx.o(RESET)
    __Vectors_End                            0x080001ac   Data           0  startup_stm32f429xx.o(RESET)
    __main                                   0x080001ad   Thumb Code     8  __main.o(!!!main)
    __scatterload                            0x080001b5   Thumb Code     0  __scatter.o(!!!scatter)
    __scatterload_rt2                        0x080001b5   Thumb Code    44  __scatter.o(!!!scatter)
    __scatterload_rt2_thumb_only             0x080001b5   Thumb Code     0  __scatter.o(!!!scatter)
    __scatterload_null                       0x080001c3   Thumb Code     0  __scatter.o(!!!scatter)
    __scatterload_copy                       0x080001e9   Thumb Code    26  __scatter_copy.o(!!handler_copy)
    __scatterload_zeroinit                   0x08000205   Thumb Code    28  __scatter_zi.o(!!handler_zi)
    __rt_lib_init                            0x08000221   Thumb Code     0  libinit.o(.ARM.Collect$$libinit$$00000000)
    __rt_lib_init_fp_1                       0x08000223   Thumb Code     0  libinit2.o(.ARM.Collect$$libinit$$00000001)
    __rt_lib_init_alloca_1                   0x08000227   Thumb Code     0  libinit2.o(.ARM.Collect$$libinit$$0000002E)
    __rt_lib_init_argv_1                     0x08000227   Thumb Code     0  libinit2.o(.ARM.Collect$$libinit$$0000002C)
    __rt_lib_init_atexit_1                   0x08000227   Thumb Code     0  libinit2.o(.ARM.Collect$$libinit$$0000001B)
    __rt_lib_init_clock_1                    0x08000227   Thumb Code     0  libinit2.o(.ARM.Collect$$libinit$$00000021)
    __rt_lib_init_cpp_1                      0x08000227   Thumb Code     0  libinit2.o(.ARM.Collect$$libinit$$00000032)
    __rt_lib_init_exceptions_1               0x08000227   Thumb Code     0  libinit2.o(.ARM.Collect$$libinit$$00000030)
    __rt_lib_init_fp_trap_1                  0x08000227   Thumb Code     0  libinit2.o(.ARM.Collect$$libinit$$0000001F)
    __rt_lib_init_getenv_1                   0x08000227   Thumb Code     0  libinit2.o(.ARM.Collect$$libinit$$00000023)
    __rt_lib_init_heap_1                     0x08000227   Thumb Code     0  libinit2.o(.ARM.Collect$$libinit$$0000000A)
    __rt_lib_init_lc_collate_1               0x08000227   Thumb Code     0  libinit2.o(.ARM.Collect$$libinit$$00000011)
    __rt_lib_init_lc_ctype_1                 0x08000227   Thumb Code     0  libinit2.o(.ARM.Collect$$libinit$$00000013)
    __rt_lib_init_lc_monetary_1              0x08000227   Thumb Code     0  libinit2.o(.ARM.Collect$$libinit$$00000015)
    __rt_lib_init_lc_numeric_1               0x08000227   Thumb Code     0  libinit2.o(.ARM.Collect$$libinit$$00000017)
    __rt_lib_init_lc_time_1                  0x08000227   Thumb Code     0  libinit2.o(.ARM.Collect$$libinit$$00000019)
    __rt_lib_init_preinit_1                  0x08000227   Thumb Code     0  libinit2.o(.ARM.Collect$$libinit$$00000004)
    __rt_lib_init_rand_1                     0x08000227   Thumb Code     0  libinit2.o(.ARM.Collect$$libinit$$0000000E)
    __rt_lib_init_return                     0x08000227   Thumb Code     0  libinit2.o(.ARM.Collect$$libinit$$00000033)
    __rt_lib_init_signal_1                   0x08000227   Thumb Code     0  libinit2.o(.ARM.Collect$$libinit$$0000001D)
    __rt_lib_init_stdio_1                    0x08000227   Thumb Code     0  libinit2.o(.ARM.Collect$$libinit$$00000025)
    __rt_lib_init_user_alloc_1               0x08000227   Thumb Code     0  libinit2.o(.ARM.Collect$$libinit$$0000000C)
    __rt_lib_shutdown                        0x08000229   Thumb Code     0  libshutdown.o(.ARM.Collect$$libshutdown$$00000000)
    __rt_lib_shutdown_cpp_1                  0x0800022b   Thumb Code     0  libshutdown2.o(.ARM.Collect$$libshutdown$$00000002)
    __rt_lib_shutdown_fp_trap_1              0x0800022b   Thumb Code     0  libshutdown2.o(.ARM.Collect$$libshutdown$$00000007)
    __rt_lib_shutdown_heap_1                 0x0800022b   Thumb Code     0  libshutdown2.o(.ARM.Collect$$libshutdown$$0000000F)
    __rt_lib_shutdown_return                 0x0800022b   Thumb Code     0  libshutdown2.o(.ARM.Collect$$libshutdown$$00000010)
    __rt_lib_shutdown_signal_1               0x0800022b   Thumb Code     0  libshutdown2.o(.ARM.Collect$$libshutdown$$0000000A)
    __rt_lib_shutdown_stdio_1                0x0800022b   Thumb Code     0  libshutdown2.o(.ARM.Collect$$libshutdown$$00000004)
    __rt_lib_shutdown_user_alloc_1           0x0800022b   Thumb Code     0  libshutdown2.o(.ARM.Collect$$libshutdown$$0000000C)
    __rt_entry                               0x0800022d   Thumb Code     0  __rtentry.o(.ARM.Collect$$rtentry$$00000000)
    __rt_entry_presh_1                       0x0800022d   Thumb Code     0  __rtentry2.o(.ARM.Collect$$rtentry$$00000002)
    __rt_entry_sh                            0x0800022d   Thumb Code     0  __rtentry4.o(.ARM.Collect$$rtentry$$00000004)
    __rt_entry_postsh_1                      0x08000233   Thumb Code     0  __rtentry2.o(.ARM.Collect$$rtentry$$00000008)
    __rt_entry_li                            0x0800023b   Thumb Code     0  __rtentry2.o(.ARM.Collect$$rtentry$$0000000A)
    __rt_entry_main                          0x0800023f   Thumb Code     0  __rtentry2.o(.ARM.Collect$$rtentry$$0000000D)
    __rt_entry_postli_1                      0x0800023f   Thumb Code     0  __rtentry2.o(.ARM.Collect$$rtentry$$0000000C)
    __rt_exit                                0x08000247   Thumb Code     0  rtexit.o(.ARM.Collect$$rtexit$$00000000)
    __rt_exit_ls                             0x08000249   Thumb Code     0  rtexit2.o(.ARM.Collect$$rtexit$$00000003)
    __rt_exit_prels_1                        0x08000249   Thumb Code     0  rtexit2.o(.ARM.Collect$$rtexit$$00000002)
    __rt_exit_exit                           0x0800024d   Thumb Code     0  rtexit2.o(.ARM.Collect$$rtexit$$00000004)
    Reset_Handler                            0x08000255   Thumb Code     8  startup_stm32f429xx.o(.text)
    NMI_Handler                              0x0800025d   Thumb Code     2  startup_stm32f429xx.o(.text)
    HardFault_Handler                        0x0800025f   Thumb Code     2  startup_stm32f429xx.o(.text)
    MemManage_Handler                        0x08000261   Thumb Code     2  startup_stm32f429xx.o(.text)
    BusFault_Handler                         0x08000263   Thumb Code     2  startup_stm32f429xx.o(.text)
    UsageFault_Handler                       0x08000265   Thumb Code     2  startup_stm32f429xx.o(.text)
    DebugMon_Handler                         0x08000269   Thumb Code     2  startup_stm32f429xx.o(.text)
    ADC_IRQHandler                           0x0800026f   Thumb Code     0  startup_stm32f429xx.o(.text)
    CAN1_RX0_IRQHandler                      0x0800026f   Thumb Code     0  startup_stm32f429xx.o(.text)
    CAN1_RX1_IRQHandler                      0x0800026f   Thumb Code     0  startup_stm32f429xx.o(.text)
    CAN1_SCE_IRQHandler                      0x0800026f   Thumb Code     0  startup_stm32f429xx.o(.text)
    CAN1_TX_IRQHandler                       0x0800026f   Thumb Code     0  startup_stm32f429xx.o(.text)
    CAN2_RX0_IRQHandler                      0x0800026f   Thumb Code     0  startup_stm32f429xx.o(.text)
    CAN2_RX1_IRQHandler                      0x0800026f   Thumb Code     0  startup_stm32f429xx.o(.text)
    CAN2_SCE_IRQHandler                      0x0800026f   Thumb Code     0  startup_stm32f429xx.o(.text)
    CAN2_TX_IRQHandler                       0x0800026f   Thumb Code     0  startup_stm32f429xx.o(.text)
    DCMI_IRQHandler                          0x0800026f   Thumb Code     0  startup_stm32f429xx.o(.text)
    DMA1_Stream0_IRQHandler                  0x0800026f   Thumb Code     0  startup_stm32f429xx.o(.text)
    DMA1_Stream1_IRQHandler                  0x0800026f   Thumb Code     0  startup_stm32f429xx.o(.text)
    DMA1_Stream2_IRQHandler                  0x0800026f   Thumb Code     0  startup_stm32f429xx.o(.text)
    DMA1_Stream3_IRQHandler                  0x0800026f   Thumb Code     0  startup_stm32f429xx.o(.text)
    DMA1_Stream4_IRQHandler                  0x0800026f   Thumb Code     0  startup_stm32f429xx.o(.text)
    DMA1_Stream5_IRQHandler                  0x0800026f   Thumb Code     0  startup_stm32f429xx.o(.text)
    DMA1_Stream6_IRQHandler                  0x0800026f   Thumb Code     0  startup_stm32f429xx.o(.text)
    DMA1_Stream7_IRQHandler                  0x0800026f   Thumb Code     0  startup_stm32f429xx.o(.text)
    DMA2D_IRQHandler                         0x0800026f   Thumb Code     0  startup_stm32f429xx.o(.text)
    DMA2_Stream0_IRQHandler                  0x0800026f   Thumb Code     0  startup_stm32f429xx.o(.text)
    DMA2_Stream1_IRQHandler                  0x0800026f   Thumb Code     0  startup_stm32f429xx.o(.text)
    DMA2_Stream2_IRQHandler                  0x0800026f   Thumb Code     0  startup_stm32f429xx.o(.text)
    DMA2_Stream3_IRQHandler                  0x0800026f   Thumb Code     0  startup_stm32f429xx.o(.text)
    DMA2_Stream4_IRQHandler                  0x0800026f   Thumb Code     0  startup_stm32f429xx.o(.text)
    DMA2_Stream5_IRQHandler                  0x0800026f   Thumb Code     0  startup_stm32f429xx.o(.text)
    DMA2_Stream6_IRQHandler                  0x0800026f   Thumb Code     0  startup_stm32f429xx.o(.text)
    DMA2_Stream7_IRQHandler                  0x0800026f   Thumb Code     0  startup_stm32f429xx.o(.text)
    ETH_IRQHandler                           0x0800026f   Thumb Code     0  startup_stm32f429xx.o(.text)
    ETH_WKUP_IRQHandler                      0x0800026f   Thumb Code     0  startup_stm32f429xx.o(.text)
    EXTI0_IRQHandler                         0x0800026f   Thumb Code     0  startup_stm32f429xx.o(.text)
    EXTI15_10_IRQHandler                     0x0800026f   Thumb Code     0  startup_stm32f429xx.o(.text)
    EXTI1_IRQHandler                         0x0800026f   Thumb Code     0  startup_stm32f429xx.o(.text)
    EXTI2_IRQHandler                         0x0800026f   Thumb Code     0  startup_stm32f429xx.o(.text)
    EXTI3_IRQHandler                         0x0800026f   Thumb Code     0  startup_stm32f429xx.o(.text)
    EXTI4_IRQHandler                         0x0800026f   Thumb Code     0  startup_stm32f429xx.o(.text)
    EXTI9_5_IRQHandler                       0x0800026f   Thumb Code     0  startup_stm32f429xx.o(.text)
    FLASH_IRQHandler                         0x0800026f   Thumb Code     0  startup_stm32f429xx.o(.text)
    FMC_IRQHandler                           0x0800026f   Thumb Code     0  startup_stm32f429xx.o(.text)
    FPU_IRQHandler                           0x0800026f   Thumb Code     0  startup_stm32f429xx.o(.text)
    HASH_RNG_IRQHandler                      0x0800026f   Thumb Code     0  startup_stm32f429xx.o(.text)
    I2C2_ER_IRQHandler                       0x0800026f   Thumb Code     0  startup_stm32f429xx.o(.text)
    I2C2_EV_IRQHandler                       0x0800026f   Thumb Code     0  startup_stm32f429xx.o(.text)
    I2C3_ER_IRQHandler                       0x0800026f   Thumb Code     0  startup_stm32f429xx.o(.text)
    I2C3_EV_IRQHandler                       0x0800026f   Thumb Code     0  startup_stm32f429xx.o(.text)
    LTDC_ER_IRQHandler                       0x0800026f   Thumb Code     0  startup_stm32f429xx.o(.text)
    LTDC_IRQHandler                          0x0800026f   Thumb Code     0  startup_stm32f429xx.o(.text)
    OTG_FS_IRQHandler                        0x0800026f   Thumb Code     0  startup_stm32f429xx.o(.text)
    OTG_FS_WKUP_IRQHandler                   0x0800026f   Thumb Code     0  startup_stm32f429xx.o(.text)
    OTG_HS_EP1_IN_IRQHandler                 0x0800026f   Thumb Code     0  startup_stm32f429xx.o(.text)
    OTG_HS_EP1_OUT_IRQHandler                0x0800026f   Thumb Code     0  startup_stm32f429xx.o(.text)
    OTG_HS_IRQHandler                        0x0800026f   Thumb Code     0  startup_stm32f429xx.o(.text)
    OTG_HS_WKUP_IRQHandler                   0x0800026f   Thumb Code     0  startup_stm32f429xx.o(.text)
    PVD_IRQHandler                           0x0800026f   Thumb Code     0  startup_stm32f429xx.o(.text)
    RCC_IRQHandler                           0x0800026f   Thumb Code     0  startup_stm32f429xx.o(.text)
    RTC_Alarm_IRQHandler                     0x0800026f   Thumb Code     0  startup_stm32f429xx.o(.text)
    RTC_WKUP_IRQHandler                      0x0800026f   Thumb Code     0  startup_stm32f429xx.o(.text)
    SAI1_IRQHandler                          0x0800026f   Thumb Code     0  startup_stm32f429xx.o(.text)
    SDIO_IRQHandler                          0x0800026f   Thumb Code     0  startup_stm32f429xx.o(.text)
    SPI2_IRQHandler                          0x0800026f   Thumb Code     0  startup_stm32f429xx.o(.text)
    SPI3_IRQHandler                          0x0800026f   Thumb Code     0  startup_stm32f429xx.o(.text)
    SPI4_IRQHandler                          0x0800026f   Thumb Code     0  startup_stm32f429xx.o(.text)
    SPI5_IRQHandler                          0x0800026f   Thumb Code     0  startup_stm32f429xx.o(.text)
    SPI6_IRQHandler                          0x0800026f   Thumb Code     0  startup_stm32f429xx.o(.text)
    TAMP_STAMP_IRQHandler                    0x0800026f   Thumb Code     0  startup_stm32f429xx.o(.text)
    TIM1_BRK_TIM9_IRQHandler                 0x0800026f   Thumb Code     0  startup_stm32f429xx.o(.text)
    TIM1_CC_IRQHandler                       0x0800026f   Thumb Code     0  startup_stm32f429xx.o(.text)
    TIM1_TRG_COM_TIM11_IRQHandler            0x0800026f   Thumb Code     0  startup_stm32f429xx.o(.text)
    TIM1_UP_TIM10_IRQHandler                 0x0800026f   Thumb Code     0  startup_stm32f429xx.o(.text)
    TIM2_IRQHandler                          0x0800026f   Thumb Code     0  startup_stm32f429xx.o(.text)
    TIM3_IRQHandler                          0x0800026f   Thumb Code     0  startup_stm32f429xx.o(.text)
    TIM4_IRQHandler                          0x0800026f   Thumb Code     0  startup_stm32f429xx.o(.text)
    TIM5_IRQHandler                          0x0800026f   Thumb Code     0  startup_stm32f429xx.o(.text)
    TIM6_DAC_IRQHandler                      0x0800026f   Thumb Code     0  startup_stm32f429xx.o(.text)
    TIM7_IRQHandler                          0x0800026f   Thumb Code     0  startup_stm32f429xx.o(.text)
    TIM8_BRK_TIM12_IRQHandler                0x0800026f   Thumb Code     0  startup_stm32f429xx.o(.text)
    TIM8_CC_IRQHandler                       0x0800026f   Thumb Code     0  startup_stm32f429xx.o(.text)
    TIM8_TRG_COM_TIM14_IRQHandler            0x0800026f   Thumb Code     0  startup_stm32f429xx.o(.text)
    TIM8_UP_TIM13_IRQHandler                 0x0800026f   Thumb Code     0  startup_stm32f429xx.o(.text)
    UART4_IRQHandler                         0x0800026f   Thumb Code     0  startup_stm32f429xx.o(.text)
    UART5_IRQHandler                         0x0800026f   Thumb Code     0  startup_stm32f429xx.o(.text)
    UART7_IRQHandler                         0x0800026f   Thumb Code     0  startup_stm32f429xx.o(.text)
    UART8_IRQHandler                         0x0800026f   Thumb Code     0  startup_stm32f429xx.o(.text)
    USART1_IRQHandler                        0x0800026f   Thumb Code     0  startup_stm32f429xx.o(.text)
    USART2_IRQHandler                        0x0800026f   Thumb Code     0  startup_stm32f429xx.o(.text)
    WWDG_IRQHandler                          0x0800026f   Thumb Code     0  startup_stm32f429xx.o(.text)
    __user_initial_stackheap                 0x08000271   Thumb Code     0  startup_stm32f429xx.o(.text)
    SVC_Handler                              0x08000295   Thumb Code   154  irq_armv7m.o(.text)
    PendSV_Handler                           0x0800032f   Thumb Code    16  irq_armv7m.o(.text)
    SysTick_Handler                          0x0800033f   Thumb Code    16  irq_armv7m.o(.text)
    __aeabi_uldivmod                         0x0800035d   Thumb Code     0  lludivv7m.o(.text)
    _ll_udiv                                 0x0800035d   Thumb Code   240  lludivv7m.o(.text)
    __aeabi_memcpy                           0x0800044d   Thumb Code     0  rt_memcpy_v6.o(.text)
    __rt_memcpy                              0x0800044d   Thumb Code   138  rt_memcpy_v6.o(.text)
    _memcpy_lastbytes                        0x080004b3   Thumb Code     0  rt_memcpy_v6.o(.text)
    __aeabi_memclr                           0x080004d7   Thumb Code     0  rt_memclr.o(.text)
    __rt_memclr                              0x080004d7   Thumb Code     0  rt_memclr.o(.text)
    _memset                                  0x080004db   Thumb Code    64  rt_memclr.o(.text)
    __aeabi_memclr4                          0x0800051b   Thumb Code     0  rt_memclr_w.o(.text)
    __aeabi_memclr8                          0x0800051b   Thumb Code     0  rt_memclr_w.o(.text)
    __rt_memclr_w                            0x0800051b   Thumb Code     0  rt_memclr_w.o(.text)
    _memset_w                                0x0800051f   Thumb Code    74  rt_memclr_w.o(.text)
    __use_two_region_memory                  0x08000569   Thumb Code     2  heapauxi.o(.text)
    __rt_heap_escrow$2region                 0x0800056b   Thumb Code     2  heapauxi.o(.text)
    __rt_heap_expand$2region                 0x0800056d   Thumb Code     2  heapauxi.o(.text)
    __aeabi_memcpy4                          0x0800056f   Thumb Code     0  rt_memcpy_w.o(.text)
    __aeabi_memcpy8                          0x0800056f   Thumb Code     0  rt_memcpy_w.o(.text)
    __rt_memcpy_w                            0x0800056f   Thumb Code   100  rt_memcpy_w.o(.text)
    _memcpy_lastbytes_aligned                0x080005b7   Thumb Code     0  rt_memcpy_w.o(.text)
    __user_setup_stackheap                   0x080005d3   Thumb Code    74  sys_stackheap_outer.o(.text)
    exit                                     0x0800061d   Thumb Code    18  exit.o(.text)
    __user_libspace                          0x08000631   Thumb Code     8  libspace.o(.text)
    __user_perproc_libspace                  0x08000631   Thumb Code     0  libspace.o(.text)
    _sys_exit                                0x08000639   Thumb Code     8  sys_exit.o(.text)
    __I$use$semihosting                      0x08000645   Thumb Code     0  use_no_semi.o(.text)
    __use_no_semihosting_swi                 0x08000645   Thumb Code     2  use_no_semi.o(.text)
    __semihosting_library_function           0x08000647   Thumb Code     0  indicate_semi.o(.text)
    HAL_GetREVID                             0x08000649   Thumb Code    14  stm32f4xx_hal.o(.text.HAL_GetREVID)
    HAL_GetTick                              0x08000659   Thumb Code    80  main.o(.text.HAL_GetTick)
    HAL_Init                                 0x080006a9   Thumb Code    46  stm32f4xx_hal.o(.text.HAL_Init)
    HAL_InitTick                             0x080006d9   Thumb Code    80  stm32f4xx_hal.o(.text.HAL_InitTick)
    HAL_MspInit                              0x08000729   Thumb Code     2  stm32f4xx_hal.o(.text.HAL_MspInit)
    HAL_NVIC_SetPriority                     0x0800072d   Thumb Code    30  stm32f4xx_hal_cortex.o(.text.HAL_NVIC_SetPriority)
    HAL_NVIC_SetPriorityGrouping             0x0800074d   Thumb Code     8  stm32f4xx_hal_cortex.o(.text.HAL_NVIC_SetPriorityGrouping)
    HAL_RCC_ClockConfig                      0x08000755   Thumb Code   352  stm32f4xx_hal_rcc.o(.text.HAL_RCC_ClockConfig)
    HAL_RCC_GetHCLKFreq                      0x080008b5   Thumb Code    12  stm32f4xx_hal_rcc.o(.text.HAL_RCC_GetHCLKFreq)
    HAL_RCC_GetPCLK1Freq                     0x080008c1   Thumb Code    34  stm32f4xx_hal_rcc.o(.text.HAL_RCC_GetPCLK1Freq)
    HAL_RCC_GetPCLK2Freq                     0x080008e5   Thumb Code    34  stm32f4xx_hal_rcc.o(.text.HAL_RCC_GetPCLK2Freq)
    HAL_RCC_GetSysClockFreq                  0x08000909   Thumb Code   104  stm32f4xx_hal_rcc.o(.text.HAL_RCC_GetSysClockFreq)
    HAL_RCC_OscConfig                        0x08000971   Thumb Code   820  stm32f4xx_hal_rcc.o(.text.HAL_RCC_OscConfig)
    HAL_SYSTICK_Config                       0x08000ca5   Thumb Code     8  stm32f4xx_hal_cortex.o(.text.HAL_SYSTICK_Config)
    I2C1_ER_IRQHandler                       0x08000cad   Thumb Code     8  i2c_stm32f4xx.o(.text.I2C1_ER_IRQHandler)
    I2C1_EV_IRQHandler                       0x08000cb5   Thumb Code     8  i2c_stm32f4xx.o(.text.I2C1_EV_IRQHandler)
    OS_Tick_AcknowledgeIRQ                   0x08001421   Thumb Code     8  os_systick.o(.text.OS_Tick_AcknowledgeIRQ)
    OS_Tick_Enable                           0x08001429   Thumb Code    32  os_systick.o(.text.OS_Tick_Enable)
    OS_Tick_GetIRQn                          0x0800144d   Thumb Code     6  os_systick.o(.text.OS_Tick_GetIRQn)
    OS_Tick_Setup                            0x08001455   Thumb Code    48  os_systick.o(.text.OS_Tick_Setup)
    SPI1_IRQHandler                          0x080014b5   Thumb Code     8  spi_stm32f4xx.o(.text.SPI1_IRQHandler)
    SystemCoreClockUpdate                    0x08001735   Thumb Code   126  system_stm32f4xx.o(.text.SystemCoreClockUpdate)
    SystemInit                               0x080017b5   Thumb Code    26  system_stm32f4xx.o(.text.SystemInit)
    USART3_IRQHandler                        0x08001879   Thumb Code    16  usart_stm32f4xx.o(.text.USART3_IRQHandler)
    USART6_IRQHandler                        0x08001889   Thumb Code    16  usart_stm32f4xx.o(.text.USART6_IRQHandler)
    USART_IRQHandler                         0x08001899   Thumb Code   514  usart_stm32f4xx.o(.text.USART_IRQHandler)
    _mutex_acquire                           0x08001af1   Thumb Code    26  rtx_lib.o(.text._mutex_acquire)
    _mutex_free                              0x08001b0d   Thumb Code    10  rtx_lib.o(.text._mutex_free)
    _mutex_initialize                        0x08001b19   Thumb Code    32  rtx_lib.o(.text._mutex_initialize)
    _mutex_release                           0x08001b39   Thumb Code    22  rtx_lib.o(.text._mutex_release)
    _platform_post_stackheap_init            0x08001b51   Thumb Code     8  rtx_lib.o(.text._platform_post_stackheap_init)
    init_thread_Sensor_color                 0x08001b59   Thumb Code    38  tcs_colorsensor.o(.text.init_thread_Sensor_color)
    main                                     0x08001b81   Thumb Code    26  main.o(.text.main)
    osKernelGetState                         0x08001b9d   Thumb Code    40  rtx_kernel.o(.text.osKernelGetState)
    osKernelGetTickCount                     0x08001bc9   Thumb Code    32  rtx_kernel.o(.text.osKernelGetTickCount)
    osKernelInitialize                       0x08001bf1   Thumb Code    40  rtx_kernel.o(.text.osKernelInitialize)
    osKernelStart                            0x08001c1d   Thumb Code    32  rtx_kernel.o(.text.osKernelStart)
    osMessageQueueGet                        0x08001c41   Thumb Code   108  rtx_msgqueue.o(.text.osMessageQueueGet)
    osMessageQueuePut                        0x08001cb1   Thumb Code   124  rtx_msgqueue.o(.text.osMessageQueuePut)
    osMutexAcquire                           0x08001d31   Thumb Code    32  rtx_mutex.o(.text.osMutexAcquire)
    osMutexDelete                            0x08001d55   Thumb Code    32  rtx_mutex.o(.text.osMutexDelete)
    osMutexNew                               0x08001d79   Thumb Code    32  rtx_mutex.o(.text.osMutexNew)
    osMutexRelease                           0x08001d9d   Thumb Code    32  rtx_mutex.o(.text.osMutexRelease)
    osRtxErrorNotify                         0x08001dc1   Thumb Code     2  rtx_config.o(.text.osRtxErrorNotify)
    osRtxIdleThread                          0x08001dc5   Thumb Code     2  rtx_config.o(.text.osRtxIdleThread)
    osRtxKernelErrorNotify                   0x08001dc7   Thumb Code     4  rtx_kernel.o(.text.osRtxKernelErrorNotify)
    osRtxKernelPreInit                       0x08001dcb   Thumb Code     2  rtx_kernel.o(.text.osRtxKernelPreInit)
    osRtxMemoryAlloc                         0x08001dcd   Thumb Code   108  rtx_memory.o(.text.osRtxMemoryAlloc)
    osRtxMemoryFree                          0x08001e39   Thumb Code    66  rtx_memory.o(.text.osRtxMemoryFree)
    osRtxMemoryInit                          0x08001e7b   Thumb Code    54  rtx_memory.o(.text.osRtxMemoryInit)
    osRtxMemoryPoolAlloc                     0x08001eb1   Thumb Code    58  rtx_mempool.o(.text.osRtxMemoryPoolAlloc)
    osRtxMemoryPoolFree                      0x08001eeb   Thumb Code    74  rtx_mempool.o(.text.osRtxMemoryPoolFree)
    osRtxMemoryPoolInit                      0x08001f35   Thumb Code    56  rtx_mempool.o(.text.osRtxMemoryPoolInit)
    osRtxMessageQueueTimerSetup              0x08002019   Thumb Code    32  rtx_msgqueue.o(.text.osRtxMessageQueueTimerSetup)
    osRtxMutexOwnerRelease                   0x0800203d   Thumb Code    72  rtx_mutex.o(.text.osRtxMutexOwnerRelease)
    osRtxMutexOwnerRestore                   0x08002085   Thumb Code    66  rtx_mutex.o(.text.osRtxMutexOwnerRestore)
    osRtxPendSV_Handler                      0x080020c9   Thumb Code   136  rtx_system.o(.text.osRtxPendSV_Handler)
    osRtxPostProcess                         0x08002151   Thumb Code   108  rtx_system.o(.text.osRtxPostProcess)
    osRtxThreadDelayTick                     0x080022ad   Thumb Code    72  rtx_thread.o(.text.osRtxThreadDelayTick)
    osRtxThreadDispatch                      0x08002315   Thumb Code    80  rtx_thread.o(.text.osRtxThreadDispatch)
    osRtxThreadListGet                       0x080023db   Thumb Code    18  rtx_thread.o(.text.osRtxThreadListGet)
    osRtxThreadListPut                       0x080023ed   Thumb Code    44  rtx_thread.o(.text.osRtxThreadListPut)
    osRtxThreadListRemove                    0x08002419   Thumb Code    20  rtx_thread.o(.text.osRtxThreadListRemove)
    osRtxThreadListSort                      0x08002439   Thumb Code    38  rtx_thread.o(.text.osRtxThreadListSort)
    osRtxThreadReadyPut                      0x08002489   Thumb Code    16  rtx_thread.o(.text.osRtxThreadReadyPut)
    osRtxThreadRegPtr                        0x0800249d   Thumb Code    20  rtx_thread.o(.text.osRtxThreadRegPtr)
    osRtxThreadStartup                       0x080024b1   Thumb Code    48  rtx_thread.o(.text.osRtxThreadStartup)
    osRtxThreadSwitch                        0x080024e5   Thumb Code    12  rtx_thread.o(.text.osRtxThreadSwitch)
    osRtxThreadWaitEnter                     0x080024f1   Thumb Code    56  rtx_thread.o(.text.osRtxThreadWaitEnter)
    osRtxThreadWaitExit                      0x0800252d   Thumb Code    48  rtx_thread.o(.text.osRtxThreadWaitExit)
    osRtxTick_Handler                        0x0800255d   Thumb Code   116  rtx_system.o(.text.osRtxTick_Handler)
    osRtxTimerSetup                          0x080025d5   Thumb Code    24  rtx_timer.o(.text.osRtxTimerSetup)
    osRtxTimerThread                         0x080025f5   Thumb Code    32  rtx_timer.o(.text.osRtxTimerThread)
    osThreadExit                             0x08002685   Thumb Code     8  rtx_thread.o(.text.osThreadExit)
    osThreadNew                              0x08002691   Thumb Code    32  rtx_thread.o(.text.osThreadNew)
    _fp_init                                 0x08002f99   Thumb Code    26  fpinit.o(x$fpl$fpinit)
    __fplib_config_fpu_vfp                   0x08002fb1   Thumb Code     0  fpinit.o(x$fpl$fpinit)
    __fplib_config_pureend_doubles           0x08002fb1   Thumb Code     0  fpinit.o(x$fpl$fpinit)
    osRtxConfig                              0x08002fb4   Data         112  rtx_lib.o(.rodata)
    os_cb_sections                           0x08003024   Data          56  rtx_lib.o(.rodata)
    AHBPrescTable                            0x0800305c   Data          16  system_stm32f4xx.o(.rodata.AHBPrescTable)
    APBPrescTable                            0x0800306c   Data           8  system_stm32f4xx.o(.rodata.APBPrescTable)
    osRtxUserSVC                             0x0800310c   Data           4  rtx_lib.o(.rodata.osRtxUserSVC)
    Region$$Table$$Base                      0x0800317c   Number         0  anon$$obj.o(Region$$Table)
    Region$$Table$$Limit                     0x0800319c   Number         0  anon$$obj.o(Region$$Table)
    SystemCoreClock                          0x20000000   Data           4  system_stm32f4xx.o(.data.SystemCoreClock)
    osRtxInfo                                0x20000004   Data         164  rtx_kernel.o(.data.os)
    uwTickFreq                               0x200000a8   Data           1  stm32f4xx_hal.o(.data.uwTickFreq)
    uwTickPrio                               0x200000ac   Data           4  stm32f4xx_hal.o(.data.uwTickPrio)
    __libspace_start                         0x200000b0   Data          96  libspace.o(.bss)
    __temporary_stack_top$libspace           0x20000110   Data           0  libspace.o(.bss)
    .bss.os.msgqueue.cb$$Base                0x2000821c   Number         0  rtx_lib.o(.bss.os.msgqueue.cb)
    .bss.os.msgqueue.cb$$Limit               0x20008250   Number         0  rtx_lib.o(.bss.os.msgqueue.cb)
    .bss.os.thread.cb$$Base                  0x200082a0   Number         0  rtx_lib.o(.bss.os.thread.cb)
    .bss.os.thread.cb$$Limit                 0x20008328   Number         0  rtx_lib.o(.bss.os.thread.cb)
    threadSensorColor                        0x2000872c   Data           4  tcs_colorsensor.o(.bss.threadSensorColor)



==============================================================================

Memory Map of the image

  Image Entry point : 0x080001ad

  Load Region LR_IROM1 (Base: 0x08000000, Size: 0x00003250, Max: 0x00200000, ABSOLUTE)

    Execution Region ER_IROM1 (Exec base: 0x08000000, Load base: 0x08000000, Size: 0x0000319c, Max: 0x00200000, ABSOLUTE)

    Exec Addr    Load Addr    Size         Type   Attr      Idx    E Section Name        Object

    0x08000000   0x08000000   0x000001ac   Data   RO         1410    RESET               startup_stm32f429xx.o
    0x080001ac   0x080001ac   0x00000008   Code   RO         1914  * !!!main             c_w.l(__main.o)
    0x080001b4   0x080001b4   0x00000034   Code   RO         2087    !!!scatter          c_w.l(__scatter.o)
    0x080001e8   0x080001e8   0x0000001a   Code   RO         2089    !!handler_copy      c_w.l(__scatter_copy.o)
    0x08000202   0x08000202   0x00000002   PAD
    0x08000204   0x08000204   0x0000001c   Code   RO         2091    !!handler_zi        c_w.l(__scatter_zi.o)
    0x08000220   0x08000220   0x00000002   Code   RO         1951    .ARM.Collect$$libinit$$00000000  c_w.l(libinit.o)
    0x08000222   0x08000222   0x00000004   Code   RO         1963    .ARM.Collect$$libinit$$00000001  c_w.l(libinit2.o)
    0x08000226   0x08000226   0x00000000   Code   RO         1966    .ARM.Collect$$libinit$$00000004  c_w.l(libinit2.o)
    0x08000226   0x08000226   0x00000000   Code   RO         1969    .ARM.Collect$$libinit$$0000000A  c_w.l(libinit2.o)
    0x08000226   0x08000226   0x00000000   Code   RO         1971    .ARM.Collect$$libinit$$0000000C  c_w.l(libinit2.o)
    0x08000226   0x08000226   0x00000000   Code   RO         1973    .ARM.Collect$$libinit$$0000000E  c_w.l(libinit2.o)
    0x08000226   0x08000226   0x00000000   Code   RO         1976    .ARM.Collect$$libinit$$00000011  c_w.l(libinit2.o)
    0x08000226   0x08000226   0x00000000   Code   RO         1978    .ARM.Collect$$libinit$$00000013  c_w.l(libinit2.o)
    0x08000226   0x08000226   0x00000000   Code   RO         1980    .ARM.Collect$$libinit$$00000015  c_w.l(libinit2.o)
    0x08000226   0x08000226   0x00000000   Code   RO         1982    .ARM.Collect$$libinit$$00000017  c_w.l(libinit2.o)
    0x08000226   0x08000226   0x00000000   Code   RO         1984    .ARM.Collect$$libinit$$00000019  c_w.l(libinit2.o)
    0x08000226   0x08000226   0x00000000   Code   RO         1986    .ARM.Collect$$libinit$$0000001B  c_w.l(libinit2.o)
    0x08000226   0x08000226   0x00000000   Code   RO         1988    .ARM.Collect$$libinit$$0000001D  c_w.l(libinit2.o)
    0x08000226   0x08000226   0x00000000   Code   RO         1990    .ARM.Collect$$libinit$$0000001F  c_w.l(libinit2.o)
    0x08000226   0x08000226   0x00000000   Code   RO         1992    .ARM.Collect$$libinit$$00000021  c_w.l(libinit2.o)
    0x08000226   0x08000226   0x00000000   Code   RO         1994    .ARM.Collect$$libinit$$00000023  c_w.l(libinit2.o)
    0x08000226   0x08000226   0x00000000   Code   RO         1996    .ARM.Collect$$libinit$$00000025  c_w.l(libinit2.o)
    0x08000226   0x08000226   0x00000000   Code   RO         2000    .ARM.Collect$$libinit$$0000002C  c_w.l(libinit2.o)
    0x08000226   0x08000226   0x00000000   Code   RO         2002    .ARM.Collect$$libinit$$0000002E  c_w.l(libinit2.o)
    0x08000226   0x08000226   0x00000000   Code   RO         2004    .ARM.Collect$$libinit$$00000030  c_w.l(libinit2.o)
    0x08000226   0x08000226   0x00000000   Code   RO         2006    .ARM.Collect$$libinit$$00000032  c_w.l(libinit2.o)
    0x08000226   0x08000226   0x00000002   Code   RO         2007    .ARM.Collect$$libinit$$00000033  c_w.l(libinit2.o)
    0x08000228   0x08000228   0x00000002   Code   RO         2042    .ARM.Collect$$libshutdown$$00000000  c_w.l(libshutdown.o)
    0x0800022a   0x0800022a   0x00000000   Code   RO         2070    .ARM.Collect$$libshutdown$$00000002  c_w.l(libshutdown2.o)
    0x0800022a   0x0800022a   0x00000000   Code   RO         2072    .ARM.Collect$$libshutdown$$00000004  c_w.l(libshutdown2.o)
    0x0800022a   0x0800022a   0x00000000   Code   RO         2075    .ARM.Collect$$libshutdown$$00000007  c_w.l(libshutdown2.o)
    0x0800022a   0x0800022a   0x00000000   Code   RO         2078    .ARM.Collect$$libshutdown$$0000000A  c_w.l(libshutdown2.o)
    0x0800022a   0x0800022a   0x00000000   Code   RO         2080    .ARM.Collect$$libshutdown$$0000000C  c_w.l(libshutdown2.o)
    0x0800022a   0x0800022a   0x00000000   Code   RO         2083    .ARM.Collect$$libshutdown$$0000000F  c_w.l(libshutdown2.o)
    0x0800022a   0x0800022a   0x00000002   Code   RO         2084    .ARM.Collect$$libshutdown$$00000010  c_w.l(libshutdown2.o)
    0x0800022c   0x0800022c   0x00000000   Code   RO         1916    .ARM.Collect$$rtentry$$00000000  c_w.l(__rtentry.o)
    0x0800022c   0x0800022c   0x00000000   Code   RO         1924    .ARM.Collect$$rtentry$$00000002  c_w.l(__rtentry2.o)
    0x0800022c   0x0800022c   0x00000006   Code   RO         1936    .ARM.Collect$$rtentry$$00000004  c_w.l(__rtentry4.o)
    0x08000232   0x08000232   0x00000008   Code   RO         1925    .ARM.Collect$$rtentry$$00000008  c_w.l(__rtentry2.o)
    0x0800023a   0x0800023a   0x00000004   Code   RO         1927    .ARM.Collect$$rtentry$$0000000A  c_w.l(__rtentry2.o)
    0x0800023e   0x0800023e   0x00000000   Code   RO         1929    .ARM.Collect$$rtentry$$0000000C  c_w.l(__rtentry2.o)
    0x0800023e   0x0800023e   0x00000008   Code   RO         1930    .ARM.Collect$$rtentry$$0000000D  c_w.l(__rtentry2.o)
    0x08000246   0x08000246   0x00000002   Code   RO         1955    .ARM.Collect$$rtexit$$00000000  c_w.l(rtexit.o)
    0x08000248   0x08000248   0x00000000   Code   RO         2013    .ARM.Collect$$rtexit$$00000002  c_w.l(rtexit2.o)
    0x08000248   0x08000248   0x00000004   Code   RO         2014    .ARM.Collect$$rtexit$$00000003  c_w.l(rtexit2.o)
    0x0800024c   0x0800024c   0x00000006   Code   RO         2015    .ARM.Collect$$rtexit$$00000004  c_w.l(rtexit2.o)
    0x08000252   0x08000252   0x00000002   PAD
    0x08000254   0x08000254   0x00000040   Code   RO         1411    .text               startup_stm32f429xx.o
    0x08000294   0x08000294   0x000000c8   Code   RO         1728    .text               RTX_CM4F.lib(irq_armv7m.o)
    0x0800035c   0x0800035c   0x000000f0   Code   RO         1904    .text               c_w.l(lludivv7m.o)
    0x0800044c   0x0800044c   0x0000008a   Code   RO         1906    .text               c_w.l(rt_memcpy_v6.o)
    0x080004d6   0x080004d6   0x00000044   Code   RO         1908    .text               c_w.l(rt_memclr.o)
    0x0800051a   0x0800051a   0x0000004e   Code   RO         1910    .text               c_w.l(rt_memclr_w.o)
    0x08000568   0x08000568   0x00000006   Code   RO         1912    .text               c_w.l(heapauxi.o)
    0x0800056e   0x0800056e   0x00000064   Code   RO         1921    .text               c_w.l(rt_memcpy_w.o)
    0x080005d2   0x080005d2   0x0000004a   Code   RO         1940    .text               c_w.l(sys_stackheap_outer.o)
    0x0800061c   0x0800061c   0x00000012   Code   RO         1942    .text               c_w.l(exit.o)
    0x0800062e   0x0800062e   0x00000002   PAD
    0x08000630   0x08000630   0x00000008   Code   RO         1952    .text               c_w.l(libspace.o)
    0x08000638   0x08000638   0x0000000c   Code   RO         2008    .text               c_w.l(sys_exit.o)
    0x08000644   0x08000644   0x00000002   Code   RO         2031    .text               c_w.l(use_no_semi.o)
    0x08000646   0x08000646   0x00000000   Code   RO         2033    .text               c_w.l(indicate_semi.o)
    0x08000646   0x08000646   0x00000002   PAD
    0x08000648   0x08000648   0x0000000e   Code   RO          364    .text.HAL_GetREVID  stm32f4xx_hal.o
    0x08000656   0x08000656   0x00000002   PAD
    0x08000658   0x08000658   0x00000050   Code   RO            2    .text.HAL_GetTick   main.o
    0x080006a8   0x080006a8   0x0000002e   Code   RO          336    .text.HAL_Init      stm32f4xx_hal.o
    0x080006d6   0x080006d6   0x00000002   PAD
    0x080006d8   0x080006d8   0x00000050   Code   RO          338    .text.HAL_InitTick  stm32f4xx_hal.o
    0x08000728   0x08000728   0x00000002   Code   RO          340    .text.HAL_MspInit   stm32f4xx_hal.o
    0x0800072a   0x0800072a   0x00000002   PAD
    0x0800072c   0x0800072c   0x0000001e   Code   RO          409    .text.HAL_NVIC_SetPriority  stm32f4xx_hal_cortex.o
    0x0800074a   0x0800074a   0x00000002   PAD
    0x0800074c   0x0800074c   0x00000008   Code   RO          405    .text.HAL_NVIC_SetPriorityGrouping  stm32f4xx_hal_cortex.o
    0x08000754   0x08000754   0x00000160   Code   RO          809    .text.HAL_RCC_ClockConfig  stm32f4xx_hal_rcc.o
    0x080008b4   0x080008b4   0x0000000c   Code   RO          819    .text.HAL_RCC_GetHCLKFreq  stm32f4xx_hal_rcc.o
    0x080008c0   0x080008c0   0x00000022   Code   RO          821    .text.HAL_RCC_GetPCLK1Freq  stm32f4xx_hal_rcc.o
    0x080008e2   0x080008e2   0x00000002   PAD
    0x080008e4   0x080008e4   0x00000022   Code   RO          823    .text.HAL_RCC_GetPCLK2Freq  stm32f4xx_hal_rcc.o
    0x08000906   0x08000906   0x00000002   PAD
    0x08000908   0x08000908   0x00000068   Code   RO          811    .text.HAL_RCC_GetSysClockFreq  stm32f4xx_hal_rcc.o
    0x08000970   0x08000970   0x00000334   Code   RO          807    .text.HAL_RCC_OscConfig  stm32f4xx_hal_rcc.o
    0x08000ca4   0x08000ca4   0x00000008   Code   RO          429    .text.HAL_SYSTICK_Config  stm32f4xx_hal_cortex.o
    0x08000cac   0x08000cac   0x00000008   Code   RO           86    .text.I2C1_ER_IRQHandler  i2c_stm32f4xx.o
    0x08000cb4   0x08000cb4   0x00000008   Code   RO           82    .text.I2C1_EV_IRQHandler  i2c_stm32f4xx.o
    0x08000cbc   0x08000cbc   0x00000162   Code   RO           88    .text.I2C_ER_IRQHandler  i2c_stm32f4xx.o
    0x08000e1e   0x08000e1e   0x00000002   PAD
    0x08000e20   0x08000e20   0x0000051e   Code   RO           84    .text.I2C_EV_IRQHandler  i2c_stm32f4xx.o
    0x0800133e   0x0800133e   0x00000040   Code   RO         1844    .text.MessageQueueGet  RTX_CM4F.lib(rtx_msgqueue.o)
    0x0800137e   0x0800137e   0x00000058   Code   RO         1838    .text.MessageQueuePut  RTX_CM4F.lib(rtx_msgqueue.o)
    0x080013d6   0x080013d6   0x0000001c   Code   RO         1836    .text.MessageQueueRemove  RTX_CM4F.lib(rtx_msgqueue.o)
    0x080013f2   0x080013f2   0x00000002   PAD
    0x080013f4   0x080013f4   0x0000002c   Code   RO          415    .text.NVIC_EncodePriority  stm32f4xx_hal_cortex.o
    0x08001420   0x08001420   0x00000008   Code   RO         1882    .text.OS_Tick_AcknowledgeIRQ  RTX_CM4F.lib(os_systick.o)
    0x08001428   0x08001428   0x00000024   Code   RO         1878    .text.OS_Tick_Enable  RTX_CM4F.lib(os_systick.o)
    0x0800144c   0x0800144c   0x00000006   Code   RO         1884    .text.OS_Tick_GetIRQn  RTX_CM4F.lib(os_systick.o)
    0x08001452   0x08001452   0x00000002   PAD
    0x08001454   0x08001454   0x00000040   Code   RO         1876    .text.OS_Tick_Setup  RTX_CM4F.lib(os_systick.o)
    0x08001494   0x08001494   0x0000000c   Code   RO         1491    .text.OUTLINED_FUNCTION_0  RTX_CM4F.lib(rtx_kernel.o)
    0x080014a0   0x080014a0   0x0000000c   Code   RO         1852    .text.OUTLINED_FUNCTION_0  RTX_CM4F.lib(rtx_msgqueue.o)
    0x080014ac   0x080014ac   0x00000006   Code   RO         1493    .text.OUTLINED_FUNCTION_1  RTX_CM4F.lib(rtx_kernel.o)
    0x080014b2   0x080014b2   0x00000002   PAD
    0x080014b4   0x080014b4   0x00000008   Code   RO          146    .text.SPI1_IRQHandler  spi_stm32f4xx.o
    0x080014bc   0x080014bc   0x000000f0   Code   RO          148    .text.SPI_IRQHandler  spi_stm32f4xx.o
    0x080015ac   0x080015ac   0x0000005a   Code   RO          172    .text.SPI_RxData    spi_stm32f4xx.o
    0x08001606   0x08001606   0x00000002   PAD
    0x08001608   0x08001608   0x0000005c   Code   RO          174    .text.SPI_TxData    spi_stm32f4xx.o
    0x08001664   0x08001664   0x0000002e   Code   RO          431    .text.SysTick_Config  stm32f4xx_hal_cortex.o
    0x08001692   0x08001692   0x00000002   PAD
    0x08001694   0x08001694   0x000000a0   Code   RO            6    .text.SystemClock_Config  main.o
    0x08001734   0x08001734   0x0000007e   Code   RO         1420    .text.SystemCoreClockUpdate  system_stm32f4xx.o
    0x080017b2   0x080017b2   0x00000002   PAD
    0x080017b4   0x080017b4   0x0000001a   Code   RO         1418    .text.SystemInit    system_stm32f4xx.o
    0x080017ce   0x080017ce   0x00000064   Code   RO         1585    .text.ThreadFlagsCheck  RTX_CM4F.lib(rtx_thread.o)
    0x08001832   0x08001832   0x00000002   PAD
    0x08001834   0x08001834   0x00000044   Code   RO         1669    .text.TimerInsert   RTX_CM4F.lib(rtx_timer.o)
    0x08001878   0x08001878   0x00000010   Code   RO          224    .text.USART3_IRQHandler  usart_stm32f4xx.o
    0x08001888   0x08001888   0x00000010   Code   RO          254    .text.USART6_IRQHandler  usart_stm32f4xx.o
    0x08001898   0x08001898   0x00000202   Code   RO          222    .text.USART_IRQHandler  usart_stm32f4xx.o
    0x08001a9a   0x08001a9a   0x00000002   PAD
    0x08001a9c   0x08001a9c   0x00000010   Code   RO          411    .text.__NVIC_GetPriorityGrouping  stm32f4xx_hal_cortex.o
    0x08001aac   0x08001aac   0x00000022   Code   RO          413    .text.__NVIC_SetPriority  stm32f4xx_hal_cortex.o
    0x08001ace   0x08001ace   0x00000002   PAD
    0x08001ad0   0x08001ad0   0x00000020   Code   RO          407    .text.__NVIC_SetPriorityGrouping  stm32f4xx_hal_cortex.o
    0x08001af0   0x08001af0   0x0000001a   Code   RO           43    .text._mutex_acquire  rtx_lib.o
    0x08001b0a   0x08001b0a   0x00000002   PAD
    0x08001b0c   0x08001b0c   0x0000000a   Code   RO           47    .text._mutex_free   rtx_lib.o
    0x08001b16   0x08001b16   0x00000002   PAD
    0x08001b18   0x08001b18   0x00000020   Code   RO           41    .text._mutex_initialize  rtx_lib.o
    0x08001b38   0x08001b38   0x00000016   Code   RO           45    .text._mutex_release  rtx_lib.o
    0x08001b4e   0x08001b4e   0x00000002   PAD
    0x08001b50   0x08001b50   0x00000008   Code   RO           35    .text._platform_post_stackheap_init  rtx_lib.o
    0x08001b58   0x08001b58   0x00000026   Code   RO           18    .text.init_thread_Sensor_color  tcs_colorsensor.o
    0x08001b7e   0x08001b7e   0x00000002   PAD
    0x08001b80   0x08001b80   0x0000001a   Code   RO            4    .text.main          main.o
    0x08001b9a   0x08001b9a   0x00000002   PAD
    0x08001b9c   0x08001b9c   0x0000002c   Code   RO         1443    .text.osKernelGetState  RTX_CM4F.lib(rtx_kernel.o)
    0x08001bc8   0x08001bc8   0x00000028   Code   RO         1459    .text.osKernelGetTickCount  RTX_CM4F.lib(rtx_kernel.o)
    0x08001bf0   0x08001bf0   0x0000002c   Code   RO         1437    .text.osKernelInitialize  RTX_CM4F.lib(rtx_kernel.o)
    0x08001c1c   0x08001c1c   0x00000024   Code   RO         1447    .text.osKernelStart  RTX_CM4F.lib(rtx_kernel.o)
    0x08001c40   0x08001c40   0x00000070   Code   RO         1812    .text.osMessageQueueGet  RTX_CM4F.lib(rtx_msgqueue.o)
    0x08001cb0   0x08001cb0   0x00000080   Code   RO         1810    .text.osMessageQueuePut  RTX_CM4F.lib(rtx_msgqueue.o)
    0x08001d30   0x08001d30   0x00000024   Code   RO         1701    .text.osMutexAcquire  RTX_CM4F.lib(rtx_mutex.o)
    0x08001d54   0x08001d54   0x00000024   Code   RO         1707    .text.osMutexDelete  RTX_CM4F.lib(rtx_mutex.o)
    0x08001d78   0x08001d78   0x00000024   Code   RO         1697    .text.osMutexNew    RTX_CM4F.lib(rtx_mutex.o)
    0x08001d9c   0x08001d9c   0x00000024   Code   RO         1703    .text.osMutexRelease  RTX_CM4F.lib(rtx_mutex.o)
    0x08001dc0   0x08001dc0   0x00000002   Code   RO           73    .text.osRtxErrorNotify  rtx_config.o
    0x08001dc2   0x08001dc2   0x00000002   PAD
    0x08001dc4   0x08001dc4   0x00000002   Code   RO           71    .text.osRtxIdleThread  rtx_config.o
    0x08001dc6   0x08001dc6   0x00000004   Code   RO         1435    .text.osRtxKernelErrorNotify  RTX_CM4F.lib(rtx_kernel.o)
    0x08001dca   0x08001dca   0x00000002   Code   RO         1433    .text.osRtxKernelPreInit  RTX_CM4F.lib(rtx_kernel.o)
    0x08001dcc   0x08001dcc   0x0000006c   Code   RO         1738    .text.osRtxMemoryAlloc  RTX_CM4F.lib(rtx_memory.o)
    0x08001e38   0x08001e38   0x00000042   Code   RO         1740    .text.osRtxMemoryFree  RTX_CM4F.lib(rtx_memory.o)
    0x08001e7a   0x08001e7a   0x00000036   Code   RO         1736    .text.osRtxMemoryInit  RTX_CM4F.lib(rtx_memory.o)
    0x08001eb0   0x08001eb0   0x0000003a   Code   RO         1752    .text.osRtxMemoryPoolAlloc  RTX_CM4F.lib(rtx_mempool.o)
    0x08001eea   0x08001eea   0x0000004a   Code   RO         1754    .text.osRtxMemoryPoolFree  RTX_CM4F.lib(rtx_mempool.o)
    0x08001f34   0x08001f34   0x00000038   Code   RO         1750    .text.osRtxMemoryPoolInit  RTX_CM4F.lib(rtx_mempool.o)
    0x08001f6c   0x08001f6c   0x000000aa   Code   RO         1834    .text.osRtxMessageQueuePostProcess  RTX_CM4F.lib(rtx_msgqueue.o)
    0x08002016   0x08002016   0x00000002   PAD
    0x08002018   0x08002018   0x00000024   Code   RO         1802    .text.osRtxMessageQueueTimerSetup  RTX_CM4F.lib(rtx_msgqueue.o)
    0x0800203c   0x0800203c   0x00000048   Code   RO         1693    .text.osRtxMutexOwnerRelease  RTX_CM4F.lib(rtx_mutex.o)
    0x08002084   0x08002084   0x00000042   Code   RO         1695    .text.osRtxMutexOwnerRestore  RTX_CM4F.lib(rtx_mutex.o)
    0x080020c6   0x080020c6   0x00000002   PAD
    0x080020c8   0x080020c8   0x00000088   Code   RO         1864    .text.osRtxPendSV_Handler  RTX_CM4F.lib(rtx_system.o)
    0x08002150   0x08002150   0x00000070   Code   RO         1866    .text.osRtxPostProcess  RTX_CM4F.lib(rtx_system.o)
    0x080021c0   0x080021c0   0x00000034   Code   RO         1525    .text.osRtxThreadBlock  RTX_CM4F.lib(rtx_thread.o)
    0x080021f4   0x080021f4   0x0000007c   Code   RO         1533    .text.osRtxThreadDelayInsert  RTX_CM4F.lib(rtx_thread.o)
    0x08002270   0x08002270   0x0000003c   Code   RO         1529    .text.osRtxThreadDelayRemove  RTX_CM4F.lib(rtx_thread.o)
    0x080022ac   0x080022ac   0x00000048   Code   RO         1515    .text.osRtxThreadDelayTick  RTX_CM4F.lib(rtx_thread.o)
    0x080022f4   0x080022f4   0x00000020   Code   RO         1617    .text.osRtxThreadDestroy  RTX_CM4F.lib(rtx_thread.o)
    0x08002314   0x08002314   0x00000050   Code   RO         1523    .text.osRtxThreadDispatch  RTX_CM4F.lib(rtx_thread.o)
    0x08002364   0x08002364   0x00000058   Code   RO         1609    .text.osRtxThreadFree  RTX_CM4F.lib(rtx_thread.o)
    0x080023bc   0x080023bc   0x0000001e   Code   RO         1615    .text.osRtxThreadJoinWakeup  RTX_CM4F.lib(rtx_thread.o)
    0x080023da   0x080023da   0x00000012   Code   RO         1507    .text.osRtxThreadListGet  RTX_CM4F.lib(rtx_thread.o)
    0x080023ec   0x080023ec   0x0000002c   Code   RO         1505    .text.osRtxThreadListPut  RTX_CM4F.lib(rtx_thread.o)
    0x08002418   0x08002418   0x00000014   Code   RO         1511    .text.osRtxThreadListRemove  RTX_CM4F.lib(rtx_thread.o)
    0x0800242c   0x0800242c   0x0000000c   Code   RO         1517    .text.osRtxThreadListRoot  RTX_CM4F.lib(rtx_thread.o)
    0x08002438   0x08002438   0x00000026   Code   RO         1509    .text.osRtxThreadListSort  RTX_CM4F.lib(rtx_thread.o)
    0x0800245e   0x0800245e   0x00000028   Code   RO         1583    .text.osRtxThreadPostProcess  RTX_CM4F.lib(rtx_thread.o)
    0x08002486   0x08002486   0x00000002   PAD
    0x08002488   0x08002488   0x00000014   Code   RO         1513    .text.osRtxThreadReadyPut  RTX_CM4F.lib(rtx_thread.o)
    0x0800249c   0x0800249c   0x00000014   Code   RO         1519    .text.osRtxThreadRegPtr  RTX_CM4F.lib(rtx_thread.o)
    0x080024b0   0x080024b0   0x00000034   Code   RO         1535    .text.osRtxThreadStartup  RTX_CM4F.lib(rtx_thread.o)
    0x080024e4   0x080024e4   0x0000000c   Code   RO         1521    .text.osRtxThreadSwitch  RTX_CM4F.lib(rtx_thread.o)
    0x080024f0   0x080024f0   0x0000003c   Code   RO         1531    .text.osRtxThreadWaitEnter  RTX_CM4F.lib(rtx_thread.o)
    0x0800252c   0x0800252c   0x00000030   Code   RO         1527    .text.osRtxThreadWaitExit  RTX_CM4F.lib(rtx_thread.o)
    0x0800255c   0x0800255c   0x00000078   Code   RO         1862    .text.osRtxTick_Handler  RTX_CM4F.lib(rtx_system.o)
    0x080025d4   0x080025d4   0x00000020   Code   RO         1651    .text.osRtxTimerSetup  RTX_CM4F.lib(rtx_timer.o)
    0x080025f4   0x080025f4   0x00000020   Code   RO         1655    .text.osRtxTimerThread  RTX_CM4F.lib(rtx_timer.o)
    0x08002614   0x08002614   0x00000070   Code   RO         1653    .text.osRtxTimerTick  RTX_CM4F.lib(rtx_timer.o)
    0x08002684   0x08002684   0x0000000c   Code   RO         1567    .text.osThreadExit  RTX_CM4F.lib(rtx_thread.o)
    0x08002690   0x08002690   0x00000024   Code   RO         1539    .text.osThreadNew   RTX_CM4F.lib(rtx_thread.o)
    0x080026b4   0x080026b4   0x0000001e   Code   RO           39    .text.os_kernel_is_active  rtx_lib.o
    0x080026d2   0x080026d2   0x00000002   PAD
    0x080026d4   0x080026d4   0x00000008   Code   RO         1445    .text.svcRtxKernelGetState  RTX_CM4F.lib(rtx_kernel.o)
    0x080026dc   0x080026dc   0x0000000c   Code   RO         1461    .text.svcRtxKernelGetTickCount  RTX_CM4F.lib(rtx_kernel.o)
    0x080026e8   0x080026e8   0x000000f8   Code   RO         1475    .text.svcRtxKernelInitialize  RTX_CM4F.lib(rtx_kernel.o)
    0x080027e0   0x080027e0   0x00000088   Code   RO         1477    .text.svcRtxKernelStart  RTX_CM4F.lib(rtx_kernel.o)
    0x08002868   0x08002868   0x000000d8   Code   RO         1846    .text.svcRtxMessageQueueGet  RTX_CM4F.lib(rtx_msgqueue.o)
    0x08002940   0x08002940   0x00000118   Code   RO         1804    .text.svcRtxMessageQueueNew  RTX_CM4F.lib(rtx_msgqueue.o)
    0x08002a58   0x08002a58   0x000000b0   Code   RO         1842    .text.svcRtxMessageQueuePut  RTX_CM4F.lib(rtx_msgqueue.o)
    0x08002b08   0x08002b08   0x00000090   Code   RO         1713    .text.svcRtxMutexAcquire  RTX_CM4F.lib(rtx_mutex.o)
    0x08002b98   0x08002b98   0x000000ac   Code   RO         1719    .text.svcRtxMutexDelete  RTX_CM4F.lib(rtx_mutex.o)
    0x08002c44   0x08002c44   0x00000068   Code   RO         1709    .text.svcRtxMutexNew  RTX_CM4F.lib(rtx_mutex.o)
    0x08002cac   0x08002cac   0x000000b4   Code   RO         1715    .text.svcRtxMutexRelease  RTX_CM4F.lib(rtx_mutex.o)
    0x08002d60   0x08002d60   0x0000004c   Code   RO         1613    .text.svcRtxThreadExit  RTX_CM4F.lib(rtx_thread.o)
    0x08002dac   0x08002dac   0x000001ec   Code   RO         1537    .text.svcRtxThreadNew  RTX_CM4F.lib(rtx_thread.o)
    0x08002f98   0x08002f98   0x0000001a   Code   RO         2025    x$fpl$fpinit        fz_wm.l(fpinit.o)
    0x08002fb2   0x08002fb2   0x00000002   PAD
    0x08002fb4   0x08002fb4   0x000000a8   Data   RO           53    .rodata             rtx_lib.o
    0x0800305c   0x0800305c   0x00000010   Data   RO         1423    .rodata.AHBPrescTable  system_stm32f4xx.o
    0x0800306c   0x0800306c   0x00000008   Data   RO         1424    .rodata.APBPrescTable  system_stm32f4xx.o
    0x08003074   0x08003074   0x00000034   Data   RO          322    .rodata.USART3_Resources  usart_stm32f4xx.o
    0x080030a8   0x080030a8   0x0000000c   Data   RO          319    .rodata.USART3_rx   usart_stm32f4xx.o
    0x080030b4   0x080030b4   0x0000000c   Data   RO          318    .rodata.USART3_tx   usart_stm32f4xx.o
    0x080030c0   0x080030c0   0x00000034   Data   RO          327    .rodata.USART6_Resources  usart_stm32f4xx.o
    0x080030f4   0x080030f4   0x0000000c   Data   RO          324    .rodata.USART6_rx   usart_stm32f4xx.o
    0x08003100   0x08003100   0x0000000c   Data   RO          323    .rodata.USART6_tx   usart_stm32f4xx.o
    0x0800310c   0x0800310c   0x00000004   Data   RO           55    .rodata.osRtxUserSVC  rtx_lib.o
    0x08003110   0x08003110   0x00000024   Data   RO           50    .rodata.os_idle_thread_attr  rtx_lib.o
    0x08003134   0x08003134   0x00000018   Data   RO           52    .rodata.os_timer_mq_attr  rtx_lib.o
    0x0800314c   0x0800314c   0x00000024   Data   RO           51    .rodata.os_timer_thread_attr  rtx_lib.o
    0x08003170   0x08003170   0x0000000b   Data   RO         1495    .rodata.str1.4      RTX_CM4F.lib(rtx_kernel.o)
    0x0800317b   0x0800317b   0x00000001   PAD
    0x0800317c   0x0800317c   0x00000020   Data   RO         2086    Region$$Table       anon$$obj.o


    Execution Region RW_IRAM1 (Exec base: 0x20000000, Load base: 0x080031a0, Size: 0x00008d30, Max: 0x00030000, ABSOLUTE)

    Exec Addr    Load Addr    Size         Type   Attr      Idx    E Section Name        Object

    0x20000000   0x080031a0   0x00000004   Data   RW         1422    .data.SystemCoreClock  system_stm32f4xx.o
    0x20000004   0x080031a4   0x000000a4   Data   RW         1496    .data.os            RTX_CM4F.lib(rtx_kernel.o)
    0x200000a8   0x08003248   0x00000001   Data   RW          395    .data.uwTickFreq    stm32f4xx_hal.o
    0x200000a9   0x08003249   0x00000003   PAD
    0x200000ac   0x0800324c   0x00000004   Data   RW          394    .data.uwTickPrio    stm32f4xx_hal.o
    0x200000b0        -       0x00000060   Zero   RW         1953    .bss                c_w.l(libspace.o)
    0x20000110        -       0x00000004   Zero   RW            8    .bss.HAL_GetTick.ticks  main.o
    0x20000114        -       0x00000028   Zero   RW          137    .bss.I2C1_Info      i2c_stm32f4xx.o
    0x2000013c        -       0x00000004   Zero   RW          208    .bss.SPI1_Info.0    spi_stm32f4xx.o
    0x20000140        -       0x00000001   Zero   RW          211    .bss.SPI1_Info.1.0  spi_stm32f4xx.o
    0x20000141   0x08003250   0x00000003   PAD
    0x20000144        -       0x00000001   Zero   RW          212    .bss.SPI1_Info.1.1  spi_stm32f4xx.o
    0x20000145   0x08003250   0x00000001   PAD
    0x20000146        -       0x00000001   Zero   RW          213    .bss.SPI1_Info.1.2  spi_stm32f4xx.o
    0x20000147   0x08003250   0x00000001   PAD
    0x20000148        -       0x0000001c   Zero   RW          207    .bss.SPI1_TransferInfo  spi_stm32f4xx.o
    0x20000164        -       0x00000014   Zero   RW          320    .bss.USART3_Info    usart_stm32f4xx.o
    0x20000178        -       0x00000024   Zero   RW          321    .bss.USART3_TransferInfo  usart_stm32f4xx.o
    0x2000019c        -       0x00000014   Zero   RW          325    .bss.USART6_Info    usart_stm32f4xx.o
    0x200001b0        -       0x00000024   Zero   RW          326    .bss.USART6_TransferInfo  usart_stm32f4xx.o
    0x200001d4   0x08003250   0x00000004   PAD
    0x200001d8        -       0x00008040   Zero   RW           49    .bss.os             rtx_lib.o
    0x20008218        -       0x00000001   Zero   RW         1894    .bss.os             RTX_CM4F.lib(os_systick.o)
    0x20008219   0x08003250   0x00000003   PAD
    0x2000821c        -       0x00000034   Zero   RW           60    .bss.os.msgqueue.cb  rtx_lib.o
    0x20008250        -       0x00000050   Zero   RW           61    .bss.os.msgqueue.mem  rtx_lib.o
    0x200082a0        -       0x00000088   Zero   RW           57    .bss.os.thread.cb   rtx_lib.o
    0x20008328        -       0x00000200   Zero   RW           58    .bss.os.thread.idle.stack  rtx_lib.o
    0x20008528        -       0x00000200   Zero   RW           59    .bss.os.thread.timer.stack  rtx_lib.o
    0x20008728        -       0x00000001   Zero   RW           62    .bss.os_kernel_is_active.os_kernel_active  rtx_lib.o
    0x20008729   0x08003250   0x00000003   PAD
    0x2000872c        -       0x00000004   Zero   RW           23    .bss.threadSensorColor  tcs_colorsensor.o
    0x20008730        -       0x00000200   Zero   RW         1409    HEAP                startup_stm32f429xx.o
    0x20008930        -       0x00000400   Zero   RW         1408    STACK               startup_stm32f429xx.o


==============================================================================

Image component sizes


      Code (inc. data)   RO Data    RW Data    ZI Data      Debug   Object Name

      1680          0          0          0         40      16746   i2c_stm32f4xx.o
       266          0          0          0          4       3396   main.o
         4          0          0          0          0        689   rtx_config.o
       128          0        268          0      34125       7357   rtx_lib.o
       430          0          0          0         35      16451   spi_stm32f4xx.o
        64         26        428          0       1536        892   startup_stm32f429xx.o
       142          0          0          5          0       8041   stm32f4xx_hal.o
       218          0          0          0          0      11181   stm32f4xx_hal_cortex.o
      1356          0          0          0          0       7572   stm32f4xx_hal_rcc.o
       152          0         24          4          0       2806   system_stm32f4xx.o
        38          0          0          0          4        905   tcs_colorsensor.o
       546          0        152          0        112      25041   usart_stm32f4xx.o

    ----------------------------------------------------------------------
      5062         26        904         12      35868     101077   Object Totals
         0          0         32          0          0          0   (incl. Generated)
        38          0          0          3         12          0   (incl. Padding)

    ----------------------------------------------------------------------

      Code (inc. data)   RO Data    RW Data    ZI Data      Debug   Library Member Name

       200         12          0          0          0        634   irq_armv7m.o
       114         20          0          0          1       3200   os_systick.o
       592         44         11        164          0      16501   rtx_kernel.o
       228          0          0          0          0       2537   rtx_memory.o
       188          0          0          0          0      16008   rtx_mempool.o
      1310         24          0          0          0      18657   rtx_msgqueue.o
       882         28          0          0          0       9962   rtx_mutex.o
       368         18          0          0          0       5296   rtx_system.o
      1638         48          0          0          0      31847   rtx_thread.o
       244         12          0          0          0      10397   rtx_timer.o
         8          0          0          0          0         68   __main.o
         0          0          0          0          0          0   __rtentry.o
        20          0          0          0          0          0   __rtentry2.o
         6          0          0          0          0          0   __rtentry4.o
        52          8          0          0          0          0   __scatter.o
        26          0          0          0          0          0   __scatter_copy.o
        28          0          0          0          0          0   __scatter_zi.o
        18          0          0          0          0         80   exit.o
         6          0          0          0          0        152   heapauxi.o
         0          0          0          0          0          0   indicate_semi.o
         2          0          0          0          0          0   libinit.o
         6          0          0          0          0          0   libinit2.o
         2          0          0          0          0          0   libshutdown.o
         2          0          0          0          0          0   libshutdown2.o
         8          4          0          0         96         68   libspace.o
       240          0          0          0          0        100   lludivv7m.o
        68          0          0          0          0         68   rt_memclr.o
        78          0          0          0          0         80   rt_memclr_w.o
       138          0          0          0          0         68   rt_memcpy_v6.o
       100          0          0          0          0         80   rt_memcpy_w.o
         2          0          0          0          0          0   rtexit.o
        10          0          0          0          0          0   rtexit2.o
        12          4          0          0          0         68   sys_exit.o
        74          0          0          0          0         80   sys_stackheap_outer.o
         2          0          0          0          0         68   use_no_semi.o
        26          0          0          0          0        116   fpinit.o

    ----------------------------------------------------------------------
      6722        222         12        164        100     116135   Library Totals
        24          0          1          0          3          0   (incl. Padding)

    ----------------------------------------------------------------------

      Code (inc. data)   RO Data    RW Data    ZI Data      Debug   Library Name

      5764        206         11        164          1     115039   RTX_CM4F.lib
       908         16          0          0         96        980   c_w.l
        26          0          0          0          0        116   fz_wm.l

    ----------------------------------------------------------------------
      6722        222         12        164        100     116135   Library Totals

    ----------------------------------------------------------------------

==============================================================================


      Code (inc. data)   RO Data    RW Data    ZI Data      Debug   

     11784        248        916        176      35968     216492   Grand Totals
     11784        248        916        176      35968     216492   ELF Image Totals
     11784        248        916        176          0          0   ROM Totals

==============================================================================

    Total RO  Size (Code + RO Data)                12700 (  12.40kB)
    Total RW  Size (RW Data + ZI Data)             36144 (  35.30kB)
    Total ROM Size (Code + RO Data + RW Data)      12876 (  12.57kB)

==============================================================================

