Component: ARM Compiler 6.16 Tool: armlink [5dfeaa00]

==============================================================================

Section Cross References

    main.o(.text.HAL_GetTick) refers to rtx_kernel.o(.text.osKernelGetState) for osKernelGetState
    main.o(.text.HAL_GetTick) refers to rtx_kernel.o(.text.osKernelGetTickCount) for osKernelGetTickCount
    main.o(.text.HAL_GetTick) refers to system_stm32f4xx.o(.data.SystemCoreClock) for SystemCoreClock
    main.o(.text.HAL_GetTick) refers to main.o(.bss.HAL_GetTick.ticks) for HAL_GetTick.ticks
    main.o(.ARM.exidx.text.HAL_GetTick) refers to main.o(.text.HAL_GetTick) for [Anonymous Symbol]
    main.o(.text.main) refers to stm32f4xx_hal.o(.text.HAL_Init) for HAL_Init
    main.o(.text.main) refers to main.o(.text.SystemClock_Config) for SystemClock_Config
    main.o(.text.main) refers to system_stm32f4xx.o(.text.SystemCoreClockUpdate) for SystemCoreClockUpdate
    main.o(.text.main) refers to rtx_kernel.o(.text.osKernelInitialize) for osKernelInitialize
    main.o(.text.main) refers to principal.o(.text.Init_Principal) for Init_Principal
    main.o(.text.main) refers to rtx_kernel.o(.text.osKernelStart) for osKernelStart
    main.o(.ARM.exidx.text.main) refers to main.o(.text.main) for [Anonymous Symbol]
    main.o(.text.SystemClock_Config) refers to stm32f4xx_hal_rcc.o(.text.HAL_RCC_OscConfig) for HAL_RCC_OscConfig
    main.o(.text.SystemClock_Config) refers to stm32f4xx_hal_rcc.o(.text.HAL_RCC_ClockConfig) for HAL_RCC_ClockConfig
    main.o(.text.SystemClock_Config) refers to stm32f4xx_hal.o(.text.HAL_GetREVID) for HAL_GetREVID
    main.o(.ARM.exidx.text.SystemClock_Config) refers to main.o(.text.SystemClock_Config) for [Anonymous Symbol]
    lcd.o(.text.Init_LCD) refers to rtx_msgqueue.o(.text.osMessageQueueNew) for osMessageQueueNew
    lcd.o(.text.Init_LCD) refers to lcd.o(.bss.mid_LCDQueue) for mid_LCDQueue
    lcd.o(.text.Init_LCD) refers to lcd.o(.text.Thread_LCD) for Thread_LCD
    lcd.o(.text.Init_LCD) refers to rtx_thread.o(.text.osThreadNew) for osThreadNew
    lcd.o(.text.Init_LCD) refers to lcd.o(.bss.tid_LCD) for tid_LCD
    lcd.o(.ARM.exidx.text.Init_LCD) refers to lcd.o(.text.Init_LCD) for [Anonymous Symbol]
    lcd.o(.text.Thread_LCD) refers to lcd.o(.text.LCD_reset) for LCD_reset
    lcd.o(.text.Thread_LCD) refers to lcd.o(.text.LCD_init) for LCD_init
    lcd.o(.text.Thread_LCD) refers to lcd.o(.bss.mid_LCDQueue) for mid_LCDQueue
    lcd.o(.text.Thread_LCD) refers to lcd.o(.bss.lcd) for lcd
    lcd.o(.text.Thread_LCD) refers to rtx_thread.o(.text.osThreadYield) for osThreadYield
    lcd.o(.text.Thread_LCD) refers to rtx_msgqueue.o(.text.osMessageQueueGet) for osMessageQueueGet
    lcd.o(.text.Thread_LCD) refers to lcd.o(.text.LCD_write) for LCD_write
    lcd.o(.ARM.exidx.text.Thread_LCD) refers to lcd.o(.text.Thread_LCD) for [Anonymous Symbol]
    lcd.o(.text.LCD_reset) refers to lcd.o(.data.SPIdrv) for SPIdrv
    lcd.o(.text.LCD_reset) refers to lcd.o(.text.SPI_callback) for SPI_callback
    lcd.o(.text.LCD_reset) refers to lcd.o(.bss.GPIO_InitStruct) for GPIO_InitStruct
    lcd.o(.text.LCD_reset) refers to stm32f4xx_hal_gpio.o(.text.HAL_GPIO_Init) for HAL_GPIO_Init
    lcd.o(.text.LCD_reset) refers to stm32f4xx_hal_gpio.o(.text.HAL_GPIO_WritePin) for HAL_GPIO_WritePin
    lcd.o(.text.LCD_reset) refers to lcd.o(.text.resetLCD) for resetLCD
    lcd.o(.ARM.exidx.text.LCD_reset) refers to lcd.o(.text.LCD_reset) for [Anonymous Symbol]
    lcd.o(.text.LCD_init) refers to lcd.o(.text.LCD_reset) for LCD_reset
    lcd.o(.text.LCD_init) refers to lcd.o(.text.LCD_config) for LCD_config
    lcd.o(.text.LCD_init) refers to lcd.o(.text.LCD_clear) for LCD_clear
    lcd.o(.ARM.exidx.text.LCD_init) refers to lcd.o(.text.LCD_init) for [Anonymous Symbol]
    lcd.o(.text.LCD_write) refers to strlen.o(.text) for strlen
    lcd.o(.text.LCD_write) refers to lcd.o(.text.clear_L1) for clear_L1
    lcd.o(.text.LCD_write) refers to lcd.o(.text.clear_L2) for clear_L2
    lcd.o(.text.LCD_write) refers to lcd.o(.text.LCD_symbolToLocalBuffer) for LCD_symbolToLocalBuffer
    lcd.o(.text.LCD_write) refers to lcd.o(.bss.posicionL1) for posicionL1
    lcd.o(.text.LCD_write) refers to lcd.o(.bss.posicionL2) for posicionL2
    lcd.o(.text.LCD_write) refers to lcd.o(.text.LCD_update) for LCD_update
    lcd.o(.ARM.exidx.text.LCD_write) refers to lcd.o(.text.LCD_write) for [Anonymous Symbol]
    lcd.o(.text.SPI_callback) refers to lcd.o(.bss.tid_LCD) for tid_LCD
    lcd.o(.text.SPI_callback) refers to rtx_thread.o(.text.osThreadFlagsSet) for osThreadFlagsSet
    lcd.o(.ARM.exidx.text.SPI_callback) refers to lcd.o(.text.SPI_callback) for [Anonymous Symbol]
    lcd.o(.text.resetLCD) refers to stm32f4xx_hal_gpio.o(.text.HAL_GPIO_WritePin) for HAL_GPIO_WritePin
    lcd.o(.text.resetLCD) refers to rtx_delay.o(.text.osDelay) for osDelay
    lcd.o(.ARM.exidx.text.resetLCD) refers to lcd.o(.text.resetLCD) for [Anonymous Symbol]
[...]
    osRtxMutexOwnerRelease                   0x08007b9d   Thumb Code    72  rtx_mutex.o(.text.osRtxMutexOwnerRelease)
    osRtxMutexOwnerRestore                   0x08007be5   Thumb Code    66  rtx_mutex.o(.text.osRtxMutexOwnerRestore)
    osRtxPendSV_Handler                      0x08007c29   Thumb Code   136  rtx_system.o(.text.osRtxPendSV_Handler)
    osRtxPostProcess                         0x08007cb1   Thumb Code   108  rtx_system.o(.text.osRtxPostProcess)
    osRtxThreadDelayTick                     0x08007e0d   Thumb Code    72  rtx_thread.o(.text.osRtxThreadDelayTick)
    osRtxThreadDispatch                      0x08007e75   Thumb Code    80  rtx_thread.o(.text.osRtxThreadDispatch)
    osRtxThreadListGet                       0x08007f3b   Thumb Code    18  rtx_thread.o(.text.osRtxThreadListGet)
    osRtxThreadListPut                       0x08007f4d   Thumb Code    44  rtx_thread.o(.text.osRtxThreadListPut)
    osRtxThreadListRemove                    0x08007f79   Thumb Code    20  rtx_thread.o(.text.osRtxThreadListRemove)
    osRtxThreadListSort                      0x08007f99   Thumb Code    38  rtx_thread.o(.text.osRtxThreadListSort)
    osRtxThreadReadyPut                      0x08007fe9   Thumb Code    16  rtx_thread.o(.text.osRtxThreadReadyPut)
    osRtxThreadRegPtr                        0x08007ffd   Thumb Code     6  rtx_thread.o(.text.osRtxThreadRegPtr)
    osRtxThreadStartup                       0x08008005   Thumb Code    48  rtx_thread.o(.text.osRtxThreadStartup)
    osRtxThreadSwitch                        0x0800803d   Thumb Code    12  rtx_thread.o(.text.osRtxThreadSwitch)
    osRtxThreadWaitEnter                     0x08008049   Thumb Code    56  rtx_thread.o(.text.osRtxThreadWaitEnter)
    osRtxThreadWaitExit                      0x08008085   Thumb Code    34  rtx_thread.o(.text.osRtxThreadWaitExit)
    osRtxTick_Handler                        0x080080a9   Thumb Code   116  rtx_system.o(.text.osRtxTick_Handler)
    osRtxTimerSetup                          0x0800811d   Thumb Code    24  rtx_timer.o(.text.osRtxTimerSetup)
    osRtxTimerThread                         0x0800813d   Thumb Code    32  rtx_timer.o(.text.osRtxTimerThread)
    osThreadExit                             0x080081cd   Thumb Code     8  rtx_thread.o(.text.osThreadExit)
    osThreadFlagsClear                       0x080081d9   Thumb Code    32  rtx_thread.o(.text.osThreadFlagsClear)
    osThreadFlagsSet                         0x080081fd   Thumb Code    84  rtx_thread.o(.text.osThreadFlagsSet)
    osThreadFlagsWait                        0x08008255   Thumb Code    32  rtx_thread.o(.text.osThreadFlagsWait)
    osThreadNew                              0x08008279   Thumb Code    32  rtx_thread.o(.text.osThreadNew)
    osThreadYield                            0x0800829d   Thumb Code    32  rtx_thread.o(.text.osThreadYield)
    osTimerNew                               0x080082c1   Thumb Code    32  rtx_timer.o(.text.osTimerNew)
    osTimerStart                             0x080082e5   Thumb Code    32  rtx_timer.o(.text.osTimerStart)
    radio_setup                              0x08008329   Thumb Code    16  radio.o(.text.radio_setup)
    resetLCD                                 0x08008339   Thumb Code    42  lcd.o(.text.resetLCD)
    _btod_d2e                                0x08008e15   Thumb Code    62  btod.o(CL$$btod_d2e)
    _d2e_denorm_low                          0x08008e53   Thumb Code    70  btod.o(CL$$btod_d2e_denorm_low)
    _d2e_norm_op1                            0x08008e99   Thumb Code    96  btod.o(CL$$btod_d2e_norm_op1)
    __btod_div_common                        0x08008ef9   Thumb Code   696  btod.o(CL$$btod_div_common)
    _e2e                                     0x08009231   Thumb Code   220  btod.o(CL$$btod_e2e)
    _btod_ediv                               0x0800930d   Thumb Code    42  btod.o(CL$$btod_ediv)
    _btod_emul                               0x08009337   Thumb Code    42  btod.o(CL$$btod_emul)
    __btod_mult_common                       0x08009361   Thumb Code   580  btod.o(CL$$btod_mult_common)
    __ARM_fpclassify                         0x080095a5   Thumb Code    40  fpclassify.o(i.__ARM_fpclassify)
    _is_digit                                0x080095cd   Thumb Code    14  __printf_wp.o(i._is_digit)
    _get_lc_numeric                          0x080095dd   Thumb Code    44  lc_numeric_c.o(locale$$code)
    __aeabi_d2f                              0x08009609   Thumb Code     0  d2f.o(x$fpl$d2f)
    _d2f                                     0x08009609   Thumb Code    98  d2f.o(x$fpl$d2f)
    __aeabi_dadd                             0x0800966d   Thumb Code     0  daddsub_clz.o(x$fpl$dadd)
    _dadd                                    0x0800966d   Thumb Code   332  daddsub_clz.o(x$fpl$dadd)
    __aeabi_ddiv                             0x080097bd   Thumb Code     0  ddiv.o(x$fpl$ddiv)
    _ddiv                                    0x080097bd   Thumb Code   556  ddiv.o(x$fpl$ddiv)
    __aeabi_d2iz                             0x08009a71   Thumb Code     0  dfix.o(x$fpl$dfix)
    _dfix                                    0x08009a71   Thumb Code    94  dfix.o(x$fpl$dfix)
    __aeabi_ui2d                             0x08009acf   Thumb Code     0  dflt_clz.o(x$fpl$dfltu)
    _dfltu                                   0x08009acf   Thumb Code    38  dflt_clz.o(x$fpl$dfltu)
    __aeabi_dmul                             0x08009af5   Thumb Code     0  dmul.o(x$fpl$dmul)
    _dmul                                    0x08009af5   Thumb Code   332  dmul.o(x$fpl$dmul)
    __fpl_dnaninf                            0x08009c49   Thumb Code   156  dnaninf.o(x$fpl$dnaninf)
    __fpl_dretinf                            0x08009ce5   Thumb Code    12  dretinf.o(x$fpl$dretinf)
    __aeabi_dsub                             0x08009cf1   Thumb Code     0  daddsub_clz.o(x$fpl$dsub)
    _dsub                                    0x08009cf1   Thumb Code   472  daddsub_clz.o(x$fpl$dsub)
    __aeabi_f2d                              0x08009ecd   Thumb Code     0  f2d.o(x$fpl$f2d)
    _f2d                                     0x08009ecd   Thumb Code    86  f2d.o(x$fpl$f2d)
    __aeabi_fcmpeq                           0x08009f23   Thumb Code     0  fcmp.o(x$fpl$fcmp)
    _feq                                     0x08009f23   Thumb Code    14  fcmp.o(x$fpl$fcmp)
    _fneq                                    0x08009f31   Thumb Code    14  fcmp.o(x$fpl$fcmp)
    __aeabi_fcmpgt                           0x08009f3f   Thumb Code     0  fcmp.o(x$fpl$fcmp)
    _fgr                                     0x08009f3f   Thumb Code    14  fcmp.o(x$fpl$fcmp)
    __aeabi_fcmpge                           0x08009f4d   Thumb Code     0  fcmp.o(x$fpl$fcmp)
    _fgeq                                    0x08009f4d   Thumb Code    14  fcmp.o(x$fpl$fcmp)
    __aeabi_fcmple                           0x08009f5b   Thumb Code     0  fcmp.o(x$fpl$fcmp)
    _fleq                                    0x08009f5b   Thumb Code    14  fcmp.o(x$fpl$fcmp)
    __aeabi_fcmplt                           0x08009f69   Thumb Code     0  fcmp.o(x$fpl$fcmp)
    _fls                                     0x08009f69   Thumb Code    14  fcmp.o(x$fpl$fcmp)
    __fpl_fcmp_Inf                           0x08009f77   Thumb Code    24  fcmpi.o(x$fpl$fcmpinf)
    __aeabi_cfcmpeq                          0x08009f91   Thumb Code     0  feqf.o(x$fpl$feqf)
    _fcmpeq                                  0x08009f91   Thumb Code   104  feqf.o(x$fpl$feqf)
    __aeabi_f2iz                             0x08009ff9   Thumb Code     0  ffix.o(x$fpl$ffix)
    _ffix                                    0x08009ff9   Thumb Code    54  ffix.o(x$fpl$ffix)
    __aeabi_ui2f                             0x0800a031   Thumb Code     0  fflt_clz.o(x$fpl$ffltu)
    _ffltu                                   0x0800a031   Thumb Code    38  fflt_clz.o(x$fpl$ffltu)
    _fcmpge                                  0x0800a059   Thumb Code   104  fgeqf.o(x$fpl$fgeqf)
    __aeabi_cfcmple                          0x0800a0c1   Thumb Code     0  fleqf.o(x$fpl$fleqf)
    _fcmple                                  0x0800a0c1   Thumb Code   104  fleqf.o(x$fpl$fleqf)
    __fpl_fcmple_InfNaN                      0x0800a113   Thumb Code     0  fleqf.o(x$fpl$fleqf)
    __aeabi_fmul                             0x0800a129   Thumb Code     0  fmul.o(x$fpl$fmul)
    _fmul                                    0x0800a129   Thumb Code   258  fmul.o(x$fpl$fmul)
    __fpl_fnaninf                            0x0800a22b   Thumb Code   140  fnaninf.o(x$fpl$fnaninf)
    __fpl_fretinf                            0x0800a2b7   Thumb Code    10  fretinf.o(x$fpl$fretinf)
    _printf_fp_dec                           0x0800a2c1   Thumb Code     4  printf1.o(x$fpl$printf1)
    __I$use$fp                               0x0800a2c4   Number         0  usenofp.o(x$fpl$usenofp)
    osRtxConfig                              0x0800a36c   Data         112  rtx_lib.o(.rodata)
    os_cb_sections                           0x0800a3dc   Data          56  rtx_lib.o(.rodata)
    AHBPrescTable                            0x0800a414   Data          16  system_stm32f4xx.o(.rodata.AHBPrescTable)
    APBPrescTable                            0x0800a424   Data           8  system_stm32f4xx.o(.rodata.APBPrescTable)
    Arial12x12                               0x0800a42c   Data        2400  lcd.o(.rodata.Arial12x12)
    Driver_I2C1                              0x0800ad8c   Data          48  i2c_stm32f4xx.o(.rodata.Driver_I2C1)
    Driver_I2C2                              0x0800adbc   Data          48  i2c_stm32f4xx.o(.rodata.Driver_I2C2)
    Driver_SPI1                              0x0800adec   Data          44  spi_stm32f4xx.o(.rodata.Driver_SPI1)
    Driver_USART3                            0x0800ae18   Data          56  usart_stm32f4xx.o(.rodata.Driver_USART3)
    osRtxUserSVC                             0x0800af48   Data           4  rtx_lib.o(.rodata.osRtxUserSVC)
    Region$$Table$$Base                      0x0800b0b4   Number         0  anon$$obj.o(Region$$Table)
    Region$$Table$$Limit                     0x0800b0d4   Number         0  anon$$obj.o(Region$$Table)
    RDA5807M_WriteRegDef                     0x20000000   Data          24  radio.o(.data.RDA5807M_WriteRegDef)
    SPIdrv                                   0x20000018   Data           4  lcd.o(.data.SPIdrv)
    SystemCoreClock                          0x2000001c   Data           4  system_stm32f4xx.o(.data.SystemCoreClock)
    array_emisoras                           0x20000020   Data          64  principal.o(.data.array_emisoras)
    cc                                       0x20000060   Data          24  principal.o(.data.cc)
    indice                                   0x2000007c   Data           4  principal.o(.data.indice)
    osRtxInfo                                0x20000080   Data         164  rtx_kernel.o(.data.os)
    uwTickFreq                               0x2000013c   Data           1  stm32f4xx_hal.o(.data.uwTickFreq)
    uwTickPrio                               0x20000140   Data           4  stm32f4xx_hal.o(.data.uwTickPrio)
    __libspace_start                         0x20000148   Data          96  libspace.o(.bss)
    __temporary_stack_top$libspace           0x200001a8   Data           0  libspace.o(.bss)
    RDA5807M_ReadReg                         0x20000238   Data          28  radio.o(.bss.RDA5807M_ReadReg)
    RDA5807M_WriteReg                        0x20000254   Data          32  radio.o(.bss.RDA5807M_WriteReg)
    _accion                                  0x20000314   Data           4  radio.o(.bss._accion)
    _freq                                    0x20000318   Data           4  radio.o(.bss._freq)
    accion                                   0x2000031c   Data           4  principal.o(.bss.accion)
    adchandle                                0x20000320   Data          72  volumen.o(.bss.adchandle)
    anterior_a                               0x20000368   Data           4  principal.o(.bss.anterior_a)
    anterior_f                               0x2000036c   Data           4  principal.o(.bss.anterior_f)
    anterior_v                               0x20000370   Data           4  principal.o(.bss.anterior_v)
    aux_freq                                 0x20000374   Data           4  principal.o(.bss.aux_freq)
    aux_vol                                  0x20000378   Data           4  principal.o(.bss.aux_vol)
    buffer                                   0x2000037c   Data         512  lcd.o(.bss.buffer)
    freq                                     0x20000588   Data           4  radio.o(.bss.freq)
    horas                                    0x2000058c   Data           4  hora.o(.bss.horas)
    htim2                                    0x20000590   Data          64  zumbador.o(.bss.htim2)
    invertirCaracter                         0x200005d0   Data           1  lcd.o(.bss.invertirCaracter)
    joy                                      0x200005d1   Data           1  joystick.o(.bss.joy)
    lcd                                      0x200005d2   Data          25  lcd.o(.bss.lcd)
    mid_BACKQueue                            0x200005ec   Data           4  principal.o(.bss.mid_BACKQueue)
    mid_COMQueue                             0x200005f0   Data           4  com.o(.bss.mid_COMQueue)
    mid_JoystickQueue                        0x200005f4   Data           4  joystick.o(.bss.mid_JoystickQueue)
    mid_LCDQueue                             0x200005f8   Data           4  lcd.o(.bss.mid_LCDQueue)
    mid_RADIOQueue                           0x200005fc   Data           4  radio.o(.bss.mid_RADIOQueue)
    mid_TEMPQueue                            0x20000600   Data           4  temperatura.o(.bss.mid_TEMPQueue)
    mid_VolQueue                             0x20000604   Data           4  volumen.o(.bss.mid_VolQueue)
    minutos                                  0x20000608   Data           4  hora.o(.bss.minutos)
    octim2                                   0x2000060c   Data          28  zumbador.o(.bss.octim2)
    .bss.os.msgqueue.cb$$Base                0x2000866c   Number         0  rtx_lib.o(.bss.os.msgqueue.cb)
    .bss.os.msgqueue.cb$$Limit               0x200086a0   Number         0  rtx_lib.o(.bss.os.msgqueue.cb)
    .bss.os.thread.cb$$Base                  0x200086f0   Number         0  rtx_lib.o(.bss.os.thread.cb)
    .bss.os.thread.cb$$Limit                 0x20008b74   Number         0  rtx_lib.o(.bss.os.thread.cb)
    posicionL1                               0x20008f7a   Data           2  lcd.o(.bss.posicionL1)
    posicionL2                               0x20008f7c   Data           2  lcd.o(.bss.posicionL2)
    power                                    0x20008f80   Data           4  radio.o(.bss.power)
    segundos                                 0x20008f84   Data           4  hora.o(.bss.segundos)
    temperatura                              0x20008f88   Data           4  temperatura.o(.bss.temperatura)
    tid_Com                                  0x20008f8c   Data           4  com.o(.bss.tid_Com)
    tid_Hora                                 0x20008f90   Data           4  hora.o(.bss.tid_Hora)
    tid_Joystick                             0x20008f94   Data           4  joystick.o(.bss.tid_Joystick)
    tid_LCD                                  0x20008f98   Data           4  lcd.o(.bss.tid_LCD)
    tid_PWM                                  0x20008f9c   Data           4  zumbador.o(.bss.tid_PWM)
    tid_Principal                            0x20008fa0   Data           4  principal.o(.bss.tid_Principal)
    tid_Radio                                0x20008fa4   Data           4  radio.o(.bss.tid_Radio)
    tid_TEMP                                 0x20008fa8   Data           4  temperatura.o(.bss.tid_TEMP)
    tid_Volumen                              0x20008fac   Data           4  volumen.o(.bss.tid_Volumen)
    tim_id_hora                              0x20008fb0   Data           4  hora.o(.bss.tim_id_hora)
    tim_id_pulsacion_corta                   0x20008fb4   Data           4  joystick.o(.bss.tim_id_pulsacion_corta)
    tim_id_pulsacion_larga                   0x20008fb8   Data           4  joystick.o(.bss.tim_id_pulsacion_larga)
    volume                                   0x20008fbc   Data           4  radio.o(.bss.volume)
    volumen                                  0x20008fc0   Data           4  radio.o(.bss.volumen)



==============================================================================

Memory Map of the image

  Image Entry point : 0x080001ad

  Load Region LR_IROM1 (Base: 0x08000000, Size: 0x0000b238, Max: 0x00200000, ABSOLUTE, COMPRESSED[0x0000b160])

    Execution Region ER_IROM1 (Exec base: 0x08000000, Load base: 0x08000000, Size: 0x0000b0f0, Max: 0x00200000, ABSOLUTE)

    Exec Addr    Load Addr    Size         Type   Attr      Idx    E Section Name        Object

    0x08000000   0x08000000   0x000001ac   Data   RO         1802    RESET               startup_stm32f429xx.o
    0x080001ac   0x080001ac   0x00000008   Code   RO         2357  * !!!main             c_w.l(__main.o)
    0x080001b4   0x080001b4   0x00000034   Code   RO         2655    !!!scatter          c_w.l(__scatter.o)
    0x080001e8   0x080001e8   0x0000003a   Code   RO         2653    !!dczerorl          c_w.l(__dczerorl.o)
    0x08000222   0x08000222   0x00000002   PAD
    0x08000224   0x08000224   0x0000001c   Code   RO         2657    !!handler_zi        c_w.l(__scatter_zi.o)
    0x08000240   0x08000240   0x00000000   Code   RO         2346    .ARM.Collect$$_printf_percent$$00000000  c_w.l(_printf_percent.o)
    0x08000240   0x08000240   0x00000006   Code   RO         2345    .ARM.Collect$$_printf_percent$$00000003  c_w.l(_printf_f.o)
    0x08000246   0x08000246   0x00000006   Code   RO         2344    .ARM.Collect$$_printf_percent$$00000009  c_w.l(_printf_d.o)
    0x0800024c   0x0800024c   0x00000004   Code   RO         2416    .ARM.Collect$$_printf_percent$$00000017  c_w.l(_printf_percent_end.o)
    0x08000250   0x08000250   0x00000002   Code   RO         2518    .ARM.Collect$$libinit$$00000000  c_w.l(libinit.o)
    0x08000252   0x08000252   0x00000000   Code   RO         2520    .ARM.Collect$$libinit$$00000002  c_w.l(libinit2.o)
    0x08000252   0x08000252   0x00000000   Code   RO         2522    .ARM.Collect$$libinit$$00000004  c_w.l(libinit2.o)
    0x08000252   0x08000252   0x00000000   Code   RO         2525    .ARM.Collect$$libinit$$0000000A  c_w.l(libinit2.o)
    0x08000252   0x08000252   0x00000000   Code   RO         2527    .ARM.Collect$$libinit$$0000000C  c_w.l(libinit2.o)
    0x08000252   0x08000252   0x00000000   Code   RO         2529    .ARM.Collect$$libinit$$0000000E  c_w.l(libinit2.o)
    0x08000252   0x08000252   0x00000006   Code   RO         2530    .ARM.Collect$$libinit$$0000000F  c_w.l(libinit2.o)
    0x08000258   0x08000258   0x00000000   Code   RO         2532    .ARM.Collect$$libinit$$00000011  c_w.l(libinit2.o)
    0x08000258   0x08000258   0x00000000   Code   RO         2534    .ARM.Collect$$libinit$$00000013  c_w.l(libinit2.o)
    0x08000258   0x08000258   0x00000000   Code   RO         2536    .ARM.Collect$$libinit$$00000015  c_w.l(libinit2.o)
    0x08000258   0x08000258   0x0000000a   Code   RO         2537    .ARM.Collect$$libinit$$00000016  c_w.l(libinit2.o)
    0x08000262   0x08000262   0x00000000   Code   RO         2538    .ARM.Collect$$libinit$$00000017  c_w.l(libinit2.o)
    0x08000262   0x08000262   0x00000000   Code   RO         2540    .ARM.Collect$$libinit$$00000019  c_w.l(libinit2.o)
    0x08000262   0x08000262   0x00000000   Code   RO         2542    .ARM.Collect$$libinit$$0000001B  c_w.l(libinit2.o)
    0x08000262   0x08000262   0x00000000   Code   RO         2544    .ARM.Collect$$libinit$$0000001D  c_w.l(libinit2.o)
    0x08000262   0x08000262   0x00000000   Code   RO         2546    .ARM.Collect$$libinit$$0000001F  c_w.l(libinit2.o)
    0x08000262   0x08000262   0x00000000   Code   RO         2548    .ARM.Collect$$libinit$$00000021  c_w.l(libinit2.o)
    0x08000262   0x08000262   0x00000000   Code   RO         2550    .ARM.Collect$$libinit$$00000023  c_w.l(libinit2.o)
    0x08000262   0x08000262   0x00000000   Code   RO         2552    .ARM.Collect$$libinit$$00000025  c_w.l(libinit2.o)
    0x08000262   0x08000262   0x00000000   Code   RO         2556    .ARM.Collect$$libinit$$0000002C  c_w.l(libinit2.o)
    0x08000262   0x08000262   0x00000000   Code   RO         2558    .ARM.Collect$$libinit$$0000002E  c_w.l(libinit2.o)
    0x08000262   0x08000262   0x00000000   Code   RO         2560    .ARM.Collect$$libinit$$00000030  c_w.l(libinit2.o)
    0x08000262   0x08000262   0x00000000   Code   RO         2562    .ARM.Collect$$libinit$$00000032  c_w.l(libinit2.o)
    0x08000262   0x08000262   0x00000002   Code   RO         2563    .ARM.Collect$$libinit$$00000033  c_w.l(libinit2.o)
    0x08000264   0x08000264   0x00000002   Code   RO         2618    .ARM.Collect$$libshutdown$$00000000  c_w.l(libshutdown.o)
    0x08000266   0x08000266   0x00000000   Code   RO         2636    .ARM.Collect$$libshutdown$$00000002  c_w.l(libshutdown2.o)
    0x08000266   0x08000266   0x00000000   Code   RO         2638    .ARM.Collect$$libshutdown$$00000004  c_w.l(libshutdown2.o)
    0x08000266   0x08000266   0x00000000   Code   RO         2641    .ARM.Collect$$libshutdown$$00000007  c_w.l(libshutdown2.o)
    0x08000266   0x08000266   0x00000000   Code   RO         2644    .ARM.Collect$$libshutdown$$0000000A  c_w.l(libshutdown2.o)
    0x08000266   0x08000266   0x00000000   Code   RO         2646    .ARM.Collect$$libshutdown$$0000000C  c_w.l(libshutdown2.o)
    0x08000266   0x08000266   0x00000000   Code   RO         2649    .ARM.Collect$$libshutdown$$0000000F  c_w.l(libshutdown2.o)
    0x08000266   0x08000266   0x00000002   Code   RO         2650    .ARM.Collect$$libshutdown$$00000010  c_w.l(libshutdown2.o)
    0x08000268   0x08000268   0x00000000   Code   RO         2401    .ARM.Collect$$rtentry$$00000000  c_w.l(__rtentry.o)
    0x08000268   0x08000268   0x00000000   Code   RO         2435    .ARM.Collect$$rtentry$$00000002  c_w.l(__rtentry2.o)
    0x08000268   0x08000268   0x00000006   Code   RO         2447    .ARM.Collect$$rtentry$$00000004  c_w.l(__rtentry4.o)
    0x0800026e   0x0800026e   0x00000008   Code   RO         2436    .ARM.Collect$$rtentry$$00000008  c_w.l(__rtentry2.o)
    0x08000276   0x08000276   0x00000004   Code   RO         2438    .ARM.Collect$$rtentry$$0000000A  c_w.l(__rtentry2.o)
    0x0800027a   0x0800027a   0x00000000   Code   RO         2440    .ARM.Collect$$rtentry$$0000000C  c_w.l(__rtentry2.o)
    0x0800027a   0x0800027a   0x00000008   Code   RO         2441    .ARM.Collect$$rtentry$$0000000D  c_w.l(__rtentry2.o)
    0x08000282   0x08000282   0x00000002   Code   RO         2564    .ARM.Collect$$rtexit$$00000000  c_w.l(rtexit.o)
    0x08000284   0x08000284   0x00000000   Code   RO         2583    .ARM.Collect$$rtexit$$00000002  c_w.l(rtexit2.o)
    0x08000284   0x08000284   0x00000004   Code   RO         2584    .ARM.Collect$$rtexit$$00000003  c_w.l(rtexit2.o)
    0x08000288   0x08000288   0x00000006   Code   RO         2585    .ARM.Collect$$rtexit$$00000004  c_w.l(rtexit2.o)
    0x0800028e   0x0800028e   0x00000002   PAD
    0x08000290   0x08000290   0x00000040   Code   RO         1803    .text               startup_stm32f429xx.o
    0x080002d0   0x080002d0   0x00000094   Code   RO         2196    .text               RTX_CM3.lib(irq_armv7m.o)
    0x08000364   0x08000364   0x000000f0   Code   RO         2312    .text               c_w.l(lludivv7m.o)
    0x08000454   0x08000454   0x00000028   Code   RO         2316    .text               c_w.l(noretval__2sprintf.o)
    0x0800047c   0x0800047c   0x0000004e   Code   RO         2320    .text               c_w.l(_printf_pad.o)
    0x080004ca   0x080004ca   0x00000002   PAD
    0x080004cc   0x080004cc   0x00000078   Code   RO         2322    .text               c_w.l(_printf_dec.o)
    0x08000544   0x08000544   0x00000138   Code   RO         2336    .text               c_w.l(__printf_flags_wp.o)
    0x0800067c   0x0800067c   0x0000003e   Code   RO         2347    .text               c_w.l(strlen.o)
    0x080006ba   0x080006ba   0x0000008a   Code   RO         2349    .text               c_w.l(rt_memcpy_v6.o)
    0x08000744   0x08000744   0x00000044   Code   RO         2351    .text               c_w.l(rt_memclr.o)
    0x08000788   0x08000788   0x0000004e   Code   RO         2353    .text               c_w.l(rt_memclr_w.o)
    0x080007d6   0x080007d6   0x00000006   Code   RO         2355    .text               c_w.l(heapauxi.o)
    0x080007dc   0x080007dc   0x000000b2   Code   RO         2406    .text               c_w.l(_printf_intcommon.o)
    0x0800088e   0x0800088e   0x0000041c   Code   RO         2408    .text               c_w.l(_printf_fp_dec.o)
    0x08000caa   0x08000caa   0x00000002   PAD
    0x08000cac   0x08000cac   0x00000030   Code   RO         2412    .text               c_w.l(_printf_char_common.o)
    0x08000cdc   0x08000cdc   0x0000000a   Code   RO         2414    .text               c_w.l(_sputc.o)
    0x08000ce6   0x08000ce6   0x00000064   Code   RO         2417    .text               c_w.l(rt_memcpy_w.o)
    0x08000d4a   0x08000d4a   0x0000000a   Code   RO         2456    .text               c_w.l(rt_locale_twolibspace.o)
    0x08000d54   0x08000d54   0x0000008a   Code   RO         2458    .text               c_w.l(lludiv10.o)
    0x08000dde   0x08000dde   0x00000002   PAD
    0x08000de0   0x08000de0   0x00000080   Code   RO         2460    .text               c_w.l(_printf_fp_infnan.o)
    0x08000e60   0x08000e60   0x000000e4   Code   RO         2464    .text               c_w.l(bigflt0.o)
    0x08000f44   0x08000f44   0x00000008   Code   RO         2500    .text               c_w.l(libspace.o)
    0x08000f4c   0x08000f4c   0x0000004a   Code   RO         2503    .text               c_w.l(sys_stackheap_outer.o)
    0x08000f96   0x08000f96   0x00000012   Code   RO         2507    .text               c_w.l(exit.o)
    0x08000fa8   0x08000fa8   0x0000007c   Code   RO         2513    .text               c_w.l(strcmpv7em.o)
    0x08001024   0x08001024   0x0000000c   Code   RO         2578    .text               c_w.l(sys_exit.o)
    0x08001030   0x08001030   0x00000002   Code   RO         2605    .text               c_w.l(use_no_semi.o)
    0x08001032   0x08001032   0x00000000   Code   RO         2607    .text               c_w.l(indicate_semi.o)
    0x08001032   0x08001032   0x00000002   PAD
    0x08001034   0x08001034   0x0000005c   Code   RO          185    .text.ADC1_pins_F429ZI_config  adc.o
    0x08001090   0x08001090   0x00000108   Code   RO          703    .text.ADC_Init      stm32f4xx_hal_adc.o
    0x08001198   0x08001198   0x00000036   Code   RO          187    .text.ADC_Init_Single_Conversion  adc.o
    0x080011ce   0x080011ce   0x00000002   PAD
    0x080011d0   0x080011d0   0x0000005a   Code   RO          189    .text.ADC_getVoltage  adc.o
    0x0800122a   0x0800122a   0x00000002   PAD
    0x0800122c   0x0800122c   0x00000002   Code   RO          155    .text.BusFault_Handler  stm32f4xx_it.o
    0x0800122e   0x0800122e   0x00000002   PAD
    0x08001230   0x08001230   0x0000003c   Code   RO          873    .text.DMA_CalcBaseAndBitshift  stm32f4xx_hal_dma.o
    0x0800126c   0x0800126c   0x00000050   Code   RO          871    .text.DMA_CheckFifoParam  stm32f4xx_hal_dma.o
    0x080012bc   0x080012bc   0x00000030   Code   RO          879    .text.DMA_SetConfig  stm32f4xx_hal_dma.o
    0x080012ec   0x080012ec   0x00000002   Code   RO          159    .text.DebugMon_Handler  stm32f4xx_it.o
    0x080012ee   0x080012ee   0x00000002   PAD
    0x080012f0   0x080012f0   0x00000012   Code   RO          482    .text.Disable_SPI_Clock  spi_stm32f4xx.o
    0x08001302   0x08001302   0x00000002   PAD
    0x08001304   0x08001304   0x0000002c   Code   RO          147    .text.EXTI15_10_IRQHandler  stm32f4xx_it.o
    0x08001330   0x08001330   0x00000164   Code   RO          406    .text.Enable_GPIO_Clock  i2c_stm32f4xx.o
    0x08001494   0x08001494   0x00000024   Code   RO          472    .text.Enable_GPIO_Clock  spi_stm32f4xx.o
    0x080014b8   0x080014b8   0x000001f4   Code   RO          580    .text.Enable_GPIO_Clock  usart_stm32f4xx.o
    0x080016ac   0x080016ac   0x00000024   Code   RO          484    .text.Enable_SPI_Clock  spi_stm32f4xx.o
    0x080016d0   0x080016d0   0x0000005c   Code   RO          242    .text.Frequency     radio.o
    0x0800172c   0x0800172c   0x00000128   Code   RO          743    .text.HAL_ADC_ConfigChannel  stm32f4xx_hal_adc.o
    0x08001854   0x08001854   0x00000006   Code   RO          739    .text.HAL_ADC_GetValue  stm32f4xx_hal_adc.o
    0x0800185a   0x0800185a   0x00000002   PAD
    0x0800185c   0x0800185c   0x0000004e   Code   RO          699    .text.HAL_ADC_Init  stm32f4xx_hal_adc.o
    0x080018aa   0x080018aa   0x00000002   PAD
    0x080018ac   0x080018ac   0x00000002   Code   RO          701    .text.HAL_ADC_MspInit  stm32f4xx_hal_adc.o
    0x080018ae   0x080018ae   0x00000002   PAD
    0x080018b0   0x080018b0   0x000000b4   Code   RO          713    .text.HAL_ADC_PollForConversion  stm32f4xx_hal_adc.o
    0x08001964   0x08001964   0x00000114   Code   RO          709    .text.HAL_ADC_Start  stm32f4xx_hal_adc.o
    0x08001a78   0x08001a78   0x0000008a   Code   RO          883    .text.HAL_DMA_Abort  stm32f4xx_hal_dma.o
    0x08001b02   0x08001b02   0x00000002   PAD
    0x08001b04   0x08001b04   0x000000ce   Code   RO          869    .text.HAL_DMA_Init  stm32f4xx_hal_dma.o
    0x08001bd2   0x08001bd2   0x00000002   PAD
    0x08001bd4   0x08001bd4   0x00000062   Code   RO          881    .text.HAL_DMA_Start_IT  stm32f4xx_hal_dma.o
    0x08001c36   0x08001c36   0x00000002   PAD
    0x08001c38   0x08001c38   0x00000028   Code   RO          650    .text.HAL_Delay     stm32f4xx_hal.o
    0x08001c60   0x08001c60   0x00000106   Code   RO          925    .text.HAL_GPIO_DeInit  stm32f4xx_hal_gpio.o
    0x08001d66   0x08001d66   0x00000002   PAD
    0x08001d68   0x08001d68   0x0000003c   Code   RO          145    .text.HAL_GPIO_EXTI_Callback  stm32f4xx_it.o
    0x08001da4   0x08001da4   0x0000001a   Code   RO          935    .text.HAL_GPIO_EXTI_IRQHandler  stm32f4xx_hal_gpio.o
    0x08001dbe   0x08001dbe   0x00000002   PAD
    0x08001dc0   0x08001dc0   0x0000019a   Code   RO          923    .text.HAL_GPIO_Init  stm32f4xx_hal_gpio.o
    0x08001f5a   0x08001f5a   0x00000002   PAD
    0x08001f5c   0x08001f5c   0x0000000a   Code   RO          927    .text.HAL_GPIO_ReadPin  stm32f4xx_hal_gpio.o
    0x08001f66   0x08001f66   0x00000002   PAD
    0x08001f68   0x08001f68   0x0000000a   Code   RO          929    .text.HAL_GPIO_WritePin  stm32f4xx_hal_gpio.o
    0x08001f72   0x08001f72   0x00000002   PAD
    0x08001f74   0x08001f74   0x0000000e   Code   RO          658    .text.HAL_GetREVID  stm32f4xx_hal.o
    0x08001f82   0x08001f82   0x00000002   PAD
    0x08001f84   0x08001f84   0x00000050   Code   RO            2    .text.HAL_GetTick   main.o
    0x08001fd4   0x08001fd4   0x0000002e   Code   RO          630    .text.HAL_Init      stm32f4xx_hal.o
    0x08002002   0x08002002   0x00000002   PAD
    0x08002004   0x08002004   0x00000050   Code   RO          632    .text.HAL_InitTick  stm32f4xx_hal.o
    0x08002054   0x08002054   0x00000002   Code   RO          634    .text.HAL_MspInit   stm32f4xx_hal.o
    0x08002056   0x08002056   0x00000002   PAD
    0x08002058   0x08002058   0x00000008   Code   RO          847    .text.HAL_NVIC_ClearPendingIRQ  stm32f4xx_hal_cortex.o
    0x08002060   0x08002060   0x00000008   Code   RO          813    .text.HAL_NVIC_DisableIRQ  stm32f4xx_hal_cortex.o
    0x08002068   0x08002068   0x00000008   Code   RO          809    .text.HAL_NVIC_EnableIRQ  stm32f4xx_hal_cortex.o
    0x08002070   0x08002070   0x0000001e   Code   RO          801    .text.HAL_NVIC_SetPriority  stm32f4xx_hal_cortex.o
    0x0800208e   0x0800208e   0x00000002   PAD
    0x08002090   0x08002090   0x00000008   Code   RO          797    .text.HAL_NVIC_SetPriorityGrouping  stm32f4xx_hal_cortex.o
    0x08002098   0x08002098   0x00000160   Code   RO         1201    .text.HAL_RCC_ClockConfig  stm32f4xx_hal_rcc.o
    0x080021f8   0x080021f8   0x0000000c   Code   RO         1211    .text.HAL_RCC_GetHCLKFreq  stm32f4xx_hal_rcc.o
    0x08002204   0x08002204   0x00000022   Code   RO         1213    .text.HAL_RCC_GetPCLK1Freq  stm32f4xx_hal_rcc.o
    0x08002226   0x08002226   0x00000002   PAD
    0x08002228   0x08002228   0x00000022   Code   RO         1215    .text.HAL_RCC_GetPCLK2Freq  stm32f4xx_hal_rcc.o
    0x0800224a   0x0800224a   0x00000002   PAD
    0x0800224c   0x0800224c   0x0000006a   Code   RO         1203    .text.HAL_RCC_GetSysClockFreq  stm32f4xx_hal_rcc.o
    0x080022b6   0x080022b6   0x00000002   PAD
    0x080022b8   0x080022b8   0x00000334   Code   RO         1199    .text.HAL_RCC_OscConfig  stm32f4xx_hal_rcc.o
    0x080025ec   0x080025ec   0x00000008   Code   RO          821    .text.HAL_SYSTICK_Config  stm32f4xx_hal_cortex.o
    0x080025f4   0x080025f4   0x000000a0   Code   RO         1549    .text.HAL_TIM_PWM_ConfigChannel  stm32f4xx_hal_tim.o
    0x08002694   0x08002694   0x00000036   Code   RO         1437    .text.HAL_TIM_PWM_Init  stm32f4xx_hal_tim.o
    0x080026ca   0x080026ca   0x00000002   PAD
    0x080026cc   0x080026cc   0x00000002   Code   RO         1439    .text.HAL_TIM_PWM_MspInit  stm32f4xx_hal_tim.o
    0x080026ce   0x080026ce   0x00000002   PAD
    0x080026d0   0x080026d0   0x00000064   Code   RO         1449    .text.HAL_TIM_PWM_Start_IT  stm32f4xx_hal_tim.o
    0x08002734   0x08002734   0x00000084   Code   RO         1451    .text.HAL_TIM_PWM_Stop_IT  stm32f4xx_hal_tim.o
    0x080027b8   0x080027b8   0x00000002   Code   RO          151    .text.HardFault_Handler  stm32f4xx_it.o
    0x080027ba   0x080027ba   0x00000002   PAD
    0x080027bc   0x080027bc   0x00000010   Code   RO          376    .text.I2C1_Control  i2c_stm32f4xx.o
    0x080027cc   0x080027cc   0x00000010   Code   RO          352    .text.I2C1_ER_IRQHandler  i2c_stm32f4xx.o
    0x080027dc   0x080027dc   0x00000010   Code   RO          348    .text.I2C1_EV_IRQHandler  i2c_stm32f4xx.o
    0x080027ec   0x080027ec   0x00000010   Code   RO          374    .text.I2C1_GetDataCount  i2c_stm32f4xx.o
    0x080027fc   0x080027fc   0x00000010   Code   RO          378    .text.I2C1_GetStatus  i2c_stm32f4xx.o
    0x0800280c   0x0800280c   0x00000010   Code   RO          360    .text.I2C1_Initialize  i2c_stm32f4xx.o
    0x0800281c   0x0800281c   0x00000018   Code   RO          368    .text.I2C1_MasterReceive  i2c_stm32f4xx.o
    0x08002834   0x08002834   0x00000018   Code   RO          366    .text.I2C1_MasterTransmit  i2c_stm32f4xx.o
    0x0800284c   0x0800284c   0x00000010   Code   RO          364    .text.I2C1_PowerControl  i2c_stm32f4xx.o
    0x0800285c   0x0800285c   0x00000010   Code   RO          372    .text.I2C1_SlaveReceive  i2c_stm32f4xx.o
    0x0800286c   0x0800286c   0x00000010   Code   RO          370    .text.I2C1_SlaveTransmit  i2c_stm32f4xx.o
    0x0800287c   0x0800287c   0x00000012   Code   RO          362    .text.I2C1_Uninitialize  i2c_stm32f4xx.o
    0x0800288e   0x0800288e   0x00000002   PAD
    0x08002890   0x08002890   0x00000010   Code   RO          400    .text.I2C2_Control  i2c_stm32f4xx.o
    0x080028a0   0x080028a0   0x00000010   Code   RO          382    .text.I2C2_ER_IRQHandler  i2c_stm32f4xx.o
    0x080028b0   0x080028b0   0x00000010   Code   RO          380    .text.I2C2_EV_IRQHandler  i2c_stm32f4xx.o
    0x080028c0   0x080028c0   0x00000010   Code   RO          398    .text.I2C2_GetDataCount  i2c_stm32f4xx.o
    0x080028d0   0x080028d0   0x00000010   Code   RO          402    .text.I2C2_GetStatus  i2c_stm32f4xx.o
    0x080028e0   0x080028e0   0x00000010   Code   RO          384    .text.I2C2_Initialize  i2c_stm32f4xx.o
    0x080028f0   0x080028f0   0x00000018   Code   RO          392    .text.I2C2_MasterReceive  i2c_stm32f4xx.o
    0x08002908   0x08002908   0x00000018   Code   RO          390    .text.I2C2_MasterTransmit  i2c_stm32f4xx.o
    0x08002920   0x08002920   0x00000010   Code   RO          388    .text.I2C2_PowerControl  i2c_stm32f4xx.o
    0x08002930   0x08002930   0x00000010   Code   RO          396    .text.I2C2_SlaveReceive  i2c_stm32f4xx.o
    0x08002940   0x08002940   0x00000010   Code   RO          394    .text.I2C2_SlaveTransmit  i2c_stm32f4xx.o
    0x08002950   0x08002950   0x00000012   Code   RO          386    .text.I2C2_Uninitialize  i2c_stm32f4xx.o
    0x08002962   0x08002962   0x00000002   PAD
    0x08002964   0x08002964   0x00000004   Code   RO          358    .text.I2CX_GetCapabilities  i2c_stm32f4xx.o
    0x08002968   0x08002968   0x0000000a   Code   RO          356    .text.I2CX_GetVersion  i2c_stm32f4xx.o
    0x08002972   0x08002972   0x00000002   PAD
    0x08002974   0x08002974   0x000002c4   Code   RO          422    .text.I2C_Control   i2c_stm32f4xx.o
    0x08002c38   0x08002c38   0x0000015a   Code   RO          354    .text.I2C_ER_IRQHandler  i2c_stm32f4xx.o
    0x08002d92   0x08002d92   0x00000002   PAD
    0x08002d94   0x08002d94   0x00000512   Code   RO          350    .text.I2C_EV_IRQHandler  i2c_stm32f4xx.o
    0x080032a6   0x080032a6   0x00000002   PAD
    0x080032a8   0x080032a8   0x00000026   Code   RO          420    .text.I2C_GetDataCount  i2c_stm32f4xx.o
    0x080032ce   0x080032ce   0x00000002   PAD
    0x080032d0   0x080032d0   0x00000006   Code   RO          424    .text.I2C_GetStatus  i2c_stm32f4xx.o
    0x080032d6   0x080032d6   0x00000002   PAD
    0x080032d8   0x080032d8   0x00000120   Code   RO          404    .text.I2C_Initialize  i2c_stm32f4xx.o
    0x080033f8   0x080033f8   0x00000106   Code   RO          414    .text.I2C_MasterReceive  i2c_stm32f4xx.o
    0x080034fe   0x080034fe   0x00000002   PAD
    0x08003500   0x08003500   0x000000f8   Code   RO          412    .text.I2C_MasterTransmit  i2c_stm32f4xx.o
    0x080035f8   0x080035f8   0x00000240   Code   RO          410    .text.I2C_PowerControl  i2c_stm32f4xx.o
    0x08003838   0x08003838   0x00000072   Code   RO          418    .text.I2C_SlaveReceive  i2c_stm32f4xx.o
    0x080038aa   0x080038aa   0x00000002   PAD
    0x080038ac   0x080038ac   0x00000076   Code   RO          416    .text.I2C_SlaveTransmit  i2c_stm32f4xx.o
    0x08003922   0x08003922   0x00000002   PAD
    0x08003924   0x08003924   0x00000030   Code   RO          408    .text.I2C_Uninitialize  i2c_stm32f4xx.o
    0x08003954   0x08003954   0x00000014   Code   RO          234    .text.I2C_callback_r  radio.o
    0x08003968   0x08003968   0x0000001e   Code   RO          107    .text.I2C_callback_t  temperatura.o
    0x08003986   0x08003986   0x00000002   PAD
    0x08003988   0x08003988   0x00000048   Code   RO          171    .text.Init_Com      com.o
    0x080039d0   0x080039d0   0x00000052   Code   RO          280    .text.Init_Hora     hora.o
    0x08003a22   0x08003a22   0x00000002   PAD
    0x08003a24   0x08003a24   0x0000014a   Code   RO          121    .text.Init_Joystick  joystick.o
    0x08003b6e   0x08003b6e   0x00000002   PAD
    0x08003b70   0x08003b70   0x00000048   Code   RO           19    .text.Init_LCD      lcd.o
    0x08003bb8   0x08003bb8   0x000000b8   Code   RO          214    .text.Init_PWM      zumbador.o
    0x08003c70   0x08003c70   0x0000005e   Code   RO           78    .text.Init_Principal  principal.o
    0x08003cce   0x08003cce   0x00000002   PAD
    0x08003cd0   0x08003cd0   0x00000048   Code   RO          230    .text.Init_Radio    radio.o
    0x08003d18   0x08003d18   0x00000048   Code   RO          103    .text.Init_TEMP     temperatura.o
    0x08003d60   0x08003d60   0x00000042   Code   RO          199    .text.Init_Volumen  volumen.o
    0x08003da2   0x08003da2   0x00000002   PAD
    0x08003da4   0x08003da4   0x0000002a   Code   RO           53    .text.LCD_clear     lcd.o
    0x08003dce   0x08003dce   0x00000002   PAD
    0x08003dd0   0x08003dd0   0x0000005c   Code   RO           37    .text.LCD_config    lcd.o
    0x08003e2c   0x08003e2c   0x00000010   Code   RO           25    .text.LCD_init      lcd.o
    0x08003e3c   0x08003e3c   0x000000ec   Code   RO           23    .text.LCD_reset     lcd.o
    0x08003f28   0x08003f28   0x00000014   Code   RO           47    .text.LCD_symbolToLocalBuffer  lcd.o
    0x08003f3c   0x08003f3c   0x0000006a   Code   RO           43    .text.LCD_symbolToLocalBuffer_L1  lcd.o
    0x08003fa6   0x08003fa6   0x00000002   PAD
    0x08003fa8   0x08003fa8   0x00000074   Code   RO           45    .text.LCD_symbolToLocalBuffer_L2  lcd.o
    0x0800401c   0x0800401c   0x000000d8   Code   RO           41    .text.LCD_update    lcd.o
    0x080040f4   0x080040f4   0x00000060   Code   RO           35    .text.LCD_wr_cmd    lcd.o
    0x08004154   0x08004154   0x00000060   Code   RO           33    .text.LCD_wr_data   lcd.o
    0x080041b4   0x080041b4   0x00000062   Code   RO           27    .text.LCD_write     lcd.o
    0x08004216   0x08004216   0x00000002   PAD
    0x08004218   0x08004218   0x00000002   Code   RO          153    .text.MemManage_Handler  stm32f4xx_it.o
    0x0800421a   0x0800421a   0x00000040   Code   RO         2179    .text.MessageQueueGet  RTX_CM3.lib(rtx_msgqueue.o)
    0x0800425a   0x0800425a   0x00000058   Code   RO         2173    .text.MessageQueuePut  RTX_CM3.lib(rtx_msgqueue.o)
    0x080042b2   0x080042b2   0x0000001c   Code   RO         2171    .text.MessageQueueRemove  RTX_CM3.lib(rtx_msgqueue.o)
    0x080042ce   0x080042ce   0x00000002   PAD
    0x080042d0   0x080042d0   0x00000002   Code   RO          149    .text.NMI_Handler   stm32f4xx_it.o
    0x080042d2   0x080042d2   0x00000002   PAD
    0x080042d4   0x080042d4   0x0000002c   Code   RO          807    .text.NVIC_EncodePriority  stm32f4xx_hal_cortex.o
    0x08004300   0x08004300   0x00000008   Code   RO         2290    .text.OS_Tick_AcknowledgeIRQ  RTX_CM3.lib(os_systick.o)
    0x08004308   0x08004308   0x00000024   Code   RO         2286    .text.OS_Tick_Enable  RTX_CM3.lib(os_systick.o)
    0x0800432c   0x0800432c   0x00000006   Code   RO         2292    .text.OS_Tick_GetIRQn  RTX_CM3.lib(os_systick.o)
    0x08004332   0x08004332   0x00000002   PAD
    0x08004334   0x08004334   0x00000040   Code   RO         2284    .text.OS_Tick_Setup  RTX_CM3.lib(os_systick.o)
    0x08004374   0x08004374   0x0000000c   Code   RO         1883    .text.OUTLINED_FUNCTION_0  RTX_CM3.lib(rtx_kernel.o)
    0x08004380   0x08004380   0x00000006   Code   RO         2025    .text.OUTLINED_FUNCTION_0  RTX_CM3.lib(rtx_thread.o)
    0x08004386   0x08004386   0x0000000c   Code   RO         2187    .text.OUTLINED_FUNCTION_0  RTX_CM3.lib(rtx_msgqueue.o)
    0x08004392   0x08004392   0x00000006   Code   RO         1885    .text.OUTLINED_FUNCTION_1  RTX_CM3.lib(rtx_kernel.o)
    0x08004398   0x08004398   0x00000006   Code   RO         2027    .text.OUTLINED_FUNCTION_1  RTX_CM3.lib(rtx_thread.o)
    0x0800439e   0x0800439e   0x00000002   PAD
    0x080043a0   0x080043a0   0x00000074   Code   RO          244    .text.RDA5807M_Readregisters  radio.o
    0x08004414   0x08004414   0x00000028   Code   RO          252    .text.RDA5807_Init  radio.o
    0x0800443c   0x0800443c   0x00000036   Code   RO          254    .text.RDA5807_PowerOn  radio.o
    0x08004472   0x08004472   0x00000002   PAD
    0x08004474   0x08004474   0x00000008   Code   RO          462    .text.SPI1_Control  spi_stm32f4xx.o
    0x0800447c   0x0800447c   0x00000008   Code   RO          460    .text.SPI1_GetDataCount  spi_stm32f4xx.o
    0x08004484   0x08004484   0x00000008   Code   RO          464    .text.SPI1_GetStatus  spi_stm32f4xx.o
    0x0800448c   0x0800448c   0x00000008   Code   RO          440    .text.SPI1_IRQHandler  spi_stm32f4xx.o
    0x08004494   0x08004494   0x0000000a   Code   RO          448    .text.SPI1_Initialize  spi_stm32f4xx.o
    0x0800449e   0x0800449e   0x00000002   PAD
    0x080044a0   0x080044a0   0x00000008   Code   RO          452    .text.SPI1_PowerControl  spi_stm32f4xx.o
    0x080044a8   0x080044a8   0x00000008   Code   RO          456    .text.SPI1_Receive  spi_stm32f4xx.o
    0x080044b0   0x080044b0   0x00000008   Code   RO          454    .text.SPI1_Send     spi_stm32f4xx.o
    0x080044b8   0x080044b8   0x00000008   Code   RO          458    .text.SPI1_Transfer  spi_stm32f4xx.o
    0x080044c0   0x080044c0   0x0000000a   Code   RO          450    .text.SPI1_Uninitialize  spi_stm32f4xx.o
    0x080044ca   0x080044ca   0x00000002   PAD
    0x080044cc   0x080044cc   0x00000004   Code   RO          446    .text.SPIX_GetCapabilities  spi_stm32f4xx.o
    0x080044d0   0x080044d0   0x0000000a   Code   RO          444    .text.SPIX_GetVersion  spi_stm32f4xx.o
    0x080044da   0x080044da   0x00000002   PAD
    0x080044dc   0x080044dc   0x000002d8   Code   RO          478    .text.SPI_Control   spi_stm32f4xx.o
    0x080047b4   0x080047b4   0x0000000c   Code   RO          496    .text.SPI_GetDataCount  spi_stm32f4xx.o
    0x080047c0   0x080047c0   0x00000028   Code   RO          498    .text.SPI_GetStatus  spi_stm32f4xx.o
    0x080047e8   0x080047e8   0x000000f0   Code   RO          442    .text.SPI_IRQHandler  spi_stm32f4xx.o
    0x080048d8   0x080048d8   0x000000a0   Code   RO          470    .text.SPI_Initialize  spi_stm32f4xx.o
    0x08004978   0x08004978   0x00000022   Code   RO          480    .text.SPI_PeripheralReset  spi_stm32f4xx.o
    0x0800499a   0x0800499a   0x00000002   PAD
    0x0800499c   0x0800499c   0x000000c2   Code   RO          476    .text.SPI_PowerControl  spi_stm32f4xx.o
    0x08004a5e   0x08004a5e   0x00000002   PAD
    0x08004a60   0x08004a60   0x00000082   Code   RO          492    .text.SPI_Receive   spi_stm32f4xx.o
    0x08004ae2   0x08004ae2   0x00000002   PAD
    0x08004ae4   0x08004ae4   0x0000005a   Code   RO          466    .text.SPI_RxData    spi_stm32f4xx.o
    0x08004b3e   0x08004b3e   0x00000002   PAD
    0x08004b40   0x08004b40   0x00000082   Code   RO          490    .text.SPI_Send      spi_stm32f4xx.o
    0x08004bc2   0x08004bc2   0x00000002   PAD
    0x08004bc4   0x08004bc4   0x0000003a   Code   RO          494    .text.SPI_Transfer  spi_stm32f4xx.o
    0x08004bfe   0x08004bfe   0x00000002   PAD
    0x08004c00   0x08004c00   0x0000005c   Code   RO          468    .text.SPI_TxData    spi_stm32f4xx.o
    0x08004c5c   0x08004c5c   0x00000032   Code   RO          474    .text.SPI_Uninitialize  spi_stm32f4xx.o
    0x08004c8e   0x08004c8e   0x00000002   PAD
    0x08004c90   0x08004c90   0x0000001e   Code   RO           29    .text.SPI_callback  lcd.o
    0x08004cae   0x08004cae   0x00000002   PAD
    0x08004cb0   0x08004cb0   0x00000024   Code   RO          248    .text.SeekDown      radio.o
    0x08004cd4   0x08004cd4   0x00000024   Code   RO          246    .text.SeekUp        radio.o
    0x08004cf8   0x08004cf8   0x0000002e   Code   RO          823    .text.SysTick_Config  stm32f4xx_hal_cortex.o
    0x08004d26   0x08004d26   0x00000002   PAD
    0x08004d28   0x08004d28   0x0000009e   Code   RO            6    .text.SystemClock_Config  main.o
    0x08004dc6   0x08004dc6   0x00000002   PAD
    0x08004dc8   0x08004dc8   0x0000007e   Code   RO         1812    .text.SystemCoreClockUpdate  system_stm32f4xx.o
    0x08004e46   0x08004e46   0x00000002   PAD
    0x08004e48   0x08004e48   0x00000010   Code   RO         1810    .text.SystemInit    system_stm32f4xx.o
    0x08004e58   0x08004e58   0x00000124   Code   RO         1387    .text.TIM_Base_SetConfig  stm32f4xx_hal_tim.o
    0x08004f7c   0x08004f7c   0x00000024   Code   RO         1421    .text.TIM_CCxChannelCmd  stm32f4xx_hal_tim.o
    0x08004fa0   0x08004fa0   0x00000064   Code   RO         1531    .text.TIM_OC1_SetConfig  stm32f4xx_hal_tim.o
    0x08005004   0x08005004   0x0000006a   Code   RO         1533    .text.TIM_OC2_SetConfig  stm32f4xx_hal_tim.o
    0x0800506e   0x0800506e   0x00000002   PAD
    0x08005070   0x08005070   0x00000068   Code   RO         1535    .text.TIM_OC3_SetConfig  stm32f4xx_hal_tim.o
    0x080050d8   0x080050d8   0x0000004e   Code   RO         1537    .text.TIM_OC4_SetConfig  stm32f4xx_hal_tim.o
    0x08005126   0x08005126   0x00000064   Code   RO         1977    .text.ThreadFlagsCheck  RTX_CM3.lib(rtx_thread.o)
    0x0800518a   0x0800518a   0x00000002   PAD
    0x0800518c   0x0800518c   0x00000076   Code   RO          173    .text.Thread_Com    com.o
    0x08005202   0x08005202   0x00000002   PAD
    0x08005204   0x08005204   0x00000086   Code   RO          284    .text.Thread_Hora   hora.o
    0x0800528a   0x0800528a   0x00000002   PAD
    0x0800528c   0x0800528c   0x00000022   Code   RO          127    .text.Thread_Joystick  joystick.o
    0x080052ae   0x080052ae   0x00000002   PAD
    0x080052b0   0x080052b0   0x0000003c   Code   RO           21    .text.Thread_LCD    lcd.o
    0x080052ec   0x080052ec   0x0000005a   Code   RO          216    .text.Thread_PWM    zumbador.o
    0x08005346   0x08005346   0x00000002   PAD
    0x08005348   0x08005348   0x00000a84   Code   RO           80    .text.Thread_Principal  principal.o
    0x08005dcc   0x08005dcc   0x000000ba   Code   RO          232    .text.Thread_Radio  radio.o
    0x08005e86   0x08005e86   0x00000002   PAD
    0x08005e88   0x08005e88   0x000000ea   Code   RO          105    .text.Thread_TEMP   temperatura.o
    0x08005f72   0x08005f72   0x00000002   PAD
    0x08005f74   0x08005f74   0x0000007a   Code   RO          201    .text.Thread_Volumen  volumen.o
    0x08005fee   0x08005fee   0x00000002   PAD
    0x08005ff0   0x08005ff0   0x00000010   Code   RO          282    .text.TimerHora_Callback  hora.o
    0x08006000   0x08006000   0x00000044   Code   RO         2077    .text.TimerInsert   RTX_CM3.lib(rtx_timer.o)
    0x08006044   0x08006044   0x00000028   Code   RO         2085    .text.TimerRemove   RTX_CM3.lib(rtx_timer.o)
    0x0800606c   0x0800606c   0x000000c8   Code   RO          123    .text.Timer_Pulsacion_Corta_Callback  joystick.o
    0x08006134   0x08006134   0x0000003a   Code   RO          125    .text.Timer_Pulsacion_Larga_Callback  joystick.o
    0x0800616e   0x0800616e   0x00000002   PAD
    0x08006170   0x08006170   0x00000010   Code   RO          540    .text.USART3_Control  usart_stm32f4xx.o
    0x08006180   0x08006180   0x00000010   Code   RO          522    .text.USART3_GetCapabilities  usart_stm32f4xx.o
    0x08006190   0x08006190   0x00000010   Code   RO          546    .text.USART3_GetModemStatus  usart_stm32f4xx.o
    0x080061a0   0x080061a0   0x00000010   Code   RO          538    .text.USART3_GetRxCount  usart_stm32f4xx.o
    0x080061b0   0x080061b0   0x00000010   Code   RO          542    .text.USART3_GetStatus  usart_stm32f4xx.o
    0x080061c0   0x080061c0   0x00000010   Code   RO          536    .text.USART3_GetTxCount  usart_stm32f4xx.o
    0x080061d0   0x080061d0   0x00000010   Code   RO          518    .text.USART3_IRQHandler  usart_stm32f4xx.o
    0x080061e0   0x080061e0   0x00000012   Code   RO          524    .text.USART3_Initialize  usart_stm32f4xx.o
    0x080061f2   0x080061f2   0x00000002   PAD
    0x080061f4   0x080061f4   0x00000010   Code   RO          528    .text.USART3_PowerControl  usart_stm32f4xx.o
    0x08006204   0x08006204   0x00000010   Code   RO          532    .text.USART3_Receive  usart_stm32f4xx.o
    0x08006214   0x08006214   0x00000010   Code   RO          530    .text.USART3_Send   usart_stm32f4xx.o
    0x08006224   0x08006224   0x00000010   Code   RO          544    .text.USART3_SetModemControl  usart_stm32f4xx.o
    0x08006234   0x08006234   0x00000010   Code   RO          534    .text.USART3_Transfer  usart_stm32f4xx.o
    0x08006244   0x08006244   0x00000012   Code   RO          526    .text.USART3_Uninitialize  usart_stm32f4xx.o
    0x08006256   0x08006256   0x00000002   PAD
    0x08006258   0x08006258   0x00000010   Code   RO          548    .text.USART6_IRQHandler  usart_stm32f4xx.o
    0x08006268   0x08006268   0x0000073a   Code   RO          602    .text.USART_Control  usart_stm32f4xx.o
    0x080069a2   0x080069a2   0x00000002   PAD
    0x080069a4   0x080069a4   0x00000004   Code   RO          576    .text.USART_GetCapabilities  usart_stm32f4xx.o
    0x080069a8   0x080069a8   0x00000028   Code   RO          608    .text.USART_GetModemStatus  usart_stm32f4xx.o
    0x080069d0   0x080069d0   0x00000006   Code   RO          600    .text.USART_GetRxCount  usart_stm32f4xx.o
    0x080069d6   0x080069d6   0x00000002   PAD
    0x080069d8   0x080069d8   0x00000058   Code   RO          604    .text.USART_GetStatus  usart_stm32f4xx.o
    0x08006a30   0x08006a30   0x00000006   Code   RO          598    .text.USART_GetTxCount  usart_stm32f4xx.o
    0x08006a36   0x08006a36   0x00000002   PAD
    0x08006a38   0x08006a38   0x00000202   Code   RO          516    .text.USART_IRQHandler  usart_stm32f4xx.o
    0x08006c3a   0x08006c3a   0x00000002   PAD
    0x08006c3c   0x08006c3c   0x00000062   Code   RO          578    .text.USART_Initialize  usart_stm32f4xx.o
    0x08006c9e   0x08006c9e   0x00000002   PAD
    0x08006ca0   0x08006ca0   0x0000018a   Code   RO          590    .text.USART_PeripheralReset  usart_stm32f4xx.o
    0x08006e2a   0x08006e2a   0x00000002   PAD
    0x08006e2c   0x08006e2c   0x00000316   Code   RO          584    .text.USART_PowerControl  usart_stm32f4xx.o
    0x08007142   0x08007142   0x00000002   PAD
    0x08007144   0x08007144   0x00000086   Code   RO          594    .text.USART_Receive  usart_stm32f4xx.o
    0x080071ca   0x080071ca   0x00000002   PAD
    0x080071cc   0x080071cc   0x00000074   Code   RO          592    .text.USART_Send    usart_stm32f4xx.o
    0x08007240   0x08007240   0x00000066   Code   RO          606    .text.USART_SetModemControl  usart_stm32f4xx.o
    0x080072a6   0x080072a6   0x00000002   PAD
    0x080072a8   0x080072a8   0x00000050   Code   RO          596    .text.USART_Transfer  usart_stm32f4xx.o
    0x080072f8   0x080072f8   0x0000005c   Code   RO          582    .text.USART_Uninitialize  usart_stm32f4xx.o
    0x08007354   0x08007354   0x0000000a   Code   RO          520    .text.USARTx_GetVersion  usart_stm32f4xx.o
    0x0800735e   0x0800735e   0x00000002   PAD
    0x08007360   0x08007360   0x00000002   Code   RO          157    .text.UsageFault_Handler  stm32f4xx_it.o
    0x08007362   0x08007362   0x00000002   PAD
    0x08007364   0x08007364   0x0000002a   Code   RO          240    .text.Volume        radio.o
    0x0800738e   0x0800738e   0x00000002   PAD
    0x08007390   0x08007390   0x00000094   Code   RO          250    .text.WriteAll      radio.o
    0x08007424   0x08007424   0x0000000e   Code   RO          486    .text.__NVIC_ClearPendingIRQ  spi_stm32f4xx.o
    0x08007432   0x08007432   0x00000002   PAD
    0x08007434   0x08007434   0x00000020   Code   RO          586    .text.__NVIC_ClearPendingIRQ  usart_stm32f4xx.o
    0x08007454   0x08007454   0x00000020   Code   RO          849    .text.__NVIC_ClearPendingIRQ  stm32f4xx_hal_cortex.o
    0x08007474   0x08007474   0x00000028   Code   RO          815    .text.__NVIC_DisableIRQ  stm32f4xx_hal_cortex.o
    0x0800749c   0x0800749c   0x0000000e   Code   RO          488    .text.__NVIC_EnableIRQ  spi_stm32f4xx.o
    0x080074aa   0x080074aa   0x00000002   PAD
    0x080074ac   0x080074ac   0x00000020   Code   RO          588    .text.__NVIC_EnableIRQ  usart_stm32f4xx.o
    0x080074cc   0x080074cc   0x00000020   Code   RO          811    .text.__NVIC_EnableIRQ  stm32f4xx_hal_cortex.o
    0x080074ec   0x080074ec   0x00000010   Code   RO          803    .text.__NVIC_GetPriorityGrouping  stm32f4xx_hal_cortex.o
    0x080074fc   0x080074fc   0x00000022   Code   RO          805    .text.__NVIC_SetPriority  stm32f4xx_hal_cortex.o
    0x0800751e   0x0800751e   0x00000002   PAD
    0x08007520   0x08007520   0x00000020   Code   RO          799    .text.__NVIC_SetPriorityGrouping  stm32f4xx_hal_cortex.o
    0x08007540   0x08007540   0x0000001a   Code   RO          308    .text._mutex_acquire  rtx_lib.o
    0x0800755a   0x0800755a   0x00000002   PAD
    0x0800755c   0x0800755c   0x0000000a   Code   RO          312    .text._mutex_free   rtx_lib.o
    0x08007566   0x08007566   0x00000002   PAD
    0x08007568   0x08007568   0x00000020   Code   RO          306    .text._mutex_initialize  rtx_lib.o
    0x08007588   0x08007588   0x00000016   Code   RO          310    .text._mutex_release  rtx_lib.o
    0x0800759e   0x0800759e   0x00000002   PAD
    0x080075a0   0x080075a0   0x00000008   Code   RO          300    .text._platform_post_stackheap_init  rtx_lib.o
    0x080075a8   0x080075a8   0x0000001e   Code   RO          169    .text.callbackCOM   com.o
    0x080075c6   0x080075c6   0x00000002   PAD
    0x080075c8   0x080075c8   0x00000020   Code   RO           49    .text.clear_L1      lcd.o
    0x080075e8   0x080075e8   0x00000024   Code   RO           51    .text.clear_L2      lcd.o
    0x0800760c   0x0800760c   0x0000002e   Code   RO          236    .text.i2c_Radio_Init  radio.o
    0x0800763a   0x0800763a   0x00000002   PAD
    0x0800763c   0x0800763c   0x00000076   Code   RO            4    .text.main          main.o
    0x080076b2   0x080076b2   0x00000002   PAD
    0x080076b4   0x080076b4   0x00000024   Code   RO         2043    .text.osDelay       RTX_CM3.lib(rtx_delay.o)
    0x080076d8   0x080076d8   0x0000002c   Code   RO         1835    .text.osKernelGetState  RTX_CM3.lib(rtx_kernel.o)
    0x08007704   0x08007704   0x00000028   Code   RO         1851    .text.osKernelGetTickCount  RTX_CM3.lib(rtx_kernel.o)
    0x0800772c   0x0800772c   0x0000002c   Code   RO         1829    .text.osKernelInitialize  RTX_CM3.lib(rtx_kernel.o)
    0x08007758   0x08007758   0x00000024   Code   RO         1839    .text.osKernelStart  RTX_CM3.lib(rtx_kernel.o)
    0x0800777c   0x0800777c   0x00000070   Code   RO         2147    .text.osMessageQueueGet  RTX_CM3.lib(rtx_msgqueue.o)
    0x080077ec   0x080077ec   0x00000024   Code   RO         2141    .text.osMessageQueueNew  RTX_CM3.lib(rtx_msgqueue.o)
    0x08007810   0x08007810   0x00000080   Code   RO         2145    .text.osMessageQueuePut  RTX_CM3.lib(rtx_msgqueue.o)
    0x08007890   0x08007890   0x00000024   Code   RO         2109    .text.osMutexAcquire  RTX_CM3.lib(rtx_mutex.o)
    0x080078b4   0x080078b4   0x00000024   Code   RO         2115    .text.osMutexDelete  RTX_CM3.lib(rtx_mutex.o)
    0x080078d8   0x080078d8   0x00000024   Code   RO         2105    .text.osMutexNew    RTX_CM3.lib(rtx_mutex.o)
    0x080078fc   0x080078fc   0x00000024   Code   RO         2111    .text.osMutexRelease  RTX_CM3.lib(rtx_mutex.o)
    0x08007920   0x08007920   0x00000002   Code   RO          339    .text.osRtxErrorNotify  rtx_config.o
    0x08007922   0x08007922   0x00000002   PAD
    0x08007924   0x08007924   0x00000002   Code   RO          337    .text.osRtxIdleThread  rtx_config.o
    0x08007926   0x08007926   0x00000004   Code   RO         1827    .text.osRtxKernelErrorNotify  RTX_CM3.lib(rtx_kernel.o)
    0x0800792a   0x0800792a   0x00000002   Code   RO         1825    .text.osRtxKernelPreInit  RTX_CM3.lib(rtx_kernel.o)
    0x0800792c   0x0800792c   0x0000006c   Code   RO         2206    .text.osRtxMemoryAlloc  RTX_CM3.lib(rtx_memory.o)
    0x08007998   0x08007998   0x00000042   Code   RO         2208    .text.osRtxMemoryFree  RTX_CM3.lib(rtx_memory.o)
    0x080079da   0x080079da   0x00000036   Code   RO         2204    .text.osRtxMemoryInit  RTX_CM3.lib(rtx_memory.o)
    0x08007a10   0x08007a10   0x0000003a   Code   RO         2220    .text.osRtxMemoryPoolAlloc  RTX_CM3.lib(rtx_mempool.o)
    0x08007a4a   0x08007a4a   0x0000004a   Code   RO         2222    .text.osRtxMemoryPoolFree  RTX_CM3.lib(rtx_mempool.o)
    0x08007a94   0x08007a94   0x00000038   Code   RO         2218    .text.osRtxMemoryPoolInit  RTX_CM3.lib(rtx_mempool.o)
    0x08007acc   0x08007acc   0x000000aa   Code   RO         2169    .text.osRtxMessageQueuePostProcess  RTX_CM3.lib(rtx_msgqueue.o)
    0x08007b76   0x08007b76   0x00000002   PAD
    0x08007b78   0x08007b78   0x00000024   Code   RO         2137    .text.osRtxMessageQueueTimerSetup  RTX_CM3.lib(rtx_msgqueue.o)
    0x08007b9c   0x08007b9c   0x00000048   Code   RO         2101    .text.osRtxMutexOwnerRelease  RTX_CM3.lib(rtx_mutex.o)
    0x08007be4   0x08007be4   0x00000042   Code   RO         2103    .text.osRtxMutexOwnerRestore  RTX_CM3.lib(rtx_mutex.o)
    0x08007c26   0x08007c26   0x00000002   PAD
    0x08007c28   0x08007c28   0x00000088   Code   RO         2272    .text.osRtxPendSV_Handler  RTX_CM3.lib(rtx_system.o)
    0x08007cb0   0x08007cb0   0x00000070   Code   RO         2274    .text.osRtxPostProcess  RTX_CM3.lib(rtx_system.o)
    0x08007d20   0x08007d20   0x00000034   Code   RO         1917    .text.osRtxThreadBlock  RTX_CM3.lib(rtx_thread.o)
    0x08007d54   0x08007d54   0x0000007c   Code   RO         1925    .text.osRtxThreadDelayInsert  RTX_CM3.lib(rtx_thread.o)
    0x08007dd0   0x08007dd0   0x0000003c   Code   RO         1921    .text.osRtxThreadDelayRemove  RTX_CM3.lib(rtx_thread.o)
    0x08007e0c   0x08007e0c   0x00000048   Code   RO         1907    .text.osRtxThreadDelayTick  RTX_CM3.lib(rtx_thread.o)
    0x08007e54   0x08007e54   0x00000020   Code   RO         2009    .text.osRtxThreadDestroy  RTX_CM3.lib(rtx_thread.o)
    0x08007e74   0x08007e74   0x00000050   Code   RO         1915    .text.osRtxThreadDispatch  RTX_CM3.lib(rtx_thread.o)
    0x08007ec4   0x08007ec4   0x00000058   Code   RO         2001    .text.osRtxThreadFree  RTX_CM3.lib(rtx_thread.o)
    0x08007f1c   0x08007f1c   0x0000001e   Code   RO         2007    .text.osRtxThreadJoinWakeup  RTX_CM3.lib(rtx_thread.o)
    0x08007f3a   0x08007f3a   0x00000012   Code   RO         1899    .text.osRtxThreadListGet  RTX_CM3.lib(rtx_thread.o)
    0x08007f4c   0x08007f4c   0x0000002c   Code   RO         1897    .text.osRtxThreadListPut  RTX_CM3.lib(rtx_thread.o)
    0x08007f78   0x08007f78   0x00000014   Code   RO         1903    .text.osRtxThreadListRemove  RTX_CM3.lib(rtx_thread.o)
    0x08007f8c   0x08007f8c   0x0000000c   Code   RO         1909    .text.osRtxThreadListRoot  RTX_CM3.lib(rtx_thread.o)
    0x08007f98   0x08007f98   0x00000026   Code   RO         1901    .text.osRtxThreadListSort  RTX_CM3.lib(rtx_thread.o)
    0x08007fbe   0x08007fbe   0x00000028   Code   RO         1975    .text.osRtxThreadPostProcess  RTX_CM3.lib(rtx_thread.o)
    0x08007fe6   0x08007fe6   0x00000002   PAD
    0x08007fe8   0x08007fe8   0x00000014   Code   RO         1905    .text.osRtxThreadReadyPut  RTX_CM3.lib(rtx_thread.o)
    0x08007ffc   0x08007ffc   0x00000006   Code   RO         1911    .text.osRtxThreadRegPtr  RTX_CM3.lib(rtx_thread.o)
    0x08008002   0x08008002   0x00000002   PAD
    0x08008004   0x08008004   0x00000038   Code   RO         1927    .text.osRtxThreadStartup  RTX_CM3.lib(rtx_thread.o)
    0x0800803c   0x0800803c   0x0000000c   Code   RO         1913    .text.osRtxThreadSwitch  RTX_CM3.lib(rtx_thread.o)
    0x08008048   0x08008048   0x0000003c   Code   RO         1923    .text.osRtxThreadWaitEnter  RTX_CM3.lib(rtx_thread.o)
    0x08008084   0x08008084   0x00000022   Code   RO         1919    .text.osRtxThreadWaitExit  RTX_CM3.lib(rtx_thread.o)
    0x080080a6   0x080080a6   0x00000002   PAD
    0x080080a8   0x080080a8   0x00000074   Code   RO         2270    .text.osRtxTick_Handler  RTX_CM3.lib(rtx_system.o)
    0x0800811c   0x0800811c   0x00000020   Code   RO         2059    .text.osRtxTimerSetup  RTX_CM3.lib(rtx_timer.o)
    0x0800813c   0x0800813c   0x00000020   Code   RO         2063    .text.osRtxTimerThread  RTX_CM3.lib(rtx_timer.o)
    0x0800815c   0x0800815c   0x00000070   Code   RO         2061    .text.osRtxTimerTick  RTX_CM3.lib(rtx_timer.o)
    0x080081cc   0x080081cc   0x0000000c   Code   RO         1959    .text.osThreadExit  RTX_CM3.lib(rtx_thread.o)
    0x080081d8   0x080081d8   0x00000024   Code   RO         1969    .text.osThreadFlagsClear  RTX_CM3.lib(rtx_thread.o)
    0x080081fc   0x080081fc   0x00000058   Code   RO         1967    .text.osThreadFlagsSet  RTX_CM3.lib(rtx_thread.o)
    0x08008254   0x08008254   0x00000024   Code   RO         1973    .text.osThreadFlagsWait  RTX_CM3.lib(rtx_thread.o)
    0x08008278   0x08008278   0x00000024   Code   RO         1931    .text.osThreadNew   RTX_CM3.lib(rtx_thread.o)
    0x0800829c   0x0800829c   0x00000024   Code   RO         1949    .text.osThreadYield  RTX_CM3.lib(rtx_thread.o)
    0x080082c0   0x080082c0   0x00000024   Code   RO         2065    .text.osTimerNew    RTX_CM3.lib(rtx_timer.o)
    0x080082e4   0x080082e4   0x00000024   Code   RO         2069    .text.osTimerStart  RTX_CM3.lib(rtx_timer.o)
    0x08008308   0x08008308   0x0000001e   Code   RO          304    .text.os_kernel_is_active  rtx_lib.o
    0x08008326   0x08008326   0x00000002   PAD
    0x08008328   0x08008328   0x00000010   Code   RO          238    .text.radio_setup   radio.o
    0x08008338   0x08008338   0x0000002a   Code   RO           31    .text.resetLCD      lcd.o
    0x08008362   0x08008362   0x00000016   Code   RO         2047    .text.svcRtxDelay   RTX_CM3.lib(rtx_delay.o)
    0x08008378   0x08008378   0x00000008   Code   RO         1837    .text.svcRtxKernelGetState  RTX_CM3.lib(rtx_kernel.o)
    0x08008380   0x08008380   0x0000000c   Code   RO         1853    .text.svcRtxKernelGetTickCount  RTX_CM3.lib(rtx_kernel.o)
    0x0800838c   0x0800838c   0x000000fc   Code   RO         1867    .text.svcRtxKernelInitialize  RTX_CM3.lib(rtx_kernel.o)
    0x08008488   0x08008488   0x00000088   Code   RO         1869    .text.svcRtxKernelStart  RTX_CM3.lib(rtx_kernel.o)
    0x08008510   0x08008510   0x000000d4   Code   RO         2181    .text.svcRtxMessageQueueGet  RTX_CM3.lib(rtx_msgqueue.o)
    0x080085e4   0x080085e4   0x00000118   Code   RO         2139    .text.svcRtxMessageQueueNew  RTX_CM3.lib(rtx_msgqueue.o)
    0x080086fc   0x080086fc   0x000000b0   Code   RO         2177    .text.svcRtxMessageQueuePut  RTX_CM3.lib(rtx_msgqueue.o)
    0x080087ac   0x080087ac   0x00000090   Code   RO         2121    .text.svcRtxMutexAcquire  RTX_CM3.lib(rtx_mutex.o)
    0x0800883c   0x0800883c   0x000000ac   Code   RO         2127    .text.svcRtxMutexDelete  RTX_CM3.lib(rtx_mutex.o)
    0x080088e8   0x080088e8   0x00000068   Code   RO         2117    .text.svcRtxMutexNew  RTX_CM3.lib(rtx_mutex.o)
    0x08008950   0x08008950   0x000000b4   Code   RO         2123    .text.svcRtxMutexRelease  RTX_CM3.lib(rtx_mutex.o)
    0x08008a04   0x08008a04   0x00000048   Code   RO         2005    .text.svcRtxThreadExit  RTX_CM3.lib(rtx_thread.o)
    0x08008a4c   0x08008a4c   0x00000034   Code   RO         2019    .text.svcRtxThreadFlagsClear  RTX_CM3.lib(rtx_thread.o)
    0x08008a80   0x08008a80   0x00000066   Code   RO         2017    .text.svcRtxThreadFlagsSet  RTX_CM3.lib(rtx_thread.o)
    0x08008ae6   0x08008ae6   0x00000002   PAD
    0x08008ae8   0x08008ae8   0x0000004c   Code   RO         2023    .text.svcRtxThreadFlagsWait  RTX_CM3.lib(rtx_thread.o)
    0x08008b34   0x08008b34   0x000001ec   Code   RO         1929    .text.svcRtxThreadNew  RTX_CM3.lib(rtx_thread.o)
    0x08008d20   0x08008d20   0x00000034   Code   RO         1991    .text.svcRtxThreadYield  RTX_CM3.lib(rtx_thread.o)
    0x08008d54   0x08008d54   0x00000078   Code   RO         2079    .text.svcRtxTimerNew  RTX_CM3.lib(rtx_timer.o)
    0x08008dcc   0x08008dcc   0x00000048   Code   RO         2083    .text.svcRtxTimerStart  RTX_CM3.lib(rtx_timer.o)
    0x08008e14   0x08008e14   0x0000003e   Code   RO         2467    CL$$btod_d2e        c_w.l(btod.o)
    0x08008e52   0x08008e52   0x00000046   Code   RO         2469    CL$$btod_d2e_denorm_low  c_w.l(btod.o)
    0x08008e98   0x08008e98   0x00000060   Code   RO         2468    CL$$btod_d2e_norm_op1  c_w.l(btod.o)
    0x08008ef8   0x08008ef8   0x00000338   Code   RO         2477    CL$$btod_div_common  c_w.l(btod.o)
    0x08009230   0x08009230   0x000000dc   Code   RO         2474    CL$$btod_e2e        c_w.l(btod.o)
    0x0800930c   0x0800930c   0x0000002a   Code   RO         2471    CL$$btod_ediv       c_w.l(btod.o)
    0x08009336   0x08009336   0x0000002a   Code   RO         2470    CL$$btod_emul       c_w.l(btod.o)
    0x08009360   0x08009360   0x00000244   Code   RO         2476    CL$$btod_mult_common  c_w.l(btod.o)
    0x080095a4   0x080095a4   0x00000028   Code   RO         2498    i.__ARM_fpclassify  m_ws.l(fpclassify.o)
    0x080095cc   0x080095cc   0x0000000e   Code   RO         2334    i._is_digit         c_w.l(__printf_wp.o)
    0x080095da   0x080095da   0x00000002   PAD
    0x080095dc   0x080095dc   0x0000002c   Code   RO         2492    locale$$code        c_w.l(lc_numeric_c.o)
    0x08009608   0x08009608   0x00000062   Code   RO         2359    x$fpl$d2f           fz_ws.l(d2f.o)
    0x0800966a   0x0800966a   0x00000002   PAD
    0x0800966c   0x0800966c   0x00000150   Code   RO         2361    x$fpl$dadd          fz_ws.l(daddsub_clz.o)
    0x080097bc   0x080097bc   0x000002b4   Code   RO         2368    x$fpl$ddiv          fz_ws.l(ddiv.o)
    0x08009a70   0x08009a70   0x0000005e   Code   RO         2371    x$fpl$dfix          fz_ws.l(dfix.o)
    0x08009ace   0x08009ace   0x00000026   Code   RO         2375    x$fpl$dfltu         fz_ws.l(dflt_clz.o)
    0x08009af4   0x08009af4   0x00000154   Code   RO         2381    x$fpl$dmul          fz_ws.l(dmul.o)
    0x08009c48   0x08009c48   0x0000009c   Code   RO         2419    x$fpl$dnaninf       fz_ws.l(dnaninf.o)
    0x08009ce4   0x08009ce4   0x0000000c   Code   RO         2421    x$fpl$dretinf       fz_ws.l(dretinf.o)
    0x08009cf0   0x08009cf0   0x000001dc   Code   RO         2363    x$fpl$dsub          fz_ws.l(daddsub_clz.o)
    0x08009ecc   0x08009ecc   0x00000056   Code   RO         2383    x$fpl$f2d           fz_ws.l(f2d.o)
    0x08009f22   0x08009f22   0x00000054   Code   RO         2385    x$fpl$fcmp          fz_ws.l(fcmp.o)
    0x08009f76   0x08009f76   0x00000018   Code   RO         2494    x$fpl$fcmpinf       fz_ws.l(fcmpi.o)
    0x08009f8e   0x08009f8e   0x00000002   PAD
    0x08009f90   0x08009f90   0x00000068   Code   RO         2423    x$fpl$feqf          fz_ws.l(feqf.o)
    0x08009ff8   0x08009ff8   0x00000036   Code   RO         2387    x$fpl$ffix          fz_ws.l(ffix.o)
    0x0800a02e   0x0800a02e   0x00000002   PAD
    0x0800a030   0x0800a030   0x00000026   Code   RO         2391    x$fpl$ffltu         fz_ws.l(fflt_clz.o)
    0x0800a056   0x0800a056   0x00000002   PAD
    0x0800a058   0x0800a058   0x00000068   Code   RO         2425    x$fpl$fgeqf         fz_ws.l(fgeqf.o)
    0x0800a0c0   0x0800a0c0   0x00000068   Code   RO         2427    x$fpl$fleqf         fz_ws.l(fleqf.o)
    0x0800a128   0x0800a128   0x00000102   Code   RO         2397    x$fpl$fmul          fz_ws.l(fmul.o)
    0x0800a22a   0x0800a22a   0x0000008c   Code   RO         2429    x$fpl$fnaninf       fz_ws.l(fnaninf.o)
    0x0800a2b6   0x0800a2b6   0x0000000a   Code   RO         2431    x$fpl$fretinf       fz_ws.l(fretinf.o)
    0x0800a2c0   0x0800a2c0   0x00000004   Code   RO         2399    x$fpl$printf1       fz_ws.l(printf1.o)
    0x0800a2c4   0x0800a2c4   0x00000000   Code   RO         2433    x$fpl$usenofp       fz_ws.l(usenofp.o)
    0x0800a2c4   0x0800a2c4   0x00000011   Data   RO         2337    .constdata          c_w.l(__printf_flags_wp.o)
    0x0800a2d5   0x0800a2d5   0x00000003   PAD
    0x0800a2d8   0x0800a2d8   0x00000094   Data   RO         2465    .constdata          c_w.l(bigflt0.o)
    0x0800a36c   0x0800a36c   0x000000a8   Data   RO          319    .rodata             rtx_lib.o
    0x0800a414   0x0800a414   0x00000010   Data   RO         1815    .rodata.AHBPrescTable  system_stm32f4xx.o
    0x0800a424   0x0800a424   0x00000008   Data   RO         1816    .rodata.APBPrescTable  system_stm32f4xx.o
    0x0800a42c   0x0800a42c   0x00000960   Data   RO           59    .rodata.Arial12x12  lcd.o
    0x0800ad8c   0x0800ad8c   0x00000030   Data   RO          427    .rodata.Driver_I2C1  i2c_stm32f4xx.o
    0x0800adbc   0x0800adbc   0x00000030   Data   RO          429    .rodata.Driver_I2C2  i2c_stm32f4xx.o
    0x0800adec   0x0800adec   0x0000002c   Data   RO          500    .rodata.Driver_SPI1  spi_stm32f4xx.o
    0x0800ae18   0x0800ae18   0x00000038   Data   RO          610    .rodata.Driver_USART3  usart_stm32f4xx.o
    0x0800ae50   0x0800ae50   0x00000030   Data   RO          426    .rodata.I2C1_Resources  i2c_stm32f4xx.o
    0x0800ae80   0x0800ae80   0x00000030   Data   RO          428    .rodata.I2C2_Resources  i2c_stm32f4xx.o
    0x0800aeb0   0x0800aeb0   0x00000034   Data   RO          616    .rodata.USART3_Resources  usart_stm32f4xx.o
    0x0800aee4   0x0800aee4   0x0000000c   Data   RO          613    .rodata.USART3_rx   usart_stm32f4xx.o
    0x0800aef0   0x0800aef0   0x0000000c   Data   RO          612    .rodata.USART3_tx   usart_stm32f4xx.o
    0x0800aefc   0x0800aefc   0x00000034   Data   RO          621    .rodata.USART6_Resources  usart_stm32f4xx.o
    0x0800af30   0x0800af30   0x0000000c   Data   RO          618    .rodata.USART6_rx   usart_stm32f4xx.o
    0x0800af3c   0x0800af3c   0x0000000c   Data   RO          617    .rodata.USART6_tx   usart_stm32f4xx.o
    0x0800af48   0x0800af48   0x00000004   Data   RO          321    .rodata.osRtxUserSVC  rtx_lib.o
    0x0800af4c   0x0800af4c   0x00000024   Data   RO          316    .rodata.os_idle_thread_attr  rtx_lib.o
    0x0800af70   0x0800af70   0x00000018   Data   RO          318    .rodata.os_timer_mq_attr  rtx_lib.o
    0x0800af88   0x0800af88   0x00000024   Data   RO          317    .rodata.os_timer_thread_attr  rtx_lib.o
    0x0800afac   0x0800afac   0x000000fa   Data   RO           93    .rodata.str1.1      principal.o
    0x0800b0a6   0x0800b0a6   0x00000002   PAD
    0x0800b0a8   0x0800b0a8   0x0000000b   Data   RO         1887    .rodata.str1.4      RTX_CM3.lib(rtx_kernel.o)
    0x0800b0b3   0x0800b0b3   0x00000001   PAD
    0x0800b0b4   0x0800b0b4   0x00000020   Data   RO         2652    Region$$Table       anon$$obj.o
    0x0800b0d4   0x0800b0d4   0x0000001c   Data   RO         2491    locale$$data        c_w.l(lc_numeric_c.o)


    Execution Region RW_IRAM1 (Exec base: 0x20000000, Load base: 0x0800b0f0, Size: 0x000095c8, Max: 0x00030000, ABSOLUTE, COMPRESSED[0x00000070])

    Exec Addr    Load Addr    Size         Type   Attr      Idx    E Section Name        Object

    0x20000000   COMPRESSED   0x00000018   Data   RW          258    .data.RDA5807M_WriteRegDef  radio.o
    0x20000018   COMPRESSED   0x00000004   Data   RW           60    .data.SPIdrv        lcd.o
    0x2000001c   COMPRESSED   0x00000004   Data   RW         1814    .data.SystemCoreClock  system_stm32f4xx.o
    0x20000020   COMPRESSED   0x00000040   Data   RW           87    .data.array_emisoras  principal.o
    0x20000060   COMPRESSED   0x00000018   Data   RW           89    .data.cc            principal.o
    0x20000078   COMPRESSED   0x00000004   Data   RW           94    .data.frequency     principal.o
    0x2000007c   COMPRESSED   0x00000004   Data   RW           88    .data.indice        principal.o
    0x20000080   COMPRESSED   0x000000a4   Data   RW         1888    .data.os            RTX_CM3.lib(rtx_kernel.o)
    0x20000124   COMPRESSED   0x00000018   Data   RW          315    .data.os.thread.mpi  rtx_lib.o
    0x2000013c   COMPRESSED   0x00000001   Data   RW          689    .data.uwTickFreq    stm32f4xx_hal.o
    0x2000013d   COMPRESSED   0x00000003   PAD
    0x20000140   COMPRESSED   0x00000004   Data   RW          688    .data.uwTickPrio    stm32f4xx_hal.o
    0x20000144   COMPRESSED   0x00000004   PAD
    0x20000148        -       0x00000060   Zero   RW         2501    .bss                c_w.l(libspace.o)
    0x200001a8        -       0x00000014   Zero   RW           67    .bss.GPIO_InitStruct  lcd.o
    0x200001bc        -       0x00000004   Zero   RW            8    .bss.HAL_GetTick.ticks  main.o
    0x200001c0        -       0x00000028   Zero   RW          430    .bss.I2C1_Info      i2c_stm32f4xx.o
    0x200001e8        -       0x00000028   Zero   RW          431    .bss.I2C2_Info      i2c_stm32f4xx.o
    0x20000210        -       0x00000014   Zero   RW          129    .bss.Init_Joystick.GPIO_InitStruct  joystick.o
    0x20000224        -       0x00000014   Zero   RW          218    .bss.Init_PWM.GPIO_InitStruct  zumbador.o
    0x20000238        -       0x0000001c   Zero   RW          268    .bss.RDA5807M_ReadReg  radio.o
    0x20000254        -       0x00000020   Zero   RW          265    .bss.RDA5807M_WriteReg  radio.o
    0x20000274        -       0x00000004   Zero   RW          502    .bss.SPI1_Info.0    spi_stm32f4xx.o
    0x20000278        -       0x00000001   Zero   RW          505    .bss.SPI1_Info.1.0  spi_stm32f4xx.o
    0x20000279   COMPRESSED   0x00000003   PAD
    0x2000027c        -       0x00000001   Zero   RW          506    .bss.SPI1_Info.1.1  spi_stm32f4xx.o
    0x2000027d   COMPRESSED   0x00000001   PAD
    0x2000027e        -       0x00000001   Zero   RW          507    .bss.SPI1_Info.1.2  spi_stm32f4xx.o
    0x2000027f   COMPRESSED   0x00000001   PAD
    0x20000280        -       0x00000004   Zero   RW          503    .bss.SPI1_Info.2    spi_stm32f4xx.o
    0x20000284        -       0x00000004   Zero   RW          504    .bss.SPI1_Info.3    spi_stm32f4xx.o
    0x20000288        -       0x0000001c   Zero   RW          501    .bss.SPI1_TransferInfo  spi_stm32f4xx.o
    0x200002a4        -       0x00000014   Zero   RW          614    .bss.USART3_Info    usart_stm32f4xx.o
    0x200002b8        -       0x00000024   Zero   RW          615    .bss.USART3_TransferInfo  usart_stm32f4xx.o
    0x200002dc        -       0x00000014   Zero   RW          619    .bss.USART6_Info    usart_stm32f4xx.o
    0x200002f0        -       0x00000024   Zero   RW          620    .bss.USART6_TransferInfo  usart_stm32f4xx.o
    0x20000314        -       0x00000004   Zero   RW          262    .bss._accion        radio.o
    0x20000318        -       0x00000004   Zero   RW          259    .bss._freq          radio.o
    0x2000031c        -       0x00000004   Zero   RW           85    .bss.accion         principal.o
    0x20000320        -       0x00000048   Zero   RW          205    .bss.adchandle      volumen.o
    0x20000368        -       0x00000004   Zero   RW           86    .bss.anterior_a     principal.o
    0x2000036c        -       0x00000004   Zero   RW           82    .bss.anterior_f     principal.o
    0x20000370        -       0x00000004   Zero   RW           83    .bss.anterior_v     principal.o
    0x20000374        -       0x00000004   Zero   RW           92    .bss.aux_freq       principal.o
    0x20000378        -       0x00000004   Zero   RW           84    .bss.aux_vol        principal.o
    0x2000037c        -       0x00000200   Zero   RW           68    .bss.buffer         lcd.o
    0x2000057c        -       0x00000004   Zero   RW          289    .bss.exec_hora      hora.o
    0x20000580        -       0x00000004   Zero   RW          131    .bss.exec_pulsacion_corta  joystick.o
    0x20000584        -       0x00000004   Zero   RW          133    .bss.exec_pulsacion_larga  joystick.o
    0x20000588        -       0x00000004   Zero   RW          263    .bss.freq           radio.o
    0x2000058c        -       0x00000004   Zero   RW          288    .bss.horas          hora.o
    0x20000590        -       0x00000040   Zero   RW          219    .bss.htim2          zumbador.o
    0x200005d0        -       0x00000001   Zero   RW           63    .bss.invertirCaracter  lcd.o
    0x200005d1        -       0x00000001   Zero   RW          136    .bss.joy            joystick.o
    0x200005d2        -       0x00000019   Zero   RW           66    .bss.lcd            lcd.o
    0x200005eb   COMPRESSED   0x00000001   PAD
    0x200005ec        -       0x00000004   Zero   RW           90    .bss.mid_BACKQueue  principal.o
    0x200005f0        -       0x00000004   Zero   RW          176    .bss.mid_COMQueue   com.o
    0x200005f4        -       0x00000004   Zero   RW          130    .bss.mid_JoystickQueue  joystick.o
    0x200005f8        -       0x00000004   Zero   RW           64    .bss.mid_LCDQueue   lcd.o
    0x200005fc        -       0x00000004   Zero   RW          260    .bss.mid_RADIOQueue  radio.o
    0x20000600        -       0x00000004   Zero   RW          109    .bss.mid_TEMPQueue  temperatura.o
    0x20000604        -       0x00000004   Zero   RW          203    .bss.mid_VolQueue   volumen.o
    0x20000608        -       0x00000004   Zero   RW          287    .bss.minutos        hora.o
    0x2000060c        -       0x0000001c   Zero   RW          220    .bss.octim2         zumbador.o
    0x20000628        -       0x00008040   Zero   RW          314    .bss.os             rtx_lib.o
    0x20008668        -       0x00000001   Zero   RW         2302    .bss.os             RTX_CM3.lib(os_systick.o)
    0x20008669   COMPRESSED   0x00000003   PAD
    0x2000866c        -       0x00000034   Zero   RW          326    .bss.os.msgqueue.cb  rtx_lib.o
    0x200086a0        -       0x00000050   Zero   RW          327    .bss.os.msgqueue.mem  rtx_lib.o
    0x200086f0        -       0x00000484   Zero   RW          323    .bss.os.thread.cb   rtx_lib.o
    0x20008b74   COMPRESSED   0x00000004   PAD
    0x20008b78        -       0x00000200   Zero   RW          324    .bss.os.thread.idle.stack  rtx_lib.o
    0x20008d78        -       0x00000200   Zero   RW          325    .bss.os.thread.timer.stack  rtx_lib.o
    0x20008f78        -       0x00000001   Zero   RW          328    .bss.os_kernel_is_active.os_kernel_active  rtx_lib.o
    0x20008f79   COMPRESSED   0x00000001   PAD
    0x20008f7a        -       0x00000002   Zero   RW           61    .bss.posicionL1     lcd.o
    0x20008f7c        -       0x00000002   Zero   RW           62    .bss.posicionL2     lcd.o
    0x20008f7e   COMPRESSED   0x00000002   PAD
    0x20008f80        -       0x00000004   Zero   RW          266    .bss.power          radio.o
    0x20008f84        -       0x00000004   Zero   RW          286    .bss.segundos       hora.o
    0x20008f88        -       0x00000004   Zero   RW          111    .bss.temperatura    temperatura.o
    0x20008f8c        -       0x00000004   Zero   RW          175    .bss.tid_Com        com.o
    0x20008f90        -       0x00000004   Zero   RW          291    .bss.tid_Hora       hora.o
    0x20008f94        -       0x00000004   Zero   RW          135    .bss.tid_Joystick   joystick.o
    0x20008f98        -       0x00000004   Zero   RW           65    .bss.tid_LCD        lcd.o
    0x20008f9c        -       0x00000004   Zero   RW          221    .bss.tid_PWM        zumbador.o
    0x20008fa0        -       0x00000004   Zero   RW           91    .bss.tid_Principal  principal.o
    0x20008fa4        -       0x00000004   Zero   RW          261    .bss.tid_Radio      radio.o
    0x20008fa8        -       0x00000004   Zero   RW          110    .bss.tid_TEMP       temperatura.o
    0x20008fac        -       0x00000004   Zero   RW          204    .bss.tid_Volumen    volumen.o
    0x20008fb0        -       0x00000004   Zero   RW          290    .bss.tim_id_hora    hora.o
    0x20008fb4        -       0x00000004   Zero   RW          132    .bss.tim_id_pulsacion_corta  joystick.o
    0x20008fb8        -       0x00000004   Zero   RW          134    .bss.tim_id_pulsacion_larga  joystick.o
    0x20008fbc        -       0x00000004   Zero   RW          267    .bss.volume         radio.o
    0x20008fc0        -       0x00000004   Zero   RW          264    .bss.volumen        radio.o
    0x20008fc4   COMPRESSED   0x00000004   PAD
    0x20008fc8        -       0x00000200   Zero   RW         1801    HEAP                startup_stm32f429xx.o
    0x200091c8        -       0x00000400   Zero   RW         1800    STACK               startup_stm32f429xx.o


==============================================================================

Image component sizes


      Code (inc. data)   RO Data    RW Data    ZI Data      Debug   Object Name

       236          0          0          0          0       5391   adc.o
       220          0          0          0          8       4102   com.o
       232          0          0          0         24       1394   hora.o
      4840         16        192          0         80      21105   i2c_stm32f4xx.o
       622          0          0          0         45       5623   joystick.o
      1406          0       2400          4        570       8322   lcd.o
       356          0          0          0          4       3662   main.o
      2786        188        250         96         32       5601   principal.o
       904          0          0         24         92       5149   radio.o
         4          0          0          0          0        684   rtx_config.o
       128          0        268         24      35145       7401   rtx_lib.o
      2174         26         44          0         43      16410   spi_stm32f4xx.o
        64         26        428          0       1536        836   startup_stm32f429xx.o
       182          0          0          5          0       8006   stm32f4xx_hal.o
      1102          0          0          0          0      10917   stm32f4xx_hal_adc.o
       346          0          0          0          0      11146   stm32f4xx_hal_cortex.o
       630         12          0          0          0       9489   stm32f4xx_hal_dma.o
       718          0          0          0          0       5424   stm32f4xx_hal_gpio.o
      1358          0          0          0          0       7588   stm32f4xx_hal_rcc.o
      1164         36          0          0          0      38558   stm32f4xx_hal_tim.o
       116          0          0          0          0       1212   stm32f4xx_it.o
       142          0         24          4          0       2786   system_stm32f4xx.o
       336          0          0          0         12       3101   temperatura.o
      5132         84        208          0        112      25000   usart_stm32f4xx.o
       188          0          0          0         80       3796   volumen.o
       274          0          0          0        116       5265   zumbador.o

    ----------------------------------------------------------------------
     25848        388       3848        160      37920     217968   Object Totals
         0          0         32          0          0          0   (incl. Generated)
       188          0          2          3         21          0   (incl. Padding)

    ----------------------------------------------------------------------

      Code (inc. data)   RO Data    RW Data    ZI Data      Debug   Library Member Name

       148          8          0          0          0        591   irq_armv7m.o
       114         20          0          0          1       3197   os_systick.o
        58          4          0          0          0       2791   rtx_delay.o
       596         48         11        164          0      16501   rtx_kernel.o
       228          0          0          0          0       2537   rtx_memory.o
       188          0          0          0          0      16008   rtx_mempool.o
      1342         24          0          0          0      18657   rtx_msgqueue.o
       882         28          0          0          0       9962   rtx_mutex.o
       364         14          0          0          0       5296   rtx_system.o
      2100         72          0          0          0      31735   rtx_thread.o
       548         32          0          0          0      10397   rtx_timer.o
        58          0          0          0          0          0   __dczerorl.o
         8          0          0          0          0         68   __main.o
       312          4         17          0          0         92   __printf_flags_wp.o
        14          0          0          0          0         68   __printf_wp.o
         0          0          0          0          0          0   __rtentry.o
        20          0          0          0          0          0   __rtentry2.o
         6          0          0          0          0          0   __rtentry4.o
        52          8          0          0          0          0   __scatter.o
        28          0          0          0          0          0   __scatter_zi.o
        48          6          0          0          0         96   _printf_char_common.o
         6          0          0          0          0          0   _printf_d.o
       120         16          0          0          0         92   _printf_dec.o
         6          0          0          0          0          0   _printf_f.o
      1052          0          0          0          0        148   _printf_fp_dec.o
       128         16          0          0          0         84   _printf_fp_infnan.o
       178          0          0          0          0         88   _printf_intcommon.o
        78          0          0          0          0        108   _printf_pad.o
         0          0          0          0          0          0   _printf_percent.o
         4          0          0          0          0          0   _printf_percent_end.o
        10          0          0          0          0         68   _sputc.o
       228          4        148          0          0         96   bigflt0.o
      1936        128          0          0          0        668   btod.o
        18          0          0          0          0         80   exit.o
         6          0          0          0          0        152   heapauxi.o
         0          0          0          0          0          0   indicate_semi.o
        44         10         28          0          0         76   lc_numeric_c.o
         2          0          0          0          0          0   libinit.o
        18          0          0          0          0          0   libinit2.o
         2          0          0          0          0          0   libshutdown.o
         2          0          0          0          0          0   libshutdown2.o
         8          4          0          0         96         68   libspace.o
       138          0          0          0          0         80   lludiv10.o
       240          0          0          0          0        100   lludivv7m.o
        40          6          0          0          0         84   noretval__2sprintf.o
        10          0          0          0          0         76   rt_locale_twolibspace.o
        68          0          0          0          0         68   rt_memclr.o
        78          0          0          0          0         80   rt_memclr_w.o
       138          0          0          0          0         68   rt_memcpy_v6.o
       100          0          0          0          0         80   rt_memcpy_w.o
         2          0          0          0          0          0   rtexit.o
        10          0          0          0          0          0   rtexit2.o
       124          0          0          0          0         88   strcmpv7em.o
        62          0          0          0          0         76   strlen.o
        12          4          0          0          0         68   sys_exit.o
        74          0          0          0          0         80   sys_stackheap_outer.o
         2          0          0          0          0         68   use_no_semi.o
        98          4          0          0          0         92   d2f.o
       812         16          0          0          0        296   daddsub_clz.o
       692        140          0          0          0        216   ddiv.o
        94          4          0          0          0         92   dfix.o
        38          0          0          0          0         68   dflt_clz.o
       340         12          0          0          0        104   dmul.o
       156          4          0          0          0         92   dnaninf.o
        12          0          0          0          0         68   dretinf.o
        86          4          0          0          0         84   f2d.o
        84          0          0          0          0        196   fcmp.o
        24          0          0          0          0         68   fcmpi.o
       104          4          0          0          0         84   feqf.o
        54          4          0          0          0         84   ffix.o
        38          0          0          0          0         68   fflt_clz.o
       104          4          0          0          0         84   fgeqf.o
       104          4          0          0          0         84   fleqf.o
       258          4          0          0          0         84   fmul.o
       140          4          0          0          0         84   fnaninf.o
        10          0          0          0          0         68   fretinf.o
         4          0          0          0          0         68   printf1.o
         0          0          0          0          0          0   usenofp.o
        40          0          0          0          0         68   fpclassify.o

    ----------------------------------------------------------------------
     15392        664        208        164        100     122892   Library Totals
        42          0          4          0          3          0   (incl. Padding)

    ----------------------------------------------------------------------

      Code (inc. data)   RO Data    RW Data    ZI Data      Debug   Library Name

      6568        250         11        164          1     117672   RTX_CM3.lib
      5490        206        193          0         96       3068   c_w.l
      3252        208          0          0          0       2084   fz_ws.l
        40          0          0          0          0         68   m_ws.l

    ----------------------------------------------------------------------
     15392        664        208        164        100     122892   Library Totals

    ----------------------------------------------------------------------

==============================================================================


      Code (inc. data)   RO Data    RW Data    ZI Data      Debug   

     41240       1052       4056        324      38020     337556   Grand Totals
     41240       1052       4056        112      38020     337556   ELF Image Totals (compressed)
     41240       1052       4056        112          0          0   ROM Totals

==============================================================================

    Total RO  Size (Code + RO Data)                45296 (  44.23kB)
    Total RW  Size (RW Data + ZI Data)             38344 (  37.45kB)
    Total ROM Size (Code + RO Data + RW Data)      45408 (  44.34kB)

==============================================================================

